Microchip MPLAB XC8 Compiler V1.33 ()

Linker command line:

--edf=C:\Program Files (x86)\Microchip\xc8\v1.33\dat\en_msgs.txt -cs \
  -h+dist/UseXC8/production\PIC_Framework_3.X.production.sym \
  --cmf=dist/UseXC8/production\PIC_Framework_3.X.production.cmf -z \
  -Q18F46J50 -oC:\Users\daduang\AppData\Local\Temp\s31g.6 \
  -Mdist/UseXC8/production/PIC_Framework_3.X.production.map -E1 -ver=XC8 \
  -ASTACK=0985h-0ebfh -pstack=STACK -ACODE=00h-0FFF7h -ACONST=00h-0FFF7h \
  -ASMALLCONST=0F00h-0FFFhx240,0FF00h-0FFF7h -AMEDIUMCONST=0F00h-0FFF7h \
  -ACOMRAM=01h-05Fh -AABS1=00h-0EBFh -ABIGRAM=01h-0EBFh \
  -ARAM=060h-0FFh,0100h-01FFhx13,0E00h-0EBFh -ABANK0=060h-0FFh \
  -ABANK1=0100h-01FFh -ABANK2=0200h-02FFh -ABANK3=0300h-03FFh \
  -ABANK4=0400h-04FFh -ABANK5=0500h-05FFh -ABANK6=0600h-06FFh \
  -ABANK7=0700h-07FFh -ABANK8=0800h-08FFh -ABANK9=0900h-09FFh \
  -ABANK10=0A00h-0AFFh -ABANK11=0B00h-0BFFh -ABANK12=0C00h-0CFFh \
  -ABANK13=0D00h-0DFFh -ABANK14=0E00h-0EBFh \
  -ASFR=0EC0h-0EFFh,0F00h-0F5Fh,0F60h-0FFFh \
  -preset_vec=00h,intcode=08h,intcodelo=018h,powerup,init,end_init \
  -pramtop=0F00h -psmallconst=SMALLCONST -pmediumconst=MEDIUMCONST \
  -pconst=CONST -AFARRAM=00h-00h -ACONFIG=0FFF8h-0FFFFh -pconfig=CONFIG \
  -pjflash_buffer=0F800h \
  -prdata=COMRAM,nvrram=COMRAM,nvbit=COMRAM,rbss=COMRAM,rbit=COMRAM \
  -pfarbss=FARRAM,fardata=FARRAM,nvFARRAM=FARRAM \
  -pintsave_regs=BIGRAM,bigbss=BIGRAM,bigdata=BIGRAM -pbss=RAM \
  -pidata=CODE,irdata=CODE,ibigdata=CODE,ifardata=CODE \
  C:\Users\daduang\AppData\Local\Temp\s31g.obj \
  dist/UseXC8/production\PIC_Framework_3.X.production.obj 

Object code version is 3.11

Machine type is 18F46J50

Call graph: (short form)




                Name                               Link     Load   Length Selector   Space Scale
C:\Users\daduang\AppData\Local\Temp\s31g.obj
                end_init                             CA       CA        4        C       0
                reset_vec                             0        0        4        0       0
                config                             FFF8     FFF8        8     FFF8       0
dist/UseXC8/production\PIC_Framework_3.X.production.obj
                intcodelo                            18       18       B2        C       0
                intcode                               8        8       10        4       0
                text60                             201A     201A        6        C       0
                text59                             1D8C     1D8C       32        C       0
                text58                             1FF2     1FF2       10        C       0
                text57                             1BDC     1BDC       3E        C       0
                text56                             16E4     16E4       84        C       0
                text55                             12EC     12EC       C4        C       0
                text54                             1B0E     1B0E       50        C       0
                text53                              D04      D04      13E        C       0
                text52                             1D5A     1D5A       32        C       0
                text51                              F4E      F4E      10C        C       0
                text50                             1E6C     1E6C       2A        C       0
                text49                               CE       CE      49A        C       0
                intcode_body                       17E8     17E8       76        C       0
                text47                             1654     1654       90        C       0
                text46                             1B5E     1B5E       40        C       0
                text45                             105A     105A       E8        C       0
                text44                             1F04     1F04       24        C       0
                text43                             13B0     13B0       C0        C       0
                text42                             1F48     1F48       20        C       0
                text41                             1F28     1F28       20        C       0
                text40                             1FD0     1FD0       12        C       0
                text39                              A72      A72      154        C       0
                text38                             1FBE     1FBE       12        C       0
                text37                             1FAC     1FAC       12        C       0
                text36                             1DEC     1DEC       2C        C       0
                text35                             1F68     1F68       1E        C       0
                text34                             1142     1142       E6        C       0
                text33                             1EE0     1EE0       24        C       0
                text32                             1470     1470       B4        C       0
                text30                             185E     185E       70        C       0
                text29                             1E96     1E96       26        C       0
                text28                             1C56     1C56       3C        C       0
                text27                             1228     1228       C4        C       0
                text26                             1ABE     1ABE       50        C       0
                text25                              BC6      BC6      13E        C       0
                text24                             1D28     1D28       32        C       0
                text23                             1CF6     1CF6       32        C       0
                text22                             1F86     1F86       14        C       0
                text21                             1CC4     1CC4       32        C       0
                text20                             1FE2     1FE2       10        C       0
                text19                             1B9E     1B9E       3E        C       0
                text18                             1C1A     1C1A       3C        C       0
                text17                             15BE     15BE       96        C       0
                text16                             2010     2010        A        C       0
                text15                             1768     1768       80        C       0
                text14                              E42      E42      10C        C       0
                text13                             1E42     1E42       2A        C       0
                text12                             1524     1524       9A        C       0
                text11                             1936     1936       66        C       0
                text10                             199C     199C       64        C       0
                text9                              18CE     18CE       68        C       0
                text8                              1F9A     1F9A       12        C       0
                text7                              1DBE     1DBE       2E        C       0
                text6                              2002     2002        E        C       0
                text5                              1A00     1A00       60        C       0
                text4                              1A60     1A60       5E        C       0
                text3                              1C92     1C92       32        C       0
                text2                              1E18     1E18       2A        C       0
                text1                               8D8      8D8      19A        C       0
                text0                               568      568      370        C       0
                cstackCOMRAM                          1        1       3A        1       1
                cstackBANK0                          60       60       53       60       1
                cstackBANK1                         100      100       BD      100       1
                bssBIGRAM                           1BD      1BD      7C8      1BD       1
                bssBANK0                             B5       B5        1       60       1
                bssCOMRAM                            3D       3D        1        1       1
                cinit                              1EBC     1EBC       24        C       0
                nvBANK0                              B3       B3        2       60       1
                nvCOMRAM                             3B       3B        2        1       1

TOTAL           Name                               Link     Load   Length     Space
        CLASS   STACK          

        CLASS   CODE           
                end_init                             CA       CA        4         0
                intcodelo                            18       18       B2         0
                intcode                               8        8       10         0
                reset_vec                             0        0        4         0
                text60                             201A     201A        6         0
                text59                             1D8C     1D8C       32         0
                text58                             1FF2     1FF2       10         0
                text57                             1BDC     1BDC       3E         0
                text56                             16E4     16E4       84         0
                text55                             12EC     12EC       C4         0
                text54                             1B0E     1B0E       50         0
                text53                              D04      D04      13E         0
                text52                             1D5A     1D5A       32         0
                text51                              F4E      F4E      10C         0
                text50                             1E6C     1E6C       2A         0
                text49                               CE       CE      49A         0
                intcode_body                       17E8     17E8       76         0
                text47                             1654     1654       90         0
                text46                             1B5E     1B5E       40         0
                text45                             105A     105A       E8         0
                text44                             1F04     1F04       24         0
                text43                             13B0     13B0       C0         0
                text42                             1F48     1F48       20         0
                text41                             1F28     1F28       20         0
                text40                             1FD0     1FD0       12         0
                text39                              A72      A72      154         0
                text38                             1FBE     1FBE       12         0
                text37                             1FAC     1FAC       12         0
                text36                             1DEC     1DEC       2C         0
                text35                             1F68     1F68       1E         0
                text34                             1142     1142       E6         0
                text33                             1EE0     1EE0       24         0
                text32                             1470     1470       B4         0
                text30                             185E     185E       70         0
                text29                             1E96     1E96       26         0
                text28                             1C56     1C56       3C         0
                text27                             1228     1228       C4         0
                text26                             1ABE     1ABE       50         0
                text25                              BC6      BC6      13E         0
                text24                             1D28     1D28       32         0
                text23                             1CF6     1CF6       32         0
                text22                             1F86     1F86       14         0
                text21                             1CC4     1CC4       32         0
                text20                             1FE2     1FE2       10         0
                text19                             1B9E     1B9E       3E         0
                text18                             1C1A     1C1A       3C         0
                text17                             15BE     15BE       96         0
                text16                             2010     2010        A         0
                text15                             1768     1768       80         0
                text14                              E42      E42      10C         0
                text13                             1E42     1E42       2A         0
                text12                             1524     1524       9A         0
                text11                             1936     1936       66         0
                text10                             199C     199C       64         0
                text9                              18CE     18CE       68         0
                text8                              1F9A     1F9A       12         0
                text7                              1DBE     1DBE       2E         0
                text6                              2002     2002        E         0
                text5                              1A00     1A00       60         0
                text4                              1A60     1A60       5E         0
                text3                              1C92     1C92       32         0
                text2                              1E18     1E18       2A         0
                text1                               8D8      8D8      19A         0
                text0                               568      568      370         0
                cinit                              1EBC     1EBC       24         0

        CLASS   CONST          

        CLASS   SMALLCONST     

        CLASS   MEDIUMCONST    

        CLASS   COMRAM         
                cstackCOMRAM                          1        1       3A         1
                bssCOMRAM                            3D       3D        1         1
                nvCOMRAM                             3B       3B        2         1

        CLASS   ABS1           

        CLASS   BIGRAM         
                bssBIGRAM                           1BD      1BD      7C8         1

        CLASS   RAM            

        CLASS   BANK0          
                cstackBANK0                          60       60       53         1
                bssBANK0                             B5       B5        1         1
                nvBANK0                              B3       B3        2         1

        CLASS   BANK1          
                cstackBANK1                         100      100       BD         1

        CLASS   BANK2          

        CLASS   BANK3          

        CLASS   BANK4          

        CLASS   BANK5          

        CLASS   BANK6          

        CLASS   BANK7          

        CLASS   BANK8          

        CLASS   BANK9          

        CLASS   BANK10         

        CLASS   BANK11         

        CLASS   BANK12         

        CLASS   BANK13         

        CLASS   BANK14         

        CLASS   SFR            

        CLASS   FARRAM         

        CLASS   CONFIG         
                config                             FFF8     FFF8        8         0

        CLASS   IDLOC          



SEGMENTS        Name                           Load    Length   Top    Selector   Space  Class

                reset_vec                      000000  000004  000004         0       0  CODE    
                cstackCOMRAM                   000001  00003D  00003E         1       1  COMRAM  
                intcode                        000008  000010  000018         4       0  CODE    
                intcodelo                      000018  002008  002020         C       0  CODE    
                cstackBANK0                    000060  000056  0000B6        60       1  BANK0   
                cstackBANK1                    000100  0000BD  0001BD       100       1  BANK1   
                bssBIGRAM                      0001BD  0007C8  000985       1BD       1  BIGRAM  
                config                         00FFF8  000008  010000      FFF8       0  CONFIG  


UNUSED ADDRESS RANGES

        Name                Unused          Largest block    Delta
        BANK0            000B6-000FF              4A
        BANK10           00A00-00AFF             100
        BANK11           00B00-00BFF             100
        BANK12           00C00-00CFF             100
        BANK13           00D00-00DFF             100
        BANK14           00E00-00EBF              C0
        BANK9            00985-009FF              7B
        BIGRAM           0003E-0005F              22
                         000B6-000FF              4A
                         00985-00EBF             53B
        CODE             00004-00007               4
                         02020-0FFF7            DFD8
        COMRAM           0003E-0005F              22
        CONST            00004-00007               4
                         02020-0FFF7            DFD8
        MEDIUMCONST      02020-0FFF7            DFD8
        RAM              000B6-000FF              4A
                         00985-00EBF             100
        SFR              00EC0-00FFF              60
        SMALLCONST       02020-0FFF7             100
        STACK            00985-00EBF             53B

                                  Symbol Table

?_ReadTimer1                     cstackCOMRAM  00001
?___awmod                        cstackBANK0   00090
?___lwmod                        cstackBANK0   00090
?_in_high_int                    cstackBANK0   00090
?_in_low_int                     cstackBANK0   00092
?_in_main                        cstackBANK0   00094
?i1___awmod                      cstackCOMRAM  00001
?i2___awmod                      cstackBANK0   00060
?i2_in_high_int                  cstackBANK0   00060
?i2_in_low_int                   cstackBANK0   00062
Delay1KTCYx@unit                 cstackBANK0   00090
FromMainHigh_recvmsg@data        cstackCOMRAM  0001B
FromMainHigh_recvmsg@maxlength   cstackCOMRAM  0001D
FromMainHigh_recvmsg@msgtype     cstackCOMRAM  00019
FromMainHigh_sendmsg@data        cstackBANK0   000A7
FromMainHigh_sendmsg@length      cstackBANK0   000A9
FromMainHigh_sendmsg@msgtype     cstackBANK0   000A6
FromMainLow_recvmsg@data         cstackCOMRAM  0001B
FromMainLow_recvmsg@maxlength    cstackCOMRAM  0001D
FromMainLow_recvmsg@msgtype      cstackCOMRAM  00019
FromMainLow_sendmsg@data         cstackBANK0   000A7
FromMainLow_sendmsg@length       cstackBANK0   000A9
FromMainLow_sendmsg@msgtype      cstackBANK0   000A6
Open1USART@config                cstackBANK0   00095
Open1USART@spbrg                 cstackBANK0   00090
OpenTimer0@config                cstackBANK0   00090
OpenTimer1@config                cstackBANK0   00092
OpenTimer1@config1               cstackBANK0   00090
Read1USART@data                  cstackCOMRAM  00001
ReadTimer1@timer                 cstackCOMRAM  00003
ToMainHigh_recvmsg@data          cstackBANK0   000AA
ToMainHigh_recvmsg@maxlength     cstackBANK0   000AC
ToMainHigh_recvmsg@msgtype       cstackBANK0   000A8
ToMainHigh_sendmsg@data          cstackCOMRAM  00018
ToMainHigh_sendmsg@length        cstackCOMRAM  0001A
ToMainHigh_sendmsg@msgtype       cstackCOMRAM  00017
ToMainLow_recvmsg@data           cstackBANK0   000AA
ToMainLow_recvmsg@maxlength      cstackBANK0   000AC
ToMainLow_recvmsg@msgtype        cstackBANK0   000A8
ToMainLow_sendmsg@data           cstackCOMRAM  00018
ToMainLow_sendmsg@length         cstackCOMRAM  0001A
ToMainLow_sendmsg@msgtype        cstackCOMRAM  00017
WriteTimer0@timer                cstackCOMRAM  00003
WriteTimer0@timer0               cstackCOMRAM  00001
WriteTimer1@timer                cstackCOMRAM  00003
WriteTimer1@timer1               cstackCOMRAM  00001
_BAUDCONbits                     (abs)         00F7E
_Delay1KTCYx                     text22        01F86
_FromMainHigh_MQ                 bssBIGRAM     001BD
_FromMainHigh_recvmsg            text44        01F04
_FromMainHigh_sendmsg            text13        01E42
_FromMainLow_MQ                  bssBIGRAM     00309
_FromMainLow_recvmsg             text33        01EE0
_FromMainLow_sendmsg             text2         01E18
_INTCON2bits                     (abs)         00FF1
_INTCONbits                      (abs)         00FF2
_IPR1bits                        (abs)         00F9F
_InterruptHandlerHigh            intcode       00008
_InterruptHandlerLow             intcodelo     00018
_LATAbits                        (abs)         00F89
_LATEbits                        (abs)         00F8D
_MQ_Main_Willing_to_block        bssBANK0      000B5
_MotorData_MQ                    bssBIGRAM     00455
_OSCCON                          (abs)         00FD3
_OSCCONbits                      (abs)         00FD3
_OSCTUNEbits                     (abs)         00F9B
_Open1USART                      text30        0185E
_OpenTimer0                      text29        01E96
_OpenTimer1                      text28        01C56
_PIE1bits                        (abs)         00F9D
_PIR1bits                        (abs)         00F9E
_RCONbits                        (abs)         00FD0
_RCREG1                          (abs)         00FAF
_RCSTA1                          (abs)         00FAC
_RCSTA1bits                      (abs)         00FAC
_RCSTAbits                       (abs)         00FAC
_Read1USART                      text35        01F68
_ReadTimer1                      text38        01FBE
_SPBRG1                          (abs)         00FB0
_SPBRGH1                         (abs)         00F7F
_SSP1BUF                         (abs)         00FC9
_SSP1CON2bits                    (abs)         00FC5
_SSP1STATbits                    (abs)         00FC7
_SSPADD                          (abs)         00FC8
_SSPCON1                         (abs)         00FC6
_SSPCON1bits                     (abs)         00FC6
_SSPCON2                         (abs)         00FC5
_SSPSTAT                         (abs)         00FC7
_SSPSTATbits                     (abs)         00FC7
_SensorData_MQ                   bssBIGRAM     005A1
_SleepIfOkay                     text56        016E4
_T0CON                           (abs)         00FD5
_T0CONbits                       (abs)         00FD5
_T1CON                           (abs)         00FCD
_T1CONbits                       (abs)         00FCD
_T1GCON                          (abs)         00F9A
_T1GCONbits                      (abs)         00F9A
_TMR0H                           (abs)         00FD7
_TMR0L                           (abs)         00FD6
_TMR1H                           (abs)         00FCF
_TMR1L                           (abs)         00FCE
_TRISAbits                       (abs)         00F92
_TRISBbits                       (abs)         00F93
_TRISCbits                       (abs)         00F94
_TRISEbits                       (abs)         00F96
_TXREG1                          (abs)         00FAE
_TXSTA1                          (abs)         00FAD
_TXSTA1bits                      (abs)         00FAD
_ToMainHigh_MQ                   bssBIGRAM     006ED
_ToMainHigh_recvmsg              text24        01D28
_ToMainHigh_sendmsg              text42        01F48
_ToMainLow_MQ                    bssBIGRAM     00839
_ToMainLow_recvmsg               text23        01CF6
_ToMainLow_sendmsg               text41        01F28
_USART1_Status                   bssCOMRAM     0003D
_WriteTimer0                     text40        01FD0
_WriteTimer1                     text37        01FAC
__CFG_CP0$OFF                    (abs)         00000
__CFG_CPUDIV$OSC1                (abs)         00000
__CFG_DSBOREN$OFF                (abs)         00000
__CFG_DSWDTEN$OFF                (abs)         00000
__CFG_DSWDTOSC$T1OSCREF          (abs)         00000
__CFG_DSWDTPS$G2                 (abs)         00000
__CFG_FCMEN$OFF                  (abs)         00000
__CFG_IESO$ON                    (abs)         00000
__CFG_IOL1WAY$ON                 (abs)         00000
__CFG_LPT1OSC$OFF                (abs)         00000
__CFG_MSSP7B_EN$MSK7             (abs)         00000
__CFG_OSC$HSPLL                  (abs)         00000
__CFG_PLLDIV$3                   (abs)         00000
__CFG_RTCOSC$T1OSCREF            (abs)         00000
__CFG_STVREN$OFF                 (abs)         00000
__CFG_T1DIG$OFF                  (abs)         00000
__CFG_WDTEN$OFF                  (abs)         00000
__CFG_WDTPS$32768                (abs)         00000
__CFG_WPCFG$OFF                  (abs)         00000
__CFG_WPDIS$OFF                  (abs)         00000
__CFG_WPEND$PAGE_WPFP            (abs)         00000
__CFG_WPFP$PAGE_63               (abs)         00000
__CFG_XINST$OFF                  (abs)         00000
__HRAM                           (abs)         00000
__Habs1                          abs1          00000
__Hbank0                         bank0         00000
__Hbank1                         bank1         00000
__Hbank10                        bank10        00000
__Hbank11                        bank11        00000
__Hbank12                        bank12        00000
__Hbank13                        bank13        00000
__Hbank14                        bank14        00000
__Hbank2                         bank2         00000
__Hbank3                         bank3         00000
__Hbank4                         bank4         00000
__Hbank5                         bank5         00000
__Hbank6                         bank6         00000
__Hbank7                         bank7         00000
__Hbank8                         bank8         00000
__Hbank9                         bank9         00000
__Hbigbss                        bigbss        00000
__Hbigdata                       bigdata       00000
__Hbigram                        bigram        00000
__Hbss                           bss           00000
__HbssBANK0                      bssBANK0      00000
__HbssBIGRAM                     bssBIGRAM     00000
__HbssCOMRAM                     bssCOMRAM     00000
__Hcinit                         cinit         00000
__Hclrtext                       clrtext       00000
__Hcomram                        comram        00000
__Hconfig                        config        10000
__Hconst                         const         00000
__HcstackBANK0                   cstackBANK0   00000
__HcstackBANK1                   cstackBANK1   00000
__HcstackCOMRAM                  cstackCOMRAM  00000
__Hdata                          data          00000
__Hend_init                      end_init      000CE
__Hfarbss                        farbss        00000
__Hfardata                       fardata       00000
__Hibigdata                      ibigdata      00000
__Hidata                         idata         00000
__Hidloc                         idloc         00000
__Hifardata                      ifardata      00000
__Hinit                          init          000CA
__Hintcode                       intcode       00018
__Hintcode_body                  intcode_body  00000
__Hintcodelo                     intcodelo     000CA
__Hintentry                      intentry      00000
__Hintret                        intret        00000
__Hintsave_regs                  intsave_regs  00000
__Hirdata                        irdata        00000
__Hjflash_buffer                 jflash_buffer 0F800
__Hmediumconst                   mediumconst   00000
__HnvBANK0                       nvBANK0       00000
__HnvCOMRAM                      nvCOMRAM      00000
__HnvFARRAM                      nvFARRAM      00000
__Hnvbit                         nvbit         00000
__Hnvrram                        nvrram        00000
__Hparam                         param0        00000
__Hparam0                        param0        00000
__Hpowerup                       powerup       000CA
__Hram                           ram           00000
__Hramtop                        ramtop        00F00
__Hrbit                          rbit          00000
__Hrbss                          rbss          00000
__Hrdata                         rdata         00000
__Hreset_vec                     reset_vec     00004
__Hsfr                           sfr           00000
__Hsmallconst                    smallconst    00000
__Hspace_0                       (abs)         10000
__Hspace_1                       (abs)         00985
__Hspace_2                       (abs)         00000
__Hstack                         stack         00000
__Hstruct                        struct        00000
__Htemp                          temp          00000
__Htext                          text          00000
__Htext0                         text0         00000
__Htext1                         text1         00000
__Htext10                        text10        00000
__Htext11                        text11        00000
__Htext12                        text12        00000
__Htext13                        text13        00000
__Htext14                        text14        00000
__Htext15                        text15        00000
__Htext16                        text16        00000
__Htext17                        text17        00000
__Htext18                        text18        00000
__Htext19                        text19        00000
__Htext2                         text2         00000
__Htext20                        text20        00000
__Htext21                        text21        00000
__Htext22                        text22        00000
__Htext23                        text23        00000
__Htext24                        text24        00000
__Htext25                        text25        00000
__Htext26                        text26        00000
__Htext27                        text27        00000
__Htext28                        text28        00000
__Htext29                        text29        00000
__Htext3                         text3         00000
__Htext30                        text30        00000
__Htext32                        text32        00000
__Htext33                        text33        00000
__Htext34                        text34        00000
__Htext35                        text35        00000
__Htext36                        text36        00000
__Htext37                        text37        00000
__Htext38                        text38        00000
__Htext39                        text39        00000
__Htext4                         text4         00000
__Htext40                        text40        00000
__Htext41                        text41        00000
__Htext42                        text42        00000
__Htext43                        text43        00000
__Htext44                        text44        00000
__Htext45                        text45        00000
__Htext46                        text46        00000
__Htext47                        text47        00000
__Htext49                        text49        00000
__Htext5                         text5         00000
__Htext50                        text50        00000
__Htext51                        text51        00000
__Htext52                        text52        00000
__Htext53                        text53        00000
__Htext54                        text54        00000
__Htext55                        text55        00000
__Htext56                        text56        00000
__Htext57                        text57        00000
__Htext58                        text58        00000
__Htext59                        text59        00000
__Htext6                         text6         00000
__Htext60                        text60        00000
__Htext7                         text7         00000
__Htext8                         text8         00000
__Htext9                         text9         00000
__LRAM                           (abs)         00001
__Labs1                          abs1          00000
__Lbank0                         bank0         00000
__Lbank1                         bank1         00000
__Lbank10                        bank10        00000
__Lbank11                        bank11        00000
__Lbank12                        bank12        00000
__Lbank13                        bank13        00000
__Lbank14                        bank14        00000
__Lbank2                         bank2         00000
__Lbank3                         bank3         00000
__Lbank4                         bank4         00000
__Lbank5                         bank5         00000
__Lbank6                         bank6         00000
__Lbank7                         bank7         00000
__Lbank8                         bank8         00000
__Lbank9                         bank9         00000
__Lbigbss                        bigbss        00000
__Lbigdata                       bigdata       00000
__Lbigram                        bigram        00000
__Lbss                           bss           00000
__LbssBANK0                      bssBANK0      00000
__LbssBIGRAM                     bssBIGRAM     00000
__LbssCOMRAM                     bssCOMRAM     00000
__Lcinit                         cinit         00000
__Lclrtext                       clrtext       00000
__Lcomram                        comram        00000
__Lconfig                        config        0FFF8
__Lconst                         const         00000
__LcstackBANK0                   cstackBANK0   00000
__LcstackBANK1                   cstackBANK1   00000
__LcstackCOMRAM                  cstackCOMRAM  00000
__Ldata                          data          00000
__Lend_init                      end_init      000CA
__Lfarbss                        farbss        00000
__Lfardata                       fardata       00000
__Libigdata                      ibigdata      00000
__Lidata                         idata         00000
__Lidloc                         idloc         00000
__Lifardata                      ifardata      00000
__Linit                          init          000CA
__Lintcode                       intcode       00008
__Lintcode_body                  intcode_body  00000
__Lintcodelo                     intcodelo     00018
__Lintentry                      intentry      00000
__Lintret                        intret        00000
__Lintsave_regs                  intsave_regs  00000
__Lirdata                        irdata        00000
__Ljflash_buffer                 jflash_buffer 0F800
__Lmediumconst                   mediumconst   00000
__LnvBANK0                       nvBANK0       00000
__LnvCOMRAM                      nvCOMRAM      00000
__LnvFARRAM                      nvFARRAM      00000
__Lnvbit                         nvbit         00000
__Lnvrram                        nvrram        00000
__Lparam                         param0        00000
__Lparam0                        param0        00000
__Lpowerup                       powerup       000CA
__Lram                           ram           00000
__Lramtop                        ramtop        00F00
__Lrbit                          rbit          00000
__Lrbss                          rbss          00000
__Lrdata                         rdata         00000
__Lreset_vec                     reset_vec     00000
__Lsfr                           sfr           00000
__Lsmallconst                    smallconst    00000
__Lspace_0                       (abs)         00000
__Lspace_1                       (abs)         00000
__Lspace_2                       (abs)         00000
__Lstack                         stack         00000
__Lstruct                        struct        00000
__Ltemp                          temp          00000
__Ltext                          text          00000
__Ltext0                         text0         00000
__Ltext1                         text1         00000
__Ltext10                        text10        00000
__Ltext11                        text11        00000
__Ltext12                        text12        00000
__Ltext13                        text13        00000
__Ltext14                        text14        00000
__Ltext15                        text15        00000
__Ltext16                        text16        00000
__Ltext17                        text17        00000
__Ltext18                        text18        00000
__Ltext19                        text19        00000
__Ltext2                         text2         00000
__Ltext20                        text20        00000
__Ltext21                        text21        00000
__Ltext22                        text22        00000
__Ltext23                        text23        00000
__Ltext24                        text24        00000
__Ltext25                        text25        00000
__Ltext26                        text26        00000
__Ltext27                        text27        00000
__Ltext28                        text28        00000
__Ltext29                        text29        00000
__Ltext3                         text3         00000
__Ltext30                        text30        00000
__Ltext32                        text32        00000
__Ltext33                        text33        00000
__Ltext34                        text34        00000
__Ltext35                        text35        00000
__Ltext36                        text36        00000
__Ltext37                        text37        00000
__Ltext38                        text38        00000
__Ltext39                        text39        00000
__Ltext4                         text4         00000
__Ltext40                        text40        00000
__Ltext41                        text41        00000
__Ltext42                        text42        00000
__Ltext43                        text43        00000
__Ltext44                        text44        00000
__Ltext45                        text45        00000
__Ltext46                        text46        00000
__Ltext47                        text47        00000
__Ltext49                        text49        00000
__Ltext5                         text5         00000
__Ltext50                        text50        00000
__Ltext51                        text51        00000
__Ltext52                        text52        00000
__Ltext53                        text53        00000
__Ltext54                        text54        00000
__Ltext55                        text55        00000
__Ltext56                        text56        00000
__Ltext57                        text57        00000
__Ltext58                        text58        00000
__Ltext59                        text59        00000
__Ltext6                         text6         00000
__Ltext60                        text60        00000
__Ltext7                         text7         00000
__Ltext8                         text8         00000
__Ltext9                         text9         00000
__S0                             (abs)         10000
__S1                             (abs)         00985
__S2                             (abs)         00000
___awmod                         text27        01228
___awmod@counter                 cstackBANK0   00094
___awmod@dividend                cstackBANK0   00090
___awmod@divisor                 cstackBANK0   00092
___awmod@sign                    cstackBANK0   00095
___inthi_sp                      stack         00000
___intlo_sp                      stack         00000
___lwmod                         text5         01A00
___lwmod@counter                 cstackBANK0   00094
___lwmod@dividend                cstackBANK0   00090
___lwmod@divisor                 cstackBANK0   00092
___sp                            stack         00000
__accesstop                      (abs)         00060
__activetblptr                   (abs)         00002
__end_of_Delay1KTCYx             text22        01F9A
__end_of_FromMainHigh_recvmsg    text44        01F28
__end_of_FromMainHigh_sendmsg    text13        01E6C
__end_of_FromMainLow_recvmsg     text33        01F04
__end_of_FromMainLow_sendmsg     text2         01E42
__end_of_InterruptHandlerHigh    intcode_body  0185E
__end_of_InterruptHandlerLow     intcodelo     000CA
__end_of_Open1USART              text30        018CE
__end_of_OpenTimer0              text29        01EBC
__end_of_OpenTimer1              text28        01C92
__end_of_Read1USART              text35        01F86
__end_of_ReadTimer1              text38        01FD0
__end_of_SleepIfOkay             text56        01768
__end_of_ToMainHigh_recvmsg      text24        01D5A
__end_of_ToMainHigh_sendmsg      text42        01F68
__end_of_ToMainLow_recvmsg       text23        01D28
__end_of_ToMainLow_sendmsg       text41        01F48
__end_of_WriteTimer0             text40        01FE2
__end_of_WriteTimer1             text37        01FBE
__end_of___awmod                 text27        012EC
__end_of___lwmod                 text5         01A60
__end_of__initialization         cinit         01ED6
__end_of_block_on_To_msgqueues   text17        01654
__end_of_check_msg               text21        01CF6
__end_of_enable_interrupts       text16        0201A
__end_of_enter_sleep_mode        text60        02020
__end_of_i2c_configure_master    text15        017E8
__end_of_i2c_master_int_handler  text49        00568
__end_of_i2c_master_send         text12        015BE
__end_of_in_high_int             text20        01FF2
__end_of_in_low_int              text19        01BDC
__end_of_in_main                 text18        01C56
__end_of_init_i2c                text11        0199C
__end_of_init_queue              text10        01A00
__end_of_init_queues             text9         01936
__end_of_init_timer1_lthread     text8         01FAC
__end_of_init_uart_recv          text7         01DEC
__end_of_main                    text0         008D8
__end_of_memcpy                  text26        01B0E
__end_of_recv_msg                text25        00D04
__end_of_send_msg                text14        00F4E
__end_of_timer0_int_handler      text39        00BC6
__end_of_timer0_lthread          text6         02010
__end_of_timer1_int_handler      text36        01E18
__end_of_timer1_lthread          text4         01ABE
__end_of_uart_lthread            text3         01CC4
__end_of_uart_recv_int_handler   text34        01228
__end_of_uart_send               text1         00A72
__end_of_uart_trans_int_handler  text32        01524
__end_ofi1___awmod               text47        016E4
__end_ofi1_memcpy                text46        01B9E
__end_ofi1_recv_msg              text45        01142
__end_ofi1_send_msg              text43        01470
__end_ofi2_FromMainHigh_recvmsg  text52        01D8C
__end_ofi2_ToMainHigh_sendmsg    text50        01E96
__end_ofi2___awmod               text55        013B0
__end_ofi2_check_msg             text59        01DBE
__end_ofi2_in_high_int           text58        02002
__end_ofi2_in_low_int            text57        01C1A
__end_ofi2_memcpy                text54        01B5E
__end_ofi2_recv_msg              text53        00E42
__end_ofi2_send_msg              text51        0105A
__initialization                 cinit         01EBC
__mediumconst                    mediumconst   00000
__pbssBANK0                      bssBANK0      000B5
__pbssBIGRAM                     bssBIGRAM     001BD
__pbssCOMRAM                     bssCOMRAM     0003D
__pcinit                         cinit         01EBC
__pcstackBANK0                   cstackBANK0   00060
__pcstackBANK1                   cstackBANK1   00100
__pcstackCOMRAM                  cstackCOMRAM  00001
__pintcode                       intcode       00008
__pintcode_body                  intcode_body  017E8
__pintcodelo                     intcodelo     00018
__pnvBANK0                       nvBANK0       000B3
__pnvCOMRAM                      nvCOMRAM      0003B
__ptext0                         text0         00568
__ptext1                         text1         008D8
__ptext10                        text10        0199C
__ptext11                        text11        01936
__ptext12                        text12        01524
__ptext13                        text13        01E42
__ptext14                        text14        00E42
__ptext15                        text15        01768
__ptext16                        text16        02010
__ptext17                        text17        015BE
__ptext18                        text18        01C1A
__ptext19                        text19        01B9E
__ptext2                         text2         01E18
__ptext20                        text20        01FE2
__ptext21                        text21        01CC4
__ptext22                        text22        01F86
__ptext23                        text23        01CF6
__ptext24                        text24        01D28
__ptext25                        text25        00BC6
__ptext26                        text26        01ABE
__ptext27                        text27        01228
__ptext28                        text28        01C56
__ptext29                        text29        01E96
__ptext3                         text3         01C92
__ptext30                        text30        0185E
__ptext32                        text32        01470
__ptext33                        text33        01EE0
__ptext34                        text34        01142
__ptext35                        text35        01F68
__ptext36                        text36        01DEC
__ptext37                        text37        01FAC
__ptext38                        text38        01FBE
__ptext39                        text39        00A72
__ptext4                         text4         01A60
__ptext40                        text40        01FD0
__ptext41                        text41        01F28
__ptext42                        text42        01F48
__ptext43                        text43        013B0
__ptext44                        text44        01F04
__ptext45                        text45        0105A
__ptext46                        text46        01B5E
__ptext47                        text47        01654
__ptext49                        text49        000CE
__ptext5                         text5         01A00
__ptext50                        text50        01E6C
__ptext51                        text51        00F4E
__ptext52                        text52        01D5A
__ptext53                        text53        00D04
__ptext54                        text54        01B0E
__ptext55                        text55        012EC
__ptext56                        text56        016E4
__ptext57                        text57        01BDC
__ptext58                        text58        01FF2
__ptext59                        text59        01D8C
__ptext6                         text6         02002
__ptext60                        text60        0201A
__ptext7                         text7         01DBE
__ptext8                         text8         01F9A
__ptext9                         text9         018CE
__ramtop                         ramtop        00F00
__size_of_Delay1KTCYx            (abs)         00000
__size_of_FromMainHigh_recvmsg   (abs)         00000
__size_of_FromMainHigh_sendmsg   (abs)         00000
__size_of_FromMainLow_recvmsg    (abs)         00000
__size_of_FromMainLow_sendmsg    (abs)         00000
__size_of_InterruptHandlerHigh   (abs)         00000
__size_of_InterruptHandlerLow    (abs)         00000
__size_of_Open1USART             (abs)         00000
__size_of_OpenTimer0             (abs)         00000
__size_of_OpenTimer1             (abs)         00000
__size_of_Read1USART             (abs)         00000
__size_of_ReadTimer1             (abs)         00000
__size_of_SleepIfOkay            (abs)         00000
__size_of_ToMainHigh_recvmsg     (abs)         00000
__size_of_ToMainHigh_sendmsg     (abs)         00000
__size_of_ToMainLow_recvmsg      (abs)         00000
__size_of_ToMainLow_sendmsg      (abs)         00000
__size_of_WriteTimer0            (abs)         00000
__size_of_WriteTimer1            (abs)         00000
__size_of___awmod                (abs)         00000
__size_of___lwmod                (abs)         00000
__size_of_block_on_To_msgqueues  (abs)         00000
__size_of_check_msg              (abs)         00000
__size_of_enable_interrupts      (abs)         00000
__size_of_enter_sleep_mode       (abs)         00000
__size_of_i2c_configure_master   (abs)         00000
__size_of_i2c_master_int_handler (abs)         00000
__size_of_i2c_master_send        (abs)         00000
__size_of_in_high_int            (abs)         00000
__size_of_in_low_int             (abs)         00000
__size_of_in_main                (abs)         00000
__size_of_init_i2c               (abs)         00000
__size_of_init_queue             (abs)         00000
__size_of_init_queues            (abs)         00000
__size_of_init_timer1_lthread    (abs)         00000
__size_of_init_uart_recv         (abs)         00000
__size_of_main                   (abs)         00000
__size_of_memcpy                 (abs)         00000
__size_of_recv_msg               (abs)         00000
__size_of_send_msg               (abs)         00000
__size_of_timer0_int_handler     (abs)         00000
__size_of_timer0_lthread         (abs)         00000
__size_of_timer1_int_handler     (abs)         00000
__size_of_timer1_lthread         (abs)         00000
__size_of_uart_lthread           (abs)         00000
__size_of_uart_recv_int_handler  (abs)         00000
__size_of_uart_send              (abs)         00000
__size_of_uart_trans_int_handler (abs)         00000
__size_ofi1___awmod              (abs)         00000
__size_ofi1_memcpy               (abs)         00000
__size_ofi1_recv_msg             (abs)         00000
__size_ofi1_send_msg             (abs)         00000
__size_ofi2_FromMainHigh_recvmsg (abs)         00000
__size_ofi2_ToMainHigh_sendmsg   (abs)         00000
__size_ofi2___awmod              (abs)         00000
__size_ofi2_check_msg            (abs)         00000
__size_ofi2_in_high_int          (abs)         00000
__size_ofi2_in_low_int           (abs)         00000
__size_ofi2_memcpy               (abs)         00000
__size_ofi2_recv_msg             (abs)         00000
__size_ofi2_send_msg             (abs)         00000
__smallconst                     smallconst    00000
_block_on_To_msgqueues           text17        015BE
_check_msg                       text21        01CC4
_enable_interrupts               text16        02010
_enter_sleep_mode                text60        0201A
_i2c_configure_master            text15        01768
_i2c_master_int_handler          text49        000CE
_i2c_master_send                 text12        01524
_ic_ptr                          nvBANK0       000B3
_in_high_int                     text20        01FE2
_in_low_int                      text19        01B9E
_in_main                         text18        01C1A
_init_i2c                        text11        01936
_init_queue                      text10        0199C
_init_queues                     text9         018CE
_init_timer1_lthread             text8         01F9A
_init_uart_recv                  text7         01DBE
_main                            text0         00568
_memcpy                          text26        01ABE
_recv_msg                        text25        00BC6
_send_msg                        text14        00E42
_timer0_int_handler              text39        00A72
_timer0_lthread                  text6         02002
_timer1_int_handler              text36        01DEC
_timer1_lthread                  text4         01A60
_uart_lthread                    text3         01C92
_uart_recv_int_handler           text34        01142
_uart_send                       text1         008D8
_uart_trans_int_handler          text32        01470
_uc_ptr                          nvCOMRAM      0003B
check_msg@qptr                   cstackBANK0   00090
end_of_initialization            cinit         01ED6
i1___awmod                       text47        01654
i1___awmod@counter               cstackCOMRAM  00005
i1___awmod@dividend              cstackCOMRAM  00001
i1___awmod@divisor               cstackCOMRAM  00003
i1___awmod@sign                  cstackCOMRAM  00006
i1_memcpy                        text46        01B5E
i1_recv_msg                      text45        0105A
i1_send_msg                      text43        013B0
i1memcpy@d                       cstackCOMRAM  00007
i1memcpy@d1                      cstackCOMRAM  00001
i1memcpy@n                       cstackCOMRAM  00005
i1memcpy@s                       cstackCOMRAM  00009
i1memcpy@s1                      cstackCOMRAM  00003
i1recv_msg@data                  cstackCOMRAM  00010
i1recv_msg@maxlength             cstackCOMRAM  0000D
i1recv_msg@msgtype               cstackCOMRAM  0000E
i1recv_msg@qmsg                  cstackCOMRAM  00017
i1recv_msg@qptr                  cstackCOMRAM  0000B
i1recv_msg@slot                  cstackCOMRAM  00014
i1recv_msg@tlength               cstackCOMRAM  00015
i1send_msg@data                  cstackCOMRAM  0000F
i1send_msg@length                cstackCOMRAM  0000D
i1send_msg@msgtype               cstackCOMRAM  0000E
i1send_msg@qmsg                  cstackCOMRAM  00015
i1send_msg@qptr                  cstackCOMRAM  0000B
i1send_msg@slot                  cstackCOMRAM  00014
i1send_msg@tlength               cstackCOMRAM  00012
i2FromMainHigh_recvmsg@data      cstackBANK0   0007A
i2FromMainHigh_recvmsg@maxlength cstackBANK0   0007C
i2FromMainHigh_recvmsg@msgtype   cstackBANK0   00078
i2ToMainHigh_sendmsg@data        cstackBANK0   00077
i2ToMainHigh_sendmsg@length      cstackBANK0   00079
i2ToMainHigh_sendmsg@msgtype     cstackBANK0   00076
i2_FromMainHigh_recvmsg          text52        01D5A
i2_ToMainHigh_sendmsg            text50        01E6C
i2___awmod                       text55        012EC
i2___awmod@counter               cstackBANK0   00064
i2___awmod@dividend              cstackBANK0   00060
i2___awmod@divisor               cstackBANK0   00062
i2___awmod@sign                  cstackBANK0   00065
i2_check_msg                     text59        01D8C
i2_in_high_int                   text58        01FF2
i2_in_low_int                    text57        01BDC
i2_memcpy                        text54        01B0E
i2_recv_msg                      text53        00D04
i2_send_msg                      text51        00F4E
i2c_configure_master@motor_addr  cstackBANK0   00090
i2c_configure_master@sensor_addr cstackBANK0   00091
i2c_master_send@addr             cstackBANK0   000AD
i2c_master_send@length           cstackBANK0   000AA
i2c_master_send@msg              cstackBANK0   000AB
i2check_msg@qptr                 cstackBANK0   00060
i2memcpy@d                       cstackBANK0   00066
i2memcpy@d1                      cstackBANK0   00060
i2memcpy@n                       cstackBANK0   00064
i2memcpy@s                       cstackBANK0   00068
i2memcpy@s1                      cstackBANK0   00062
i2recv_msg@data                  cstackBANK0   0006F
i2recv_msg@maxlength             cstackBANK0   0006C
i2recv_msg@msgtype               cstackBANK0   0006D
i2recv_msg@qmsg                  cstackBANK0   00076
i2recv_msg@qptr                  cstackBANK0   0006A
i2recv_msg@slot                  cstackBANK0   00073
i2recv_msg@tlength               cstackBANK0   00074
i2send_msg@data                  cstackBANK0   0006E
i2send_msg@length                cstackBANK0   0006C
i2send_msg@msgtype               cstackBANK0   0006D
i2send_msg@qmsg                  cstackBANK0   00074
i2send_msg@qptr                  cstackBANK0   0006A
i2send_msg@slot                  cstackBANK0   00073
i2send_msg@tlength               cstackBANK0   00071
init_i2c@ic                      cstackBANK0   00090
init_queue@i                     cstackBANK0   00092
init_queue@qptr                  cstackBANK0   00090
init_timer1_lthread@tptr         cstackBANK0   00090
init_uart_recv@uc                cstackBANK0   00090
int_func                         intcode_body  017E8
intlevel0                        text          00000
intlevel1                        text          00000
intlevel2                        text          00000
intlevel3                        text          00000
main@forward                     cstackBANK1   0011F
main@ic                          cstackBANK1   00175
main@last_reg_recvd              cstackBANK1   0012E
main@left                        cstackBANK1   00120
main@length                      cstackBANK1   00132
main@msgbuffer                   cstackBANK1   00100
main@msgtype                     cstackBANK1   00131
main@reverse                     cstackBANK1   00123
main@right                       cstackBANK1   00121
main@stop                        cstackBANK1   00122
main@t0thread_data               cstackBANK1   00126
main@t1thread_data               cstackBANK1   0012F
main@uc                          cstackBANK1   00133
main@umsg                        cstackBANK1   00128
main@uthread_data                cstackBANK1   00124
memcpy@d                         cstackBANK0   00096
memcpy@d1                        cstackBANK0   00090
memcpy@n                         cstackBANK0   00094
memcpy@s                         cstackBANK0   00098
memcpy@s1                        cstackBANK0   00092
recv_msg@data                    cstackBANK0   0009F
recv_msg@maxlength               cstackBANK0   0009C
recv_msg@msgtype                 cstackBANK0   0009D
recv_msg@qmsg                    cstackBANK0   000A6
recv_msg@qptr                    cstackBANK0   0009A
recv_msg@slot                    cstackBANK0   000A3
recv_msg@tlength                 cstackBANK0   000A4
send_msg@data                    cstackBANK0   0009E
send_msg@length                  cstackBANK0   0009C
send_msg@msgtype                 cstackBANK0   0009D
send_msg@qmsg                    cstackBANK0   000A4
send_msg@qptr                    cstackBANK0   0009A
send_msg@slot                    cstackBANK0   000A3
send_msg@tlength                 cstackBANK0   000A1
stackhi                          (abs)         00EBF
stacklo                          (abs)         00985
start                            init          000CA
start_initialization             cinit         01EBC
timer0_int_handler@forward       cstackCOMRAM  00020
timer0_int_handler@i             cstackCOMRAM  00029
timer0_int_handler@left          cstackCOMRAM  00021
timer0_int_handler@length        cstackCOMRAM  0001E
timer0_int_handler@msgtype       cstackCOMRAM  00025
timer0_int_handler@reverse       cstackCOMRAM  00024
timer0_int_handler@right         cstackCOMRAM  00022
timer0_int_handler@stop          cstackCOMRAM  00023
timer0_int_handler@val           cstackCOMRAM  00027
timer0_lthread@length            cstackBANK0   00094
timer0_lthread@msgbuffer         cstackBANK0   00096
timer0_lthread@msgtype           cstackBANK0   00092
timer0_lthread@msgval            cstackBANK0   00098
timer0_lthread@tptr              cstackBANK0   00090
timer1_int_handler@result        cstackCOMRAM  0001B
timer1_lthread@length            cstackBANK0   000AE
timer1_lthread@msgbuffer         cstackBANK0   000B0
timer1_lthread@msgtype           cstackBANK0   000AC
timer1_lthread@retval            cstackBANK0   000B2
timer1_lthread@tptr              cstackBANK0   000AA
uart_lthread@length              cstackBANK0   00094
uart_lthread@msgbuffer           cstackBANK0   00096
uart_lthread@msgtype             cstackBANK0   00092
uart_lthread@uptr                cstackBANK0   00090
uart_send@length                 cstackBANK0   000AD
uart_send@msg_buffer             cstackBANK0   000AA


FUNCTION INFORMATION:

 *************** function _main *****************
 Defined at:
		line 71 in file "../src/main.c"
 Parameters:    Size  Location     Type
		None
 Auto vars:     Size  Location     Type
  ic             72  117[BANK1 ] struct __i2c_comm
  uc             66   51[BANK1 ] struct __uart_comm
  msgbuffer      31    0[BANK1 ] unsigned char [31]
  umsg            6   40[BANK1 ] unsigned char [6]
  t1thread_dat    2   47[BANK1 ] struct __timer1_thread_s
  t0thread_dat    2   38[BANK1 ] struct __timer0_thread_s
  uthread_data    2   36[BANK1 ] struct __uart_thread_str
  length          1   50[BANK1 ] char 
  msgtype         1   49[BANK1 ] unsigned char 
  last_reg_rec    1   46[BANK1 ] unsigned char 
  reverse         1   35[BANK1 ] unsigned char [1]
  stop            1   34[BANK1 ] unsigned char [1]
  right           1   33[BANK1 ] unsigned char [1]
  left            1   32[BANK1 ] unsigned char [1]
  forward         1   31[BANK1 ] unsigned char [1]
  i               1    0        unsigned char 
  motor_cmd_ri    1    0        unsigned char 
  motor_cmd_le    1    0        unsigned char 
  c               1    0        unsigned char 
 Return value:  Size  Location     Type
		None               void
 Registers used:
		wreg, fsr1l, fsr1h, fsr2l, fsr2h, status,2, status,0, prodl, prodh, cstack
 Tracked objects:
		On entry : 
		On exit  : 
		Unchanged: 
 Data sizes:     COMRAM   BANK0   BANK1   BANK2   BANK3   BANK4   BANK5   BANK6   BANK7   BANK8   BANK9  BANK10  BANK11  BANK12  BANK13  BANK14
      Params:         0       0       0       0       0       0       0       0       0       0       0       0       0       0       0       0
      Locals:         0       0     189       0       0       0       0       0       0       0       0       0       0       0       0       0
      Temps:          0       0       0       0       0       0       0       0       0       0       0       0       0       0       0       0
      Totals:         0       0     189       0       0       0       0       0       0       0       0       0       0       0       0       0
Total ram usage:      189 bytes
 Hardware stack levels required when called:   14
 This function calls:
		_Open1USART
		_OpenTimer0
		_OpenTimer1
		_ToMainHigh_recvmsg
		_ToMainLow_recvmsg
		_block_on_To_msgqueues
		_enable_interrupts
		_i2c_configure_master
		_i2c_master_send
		_init_i2c
		_init_queues
		_init_timer1_lthread
		_init_uart_recv
		_timer0_lthread
		_timer1_lthread
		_uart_lthread
		_uart_send
 This function is called by:
		Startup code after reset
 This function uses a non-reentrant model


 *************** function _uart_send *****************
 Defined at:
		line 90 in file "../src/my_uart.c"
 Parameters:    Size  Location     Type
  length          1    wreg     unsigned char 
  msg_buffer      2   74[BANK0 ] PTR unsigned char 
		 -> main@msgbuffer(31), 
 Auto vars:     Size  Location     Type
  length          1   77[BANK0 ] unsigned char 
 Return value:  Size  Location     Type
		None               void
 Registers used:
		wreg, fsr1l, fsr1h, fsr2l, fsr2h, status,2, status,0, prodl, prodh, cstack
 Tracked objects:
		On entry : 
		On exit  : 
		Unchanged: 
 Data sizes:     COMRAM   BANK0   BANK1   BANK2   BANK3   BANK4   BANK5   BANK6   BANK7   BANK8   BANK9  BANK10  BANK11  BANK12  BANK13  BANK14
      Params:         0       2       0       0       0       0       0       0       0       0       0       0       0       0       0       0
      Locals:         0       1       0       0       0       0       0       0       0       0       0       0       0       0       0       0
      Temps:          0       1       0       0       0       0       0       0       0       0       0       0       0       0       0       0
      Totals:         0       4       0       0       0       0       0       0       0       0       0       0       0       0       0       0
Total ram usage:        4 bytes
 Hardware stack levels used:    1
 Hardware stack levels required when called:   13
 This function calls:
		_FromMainLow_sendmsg
		___awmod
 This function is called by:
		_main
 This function uses a non-reentrant model


 *************** function _FromMainLow_sendmsg *****************
 Defined at:
		line 198 in file "../src/messages.c"
 Parameters:    Size  Location     Type
  length          1    wreg     unsigned char 
  msgtype         1   70[BANK0 ] unsigned char 
  data            2   71[BANK0 ] PTR void 
		 -> main@msgbuffer(31), 
 Auto vars:     Size  Location     Type
  length          1   73[BANK0 ] unsigned char 
 Return value:  Size  Location     Type
                  1    wreg      char 
 Registers used:
		wreg, fsr1l, fsr1h, fsr2l, fsr2h, status,2, status,0, prodl, prodh, cstack
 Tracked objects:
		On entry : 
		On exit  : 
		Unchanged: 
 Data sizes:     COMRAM   BANK0   BANK1   BANK2   BANK3   BANK4   BANK5   BANK6   BANK7   BANK8   BANK9  BANK10  BANK11  BANK12  BANK13  BANK14
      Params:         0       3       0       0       0       0       0       0       0       0       0       0       0       0       0       0
      Locals:         0       1       0       0       0       0       0       0       0       0       0       0       0       0       0       0
      Temps:          0       0       0       0       0       0       0       0       0       0       0       0       0       0       0       0
      Totals:         0       4       0       0       0       0       0       0       0       0       0       0       0       0       0       0
Total ram usage:        4 bytes
 Hardware stack levels used:    1
 Hardware stack levels required when called:   12
 This function calls:
		_send_msg
 This function is called by:
		_uart_send
 This function uses a non-reentrant model


 *************** function _uart_lthread *****************
 Defined at:
		line 9 in file "../src/uart_thread.c"
 Parameters:    Size  Location     Type
  uptr            2   48[BANK0 ] PTR struct __uart_thread
		 -> main@uthread_data(2), 
  msgtype         2   50[BANK0 ] int 
  length          2   52[BANK0 ] int 
  msgbuffer       2   54[BANK0 ] PTR unsigned char 
		 -> main@msgbuffer(31), 
 Auto vars:     Size  Location     Type
		None
 Return value:  Size  Location     Type
                  2   48[BANK0 ] int 
 Registers used:
		wreg, fsr2l, fsr2h, status,2, status,0
 Tracked objects:
		On entry : 
		On exit  : 
		Unchanged: 
 Data sizes:     COMRAM   BANK0   BANK1   BANK2   BANK3   BANK4   BANK5   BANK6   BANK7   BANK8   BANK9  BANK10  BANK11  BANK12  BANK13  BANK14
      Params:         0       8       0       0       0       0       0       0       0       0       0       0       0       0       0       0
      Locals:         0       0       0       0       0       0       0       0       0       0       0       0       0       0       0       0
      Temps:          0       0       0       0       0       0       0       0       0       0       0       0       0       0       0       0
      Totals:         0       8       0       0       0       0       0       0       0       0       0       0       0       0       0       0
Total ram usage:        8 bytes
 Hardware stack levels used:    1
 Hardware stack levels required when called:   10
 This function calls:
		Nothing
 This function is called by:
		_main
 This function uses a non-reentrant model


 *************** function _timer1_lthread *****************
 Defined at:
		line 14 in file "../src/timer1_thread.c"
 Parameters:    Size  Location     Type
  tptr            2   74[BANK0 ] PTR struct __timer1_thre
		 -> main@t1thread_data(2), 
  msgtype         2   76[BANK0 ] int 
  length          2   78[BANK0 ] int 
  msgbuffer       2   80[BANK0 ] PTR unsigned char 
		 -> main@msgbuffer(31), 
 Auto vars:     Size  Location     Type
  retval          1   82[BANK0 ] char 
 Return value:  Size  Location     Type
                  2   74[BANK0 ] int 
 Registers used:
		wreg, fsr1l, fsr1h, fsr2l, fsr2h, status,2, status,0, prodl, prodh, cstack
 Tracked objects:
		On entry : 
		On exit  : 
		Unchanged: 
 Data sizes:     COMRAM   BANK0   BANK1   BANK2   BANK3   BANK4   BANK5   BANK6   BANK7   BANK8   BANK9  BANK10  BANK11  BANK12  BANK13  BANK14
      Params:         0       8       0       0       0       0       0       0       0       0       0       0       0       0       0       0
      Locals:         0       1       0       0       0       0       0       0       0       0       0       0       0       0       0       0
      Temps:          0       0       0       0       0       0       0       0       0       0       0       0       0       0       0       0
      Totals:         0       9       0       0       0       0       0       0       0       0       0       0       0       0       0       0
Total ram usage:        9 bytes
 Hardware stack levels used:    1
 Hardware stack levels required when called:   13
 This function calls:
		_FromMainHigh_sendmsg
		___lwmod
 This function is called by:
		_main
 This function uses a non-reentrant model


 *************** function ___lwmod *****************
 Defined at:
		line 8 in file "C:\Program Files (x86)\Microchip\xc8\v1.33\sources\common\lwmod.c"
 Parameters:    Size  Location     Type
  dividend        2   48[BANK0 ] unsigned int 
  divisor         2   50[BANK0 ] unsigned int 
 Auto vars:     Size  Location     Type
  counter         1   52[BANK0 ] unsigned char 
 Return value:  Size  Location     Type
                  2   48[BANK0 ] unsigned int 
 Registers used:
		wreg, status,2, status,0
 Tracked objects:
		On entry : 
		On exit  : 
		Unchanged: 
 Data sizes:     COMRAM   BANK0   BANK1   BANK2   BANK3   BANK4   BANK5   BANK6   BANK7   BANK8   BANK9  BANK10  BANK11  BANK12  BANK13  BANK14
      Params:         0       4       0       0       0       0       0       0       0       0       0       0       0       0       0       0
      Locals:         0       1       0       0       0       0       0       0       0       0       0       0       0       0       0       0
      Temps:          0       0       0       0       0       0       0       0       0       0       0       0       0       0       0       0
      Totals:         0       5       0       0       0       0       0       0       0       0       0       0       0       0       0       0
Total ram usage:        5 bytes
 Hardware stack levels used:    1
 Hardware stack levels required when called:   10
 This function calls:
		Nothing
 This function is called by:
		_timer1_lthread
 This function uses a non-reentrant model


 *************** function _timer0_lthread *****************
 Defined at:
		line 9 in file "../src/timer0_thread.c"
 Parameters:    Size  Location     Type
  tptr            2   48[BANK0 ] PTR struct __timer0_thre
		 -> main@t0thread_data(2), 
  msgtype         2   50[BANK0 ] int 
  length          2   52[BANK0 ] int 
  msgbuffer       2   54[BANK0 ] PTR unsigned char 
		 -> main@msgbuffer(31), 
 Auto vars:     Size  Location     Type
  msgval          2   56[BANK0 ] PTR unsigned int 
		 -> main@msgbuffer(31), 
 Return value:  Size  Location     Type
                  2   48[BANK0 ] int 
 Registers used:
		wreg, status,2, status,0
 Tracked objects:
		On entry : 
		On exit  : 
		Unchanged: 
 Data sizes:     COMRAM   BANK0   BANK1   BANK2   BANK3   BANK4   BANK5   BANK6   BANK7   BANK8   BANK9  BANK10  BANK11  BANK12  BANK13  BANK14
      Params:         0       8       0       0       0       0       0       0       0       0       0       0       0       0       0       0
      Locals:         0       2       0       0       0       0       0       0       0       0       0       0       0       0       0       0
      Temps:          0       0       0       0       0       0       0       0       0       0       0       0       0       0       0       0
      Totals:         0      10       0       0       0       0       0       0       0       0       0       0       0       0       0       0
Total ram usage:       10 bytes
 Hardware stack levels used:    1
 Hardware stack levels required when called:   10
 This function calls:
		Nothing
 This function is called by:
		_main
 This function uses a non-reentrant model


 *************** function _init_uart_recv *****************
 Defined at:
		line 84 in file "../src/my_uart.c"
 Parameters:    Size  Location     Type
  uc              2   48[BANK0 ] PTR struct __uart_comm
		 -> main@uc(66), 
 Auto vars:     Size  Location     Type
		None
 Return value:  Size  Location     Type
		None               void
 Registers used:
		wreg, fsr2l, fsr2h, status,2, status,0
 Tracked objects:
		On entry : 
		On exit  : 
		Unchanged: 
 Data sizes:     COMRAM   BANK0   BANK1   BANK2   BANK3   BANK4   BANK5   BANK6   BANK7   BANK8   BANK9  BANK10  BANK11  BANK12  BANK13  BANK14
      Params:         0       2       0       0       0       0       0       0       0       0       0       0       0       0       0       0
      Locals:         0       0       0       0       0       0       0       0       0       0       0       0       0       0       0       0
      Temps:          0       0       0       0       0       0       0       0       0       0       0       0       0       0       0       0
      Totals:         0       2       0       0       0       0       0       0       0       0       0       0       0       0       0       0
Total ram usage:        2 bytes
 Hardware stack levels used:    1
 Hardware stack levels required when called:   10
 This function calls:
		Nothing
 This function is called by:
		_main
 This function uses a non-reentrant model


 *************** function _init_timer1_lthread *****************
 Defined at:
		line 6 in file "../src/timer1_thread.c"
 Parameters:    Size  Location     Type
  tptr            2   48[BANK0 ] PTR struct __timer1_thre
		 -> main@t1thread_data(2), 
 Auto vars:     Size  Location     Type
		None
 Return value:  Size  Location     Type
		None               void
 Registers used:
		wreg, fsr2l, fsr2h
 Tracked objects:
		On entry : 
		On exit  : 
		Unchanged: 
 Data sizes:     COMRAM   BANK0   BANK1   BANK2   BANK3   BANK4   BANK5   BANK6   BANK7   BANK8   BANK9  BANK10  BANK11  BANK12  BANK13  BANK14
      Params:         0       2       0       0       0       0       0       0       0       0       0       0       0       0       0       0
      Locals:         0       0       0       0       0       0       0       0       0       0       0       0       0       0       0       0
      Temps:          0       0       0       0       0       0       0       0       0       0       0       0       0       0       0       0
      Totals:         0       2       0       0       0       0       0       0       0       0       0       0       0       0       0       0
Total ram usage:        2 bytes
 Hardware stack levels used:    1
 Hardware stack levels required when called:   10
 This function calls:
		Nothing
 This function is called by:
		_main
 This function uses a non-reentrant model


 *************** function _init_queues *****************
 Defined at:
		line 242 in file "../src/messages.c"
 Parameters:    Size  Location     Type
		None
 Auto vars:     Size  Location     Type
		None
 Return value:  Size  Location     Type
		None               void
 Registers used:
		wreg, fsr2l, fsr2h, status,2, status,0, prodl, prodh, cstack
 Tracked objects:
		On entry : 
		On exit  : 
		Unchanged: 
 Data sizes:     COMRAM   BANK0   BANK1   BANK2   BANK3   BANK4   BANK5   BANK6   BANK7   BANK8   BANK9  BANK10  BANK11  BANK12  BANK13  BANK14
      Params:         0       0       0       0       0       0       0       0       0       0       0       0       0       0       0       0
      Locals:         0       0       0       0       0       0       0       0       0       0       0       0       0       0       0       0
      Temps:          0       0       0       0       0       0       0       0       0       0       0       0       0       0       0       0
      Totals:         0       0       0       0       0       0       0       0       0       0       0       0       0       0       0       0
Total ram usage:        0 bytes
 Hardware stack levels used:    1
 Hardware stack levels required when called:   11
 This function calls:
		_init_queue
 This function is called by:
		_main
 This function uses a non-reentrant model


 *************** function _init_queue *****************
 Defined at:
		line 14 in file "../src/messages.c"
 Parameters:    Size  Location     Type
  qptr            2   48[BANK0 ] PTR struct __msg_queue
		 -> FromMainHigh_MQ(332), FromMainLow_MQ(332), MotorData_MQ(332), SensorData_MQ(332), 
		 -> ToMainHigh_MQ(332), ToMainLow_MQ(332), 
 Auto vars:     Size  Location     Type
  i               1   50[BANK0 ] unsigned char 
 Return value:  Size  Location     Type
		None               void
 Registers used:
		wreg, fsr2l, fsr2h, status,2, status,0, prodl, prodh
 Tracked objects:
		On entry : 
		On exit  : 
		Unchanged: 
 Data sizes:     COMRAM   BANK0   BANK1   BANK2   BANK3   BANK4   BANK5   BANK6   BANK7   BANK8   BANK9  BANK10  BANK11  BANK12  BANK13  BANK14
      Params:         0       2       0       0       0       0       0       0       0       0       0       0       0       0       0       0
      Locals:         0       1       0       0       0       0       0       0       0       0       0       0       0       0       0       0
      Temps:          0       0       0       0       0       0       0       0       0       0       0       0       0       0       0       0
      Totals:         0       3       0       0       0       0       0       0       0       0       0       0       0       0       0       0
Total ram usage:        3 bytes
 Hardware stack levels used:    1
 Hardware stack levels required when called:   10
 This function calls:
		Nothing
 This function is called by:
		_init_queues
 This function uses a non-reentrant model


 *************** function _init_i2c *****************
 Defined at:
		line 276 in file "../src/my_i2c.c"
 Parameters:    Size  Location     Type
  ic              2   48[BANK0 ] PTR struct __i2c_comm
		 -> main@ic(72), 
 Auto vars:     Size  Location     Type
		None
 Return value:  Size  Location     Type
		None               void
 Registers used:
		wreg, fsr2l, fsr2h, status,2, status,0
 Tracked objects:
[...]
		 -> timer0_int_handler@val(2), NULL(0), main@msgbuffer(31), main@ic(72), 
		 -> main@uc(66), 
 Auto vars:     Size  Location     Type
  recv_msg        2   22[BANK0 ] PTR struct __msg
		 -> FromMainLow_MQ.queue(330), FromMainHigh_MQ.queue(330), ToMainHigh_MQ.queue(330), ToMainLow_MQ.queue(330), 
		 -> SensorData_MQ.queue(330), MotorData_MQ.queue(330), FromMainHigh_MQ(332), FromMainLow_MQ(332), 
		 -> MotorData_MQ(332), SensorData_MQ(332), ToMainHigh_MQ(332), ToMainLow_MQ(332), 
  recv_msg        2   20[BANK0 ] unsigned int 
  recv_msg        1   19[BANK0 ] unsigned char 
 Return value:  Size  Location     Type
                  1    wreg      char 
 Registers used:
		wreg, fsr1l, fsr1h, fsr2l, fsr2h, status,2, status,0, prodl, prodh, cstack
 Tracked objects:
		On entry : 
		On exit  : 
		Unchanged: 
 Data sizes:     COMRAM   BANK0   BANK1   BANK2   BANK3   BANK4   BANK5   BANK6   BANK7   BANK8   BANK9  BANK10  BANK11  BANK12  BANK13  BANK14
      Params:         0       7       0       0       0       0       0       0       0       0       0       0       0       0       0       0
      Locals:         0       5       0       0       0       0       0       0       0       0       0       0       0       0       0       0
      Temps:          0       2       0       0       0       0       0       0       0       0       0       0       0       0       0       0
      Totals:         0      14       0       0       0       0       0       0       0       0       0       0       0       0       0       0
Total ram usage:       14 bytes
 Hardware stack levels used:    1
 Hardware stack levels required when called:    1
 This function calls:
		i2___awmod
		i2_memcpy
 This function is called by:
		i2_FromMainHigh_recvmsg
 This function uses a non-reentrant model


 *************** function i2_memcpy *****************
 Defined at:
		line 11 in file "C:\Program Files (x86)\Microchip\xc8\v1.33\sources\common\memcpy.c"
 Parameters:    Size  Location     Type
  d1              2    0[BANK0 ] PTR void 
		 -> FromMainLow_MQ.queue(330), FromMainHigh_MQ.queue(330), ToMainHigh_MQ.queue(330), ToMainLow_MQ.queue(330), 
		 -> SensorData_MQ.queue(330), MotorData_MQ.queue(330), timer0_int_handler@val(2), NULL(0), 
		 -> FromMainHigh_MQ(332), FromMainLow_MQ(332), MotorData_MQ(332), SensorData_MQ(332), 
		 -> ToMainHigh_MQ(332), ToMainLow_MQ(332), main@msgbuffer(31), main@ic(72), 
		 -> main@uc(66), 
  s1              2    2[BANK0 ] PTR const void 
		 -> ToMainLow_MQ.data(30), ToMainHigh_MQ.data(30), SensorData_MQ.data(30), MotorData_MQ.data(30), 
		 -> FromMainLow_MQ.data(30), FromMainHigh_MQ.data(30), MotorData_MQ.queue.data(30), SensorData_MQ.queue.data(30), 
		 -> ToMainLow_MQ.queue.data(30), ToMainHigh_MQ.queue.data(30), FromMainHigh_MQ.queue.data(30), FromMainLow_MQ.queue.data(30), 
		 -> timer0_int_handler@reverse(1), timer0_int_handler@stop(1), timer0_int_handler@right(1), timer0_int_handler@left(1), 
		 -> timer0_int_handler@forward(1), timer0_int_handler@val(2), NULL(0), FromMainHigh_MQ(332), 
		 -> FromMainLow_MQ(332), MotorData_MQ(332), SensorData_MQ(332), ToMainHigh_MQ(332), 
		 -> ToMainLow_MQ(332), main@msgbuffer(31), main@t1thread_data(2), main@ic(72), 
		 -> main@uc(66), 
  n               2    4[BANK0 ] unsigned int 
 Auto vars:     Size  Location     Type
  memcpy          2    8[BANK0 ] PTR const unsigned char 
		 -> ToMainLow_MQ.data(30), ToMainHigh_MQ.data(30), SensorData_MQ.data(30), MotorData_MQ.data(30), 
		 -> FromMainLow_MQ.data(30), FromMainHigh_MQ.data(30), MotorData_MQ.queue.data(30), SensorData_MQ.queue.data(30), 
		 -> ToMainLow_MQ.queue.data(30), ToMainHigh_MQ.queue.data(30), FromMainHigh_MQ.queue.data(30), FromMainLow_MQ.queue.data(30), 
		 -> timer0_int_handler@reverse(1), timer0_int_handler@stop(1), timer0_int_handler@right(1), timer0_int_handler@left(1), 
		 -> timer0_int_handler@forward(1), timer0_int_handler@val(2), NULL(0), FromMainHigh_MQ(332), 
		 -> FromMainLow_MQ(332), MotorData_MQ(332), SensorData_MQ(332), ToMainHigh_MQ(332), 
		 -> ToMainLow_MQ(332), main@msgbuffer(31), main@t1thread_data(2), main@ic(72), 
		 -> main@uc(66), 
  memcpy          2    6[BANK0 ] PTR unsigned char 
		 -> FromMainLow_MQ.queue(330), FromMainHigh_MQ.queue(330), ToMainHigh_MQ.queue(330), ToMainLow_MQ.queue(330), 
		 -> SensorData_MQ.queue(330), MotorData_MQ.queue(330), timer0_int_handler@val(2), NULL(0), 
		 -> FromMainHigh_MQ(332), FromMainLow_MQ(332), MotorData_MQ(332), SensorData_MQ(332), 
		 -> ToMainHigh_MQ(332), ToMainLow_MQ(332), main@msgbuffer(31), main@ic(72), 
		 -> main@uc(66), 
 Return value:  Size  Location     Type
                  2    0[BANK0 ] PTR void 
 Registers used:
		wreg, fsr1l, fsr1h, fsr2l, fsr2h, status,2, status,0
 Tracked objects:
		On entry : 
		On exit  : 
		Unchanged: 
 Data sizes:     COMRAM   BANK0   BANK1   BANK2   BANK3   BANK4   BANK5   BANK6   BANK7   BANK8   BANK9  BANK10  BANK11  BANK12  BANK13  BANK14
      Params:         0       6       0       0       0       0       0       0       0       0       0       0       0       0       0       0
      Locals:         0       4       0       0       0       0       0       0       0       0       0       0       0       0       0       0
      Temps:          0       0       0       0       0       0       0       0       0       0       0       0       0       0       0       0
      Totals:         0      10       0       0       0       0       0       0       0       0       0       0       0       0       0       0
Total ram usage:       10 bytes
 Hardware stack levels used:    1
 This function calls:
		Nothing
 This function is called by:
		i2_send_msg
		i2_recv_msg
 This function uses a non-reentrant model


 *************** function i2___awmod *****************
 Defined at:
		line 8 in file "C:\Program Files (x86)\Microchip\xc8\v1.33\sources\common\awmod.c"
 Parameters:    Size  Location     Type
  dividend        2    0[BANK0 ] int 
  divisor         2    2[BANK0 ] int 
 Auto vars:     Size  Location     Type
  __awmod         1    5[BANK0 ] unsigned char 
  __awmod         1    4[BANK0 ] unsigned char 
 Return value:  Size  Location     Type
                  2    0[BANK0 ] int 
 Registers used:
		wreg, status,2, status,0, prodl
 Tracked objects:
		On entry : 
		On exit  : 
		Unchanged: 
 Data sizes:     COMRAM   BANK0   BANK1   BANK2   BANK3   BANK4   BANK5   BANK6   BANK7   BANK8   BANK9  BANK10  BANK11  BANK12  BANK13  BANK14
      Params:         0       4       0       0       0       0       0       0       0       0       0       0       0       0       0       0
      Locals:         0       2       0       0       0       0       0       0       0       0       0       0       0       0       0       0
      Temps:          0       0       0       0       0       0       0       0       0       0       0       0       0       0       0       0
      Totals:         0       6       0       0       0       0       0       0       0       0       0       0       0       0       0       0
Total ram usage:        6 bytes
 Hardware stack levels used:    1
 This function calls:
		Nothing
 This function is called by:
		i2_send_msg
		i2_recv_msg
 This function uses a non-reentrant model


 *************** function _SleepIfOkay *****************
 Defined at:
		line 276 in file "../src/messages.c"
 Parameters:    Size  Location     Type
		None
 Auto vars:     Size  Location     Type
		None
 Return value:  Size  Location     Type
		None               void
 Registers used:
		wreg, fsr2l, fsr2h, status,2, status,0, prodl, prodh, cstack
 Tracked objects:
		On entry : 
		On exit  : 
		Unchanged: 
 Data sizes:     COMRAM   BANK0   BANK1   BANK2   BANK3   BANK4   BANK5   BANK6   BANK7   BANK8   BANK9  BANK10  BANK11  BANK12  BANK13  BANK14
      Params:         0       0       0       0       0       0       0       0       0       0       0       0       0       0       0       0
      Locals:         0       0       0       0       0       0       0       0       0       0       0       0       0       0       0       0
      Temps:          0       0       0       0       0       0       0       0       0       0       0       0       0       0       0       0
      Totals:         0       0       0       0       0       0       0       0       0       0       0       0       0       0       0       0
Total ram usage:        0 bytes
 Hardware stack levels used:    1
 Hardware stack levels required when called:    2
 This function calls:
		_enter_sleep_mode
		i2_check_msg
		i2_in_high_int
		i2_in_low_int
 This function is called by:
		_InterruptHandlerHigh
 This function uses a non-reentrant model


 *************** function i2_in_low_int *****************
 Defined at:
		line 32 in file "../src/interrupts.c"
 Parameters:    Size  Location     Type
		None
 Auto vars:     Size  Location     Type
		None
 Return value:  Size  Location     Type
                  2    2[BANK0 ] int 
 Registers used:
		wreg, status,2, status,0, cstack
 Tracked objects:
		On entry : 
		On exit  : 
		Unchanged: 
 Data sizes:     COMRAM   BANK0   BANK1   BANK2   BANK3   BANK4   BANK5   BANK6   BANK7   BANK8   BANK9  BANK10  BANK11  BANK12  BANK13  BANK14
      Params:         0       2       0       0       0       0       0       0       0       0       0       0       0       0       0       0
      Locals:         0       0       0       0       0       0       0       0       0       0       0       0       0       0       0       0
      Temps:          0       0       0       0       0       0       0       0       0       0       0       0       0       0       0       0
      Totals:         0       2       0       0       0       0       0       0       0       0       0       0       0       0       0       0
Total ram usage:        2 bytes
 Hardware stack levels used:    1
 Hardware stack levels required when called:    1
 This function calls:
		i2_in_high_int
 This function is called by:
		_SleepIfOkay
 This function uses a non-reentrant model


 *************** function i2_in_high_int *****************
 Defined at:
		line 24 in file "../src/interrupts.c"
 Parameters:    Size  Location     Type
		None
 Auto vars:     Size  Location     Type
		None
 Return value:  Size  Location     Type
                  2    0[BANK0 ] int 
 Registers used:
		wreg, status,2
 Tracked objects:
		On entry : 
		On exit  : 
		Unchanged: 
 Data sizes:     COMRAM   BANK0   BANK1   BANK2   BANK3   BANK4   BANK5   BANK6   BANK7   BANK8   BANK9  BANK10  BANK11  BANK12  BANK13  BANK14
      Params:         0       2       0       0       0       0       0       0       0       0       0       0       0       0       0       0
      Locals:         0       0       0       0       0       0       0       0       0       0       0       0       0       0       0       0
      Temps:          0       0       0       0       0       0       0       0       0       0       0       0       0       0       0       0
      Totals:         0       2       0       0       0       0       0       0       0       0       0       0       0       0       0       0
Total ram usage:        2 bytes
 Hardware stack levels used:    1
 This function calls:
		Nothing
 This function is called by:
		_SleepIfOkay
		i2_in_low_int
 This function uses a non-reentrant model


 *************** function i2_check_msg *****************
 Defined at:
		line 270 in file "../src/messages.c"
 Parameters:    Size  Location     Type
  qptr            2    0[BANK0 ] PTR struct __msg_queue
		 -> MotorData_MQ(332), SensorData_MQ(332), ToMainHigh_MQ(332), ToMainLow_MQ(332), 
 Auto vars:     Size  Location     Type
		None
 Return value:  Size  Location     Type
                  1    wreg      unsigned char 
 Registers used:
		wreg, fsr2l, fsr2h, status,2, status,0, prodl, prodh
 Tracked objects:
		On entry : 
		On exit  : 
		Unchanged: 
 Data sizes:     COMRAM   BANK0   BANK1   BANK2   BANK3   BANK4   BANK5   BANK6   BANK7   BANK8   BANK9  BANK10  BANK11  BANK12  BANK13  BANK14
      Params:         0       2       0       0       0       0       0       0       0       0       0       0       0       0       0       0
      Locals:         0       0       0       0       0       0       0       0       0       0       0       0       0       0       0       0
      Temps:          0       1       0       0       0       0       0       0       0       0       0       0       0       0       0       0
      Totals:         0       3       0       0       0       0       0       0       0       0       0       0       0       0       0       0
Total ram usage:        3 bytes
 Hardware stack levels used:    1
 This function calls:
		Nothing
 This function is called by:
		_SleepIfOkay
 This function uses a non-reentrant model


 *************** function _enter_sleep_mode *****************
 Defined at:
		line 252 in file "../src/messages.c"
 Parameters:    Size  Location     Type
		None
 Auto vars:     Size  Location     Type
		None
 Return value:  Size  Location     Type
		None               void
 Registers used:
		None
 Tracked objects:
		On entry : 
		On exit  : 
		Unchanged: 
 Data sizes:     COMRAM   BANK0   BANK1   BANK2   BANK3   BANK4   BANK5   BANK6   BANK7   BANK8   BANK9  BANK10  BANK11  BANK12  BANK13  BANK14
      Params:         0       0       0       0       0       0       0       0       0       0       0       0       0       0       0       0
      Locals:         0       0       0       0       0       0       0       0       0       0       0       0       0       0       0       0
      Temps:          0       0       0       0       0       0       0       0       0       0       0       0       0       0       0       0
      Totals:         0       0       0       0       0       0       0       0       0       0       0       0       0       0       0       0
Total ram usage:        0 bytes
 Hardware stack levels used:    1
 This function calls:
		Nothing
 This function is called by:
		_SleepIfOkay
 This function uses a non-reentrant model



MODULE INFORMATION

Module		Function		Class		Link	Load	Size
C:\Program Files (x86)\Microchip\xc8\v1.33\sources\common\memcpy.c
		_memcpy        		CODE           	1ABE	0000	80

C:\Program Files (x86)\Microchip\xc8\v1.33\sources\common\memcpy.c estimated size: 80

../src/timer0_thread.c
		_timer0_lthread		CODE           	2002	0000	14

../src/timer0_thread.c estimated size: 14

C:\Program Files (x86)\Microchip\xc8\v1.33\sources\common\lwmod.c
		___lwmod       		CODE           	1A00	0000	96

C:\Program Files (x86)\Microchip\xc8\v1.33\sources\common\lwmod.c estimated size: 96

C:\Program Files (x86)\Microchip\xc8\v1.33\sources\common\awmod.c
		___awmod       		CODE           	1228	0000	196

C:\Program Files (x86)\Microchip\xc8\v1.33\sources\common\awmod.c estimated size: 196

../src/user_interrupts.c
		_timer0_int_han		CODE           	0A72	0000	340
		_timer1_int_han		CODE           	1DEC	0000	44

../src/user_interrupts.c estimated size: 384

C:\Program Files (x86)\Microchip\xc8\v1.33\sources\pic18\plib\Timers\t1write.c
		_WriteTimer1   		CODE           	1FAC	0000	18

C:\Program Files (x86)\Microchip\xc8\v1.33\sources\pic18\plib\Timers\t1write.c estimated size: 18

C:\Program Files (x86)\Microchip\xc8\v1.33\sources\pic18\d1ktcyx.c
		_Delay1KTCYx   		CODE           	1F86	0000	20

C:\Program Files (x86)\Microchip\xc8\v1.33\sources\pic18\d1ktcyx.c estimated size: 20

../src/my_i2c.c
		_i2c_master_sen		CODE           	1524	0000	154
		_i2c_configure_		CODE           	1768	0000	128
		_i2c_master_int		CODE           	00CE	0000	1178
		_init_i2c      		CODE           	1936	0000	102

../src/my_i2c.c estimated size: 1562

C:\Program Files (x86)\Microchip\xc8\v1.33\sources\pic18\plib\Timers\t1open.c
		_OpenTimer1    		CODE           	1C56	0000	60

C:\Program Files (x86)\Microchip\xc8\v1.33\sources\pic18\plib\Timers\t1open.c estimated size: 60

C:\Program Files (x86)\Microchip\xc8\v1.33\sources\pic18\plib\USART\u1open.c
		_Open1USART    		CODE           	185E	0000	112

C:\Program Files (x86)\Microchip\xc8\v1.33\sources\pic18\plib\USART\u1open.c estimated size: 112

../src/timer1_thread.c
		_timer1_lthread		CODE           	1A60	0000	94
		_init_timer1_lt		CODE           	1F9A	0000	18

../src/timer1_thread.c estimated size: 112

../src/interrupts.c
		_enable_interru		CODE           	2010	0000	10
		_in_low_int    		CODE           	1B9E	0000	62
		_in_main       		CODE           	1C1A	0000	60
		_in_high_int   		CODE           	1FE2	0000	16
		_InterruptHandl		CODE           	0018	0000	178
		_InterruptHandl		CODE           	0008	0000	6230

../src/interrupts.c estimated size: 6556

shared
		i1_send_msg    		CODE           	13B0	0000	192
		i2_send_msg    		CODE           	0F4E	0000	268
		i2_ToMainHigh_s		CODE           	1E6C	0000	42
		i2_FromMainHigh		CODE           	1D5A	0000	50
		i2_in_high_int 		CODE           	1FF2	0000	16
		i1_recv_msg    		CODE           	105A	0000	232
		i2_recv_msg    		CODE           	0D04	0000	318
		__initializatio		CODE           	1EBC	0000	26
		i1___awmod     		CODE           	1654	0000	144
		i2___awmod     		CODE           	12EC	0000	196
		i2_in_low_int  		CODE           	1BDC	0000	62
		i1_memcpy      		CODE           	1B5E	0000	64
		i2_memcpy      		CODE           	1B0E	0000	80
		i2_check_msg   		CODE           	1D8C	0000	50

shared estimated size: 1740

../src/messages.c
		_ToMainHigh_sen		CODE           	1F48	0000	32
		_ToMainHigh_rec		CODE           	1D28	0000	50
		_block_on_To_ms		CODE           	15BE	0000	150
		_check_msg     		CODE           	1CC4	0000	50
		_FromMainLow_se		CODE           	1E18	0000	42
		_ToMainLow_send		CODE           	1F28	0000	32
		_ToMainLow_recv		CODE           	1CF6	0000	50
		_FromMainLow_re		CODE           	1EE0	0000	36
		_FromMainHigh_s		CODE           	1E42	0000	42
		_enter_sleep_mo		CODE           	201A	0000	6
		_send_msg      		CODE           	0E42	0000	268
		_FromMainHigh_r		CODE           	1F04	0000	36
		_init_queue    		CODE           	199C	0000	100
		_init_queues   		CODE           	18CE	0000	104
		_recv_msg      		CODE           	0BC6	0000	318
		_SleepIfOkay   		CODE           	16E4	0000	132

../src/messages.c estimated size: 1448

C:\Program Files (x86)\Microchip\xc8\v1.33\sources\pic18\plib\Timers\t0write.c
		_WriteTimer0   		CODE           	1FD0	0000	18

C:\Program Files (x86)\Microchip\xc8\v1.33\sources\pic18\plib\Timers\t0write.c estimated size: 18

C:\Program Files (x86)\Microchip\xc8\v1.33\sources\pic18\plib\Timers\t0open.c
		_OpenTimer0    		CODE           	1E96	0000	38

C:\Program Files (x86)\Microchip\xc8\v1.33\sources\pic18\plib\Timers\t0open.c estimated size: 38

../src/my_uart.c
		_uart_trans_int		CODE           	1470	0000	180
		_init_uart_recv		CODE           	1DBE	0000	46
		_uart_recv_int_		CODE           	1142	0000	230
		_uart_send     		CODE           	08D8	0000	410

../src/my_uart.c estimated size: 866

C:\Program Files (x86)\Microchip\xc8\v1.33\sources\pic18\plib\Timers\t1read.c
		_ReadTimer1    		CODE           	1FBE	0000	18

C:\Program Files (x86)\Microchip\xc8\v1.33\sources\pic18\plib\Timers\t1read.c estimated size: 18

C:\Program Files (x86)\Microchip\xc8\v1.33\sources\pic18\plib\USART\u1read.c
		_Read1USART    		CODE           	1F68	0000	30

C:\Program Files (x86)\Microchip\xc8\v1.33\sources\pic18\plib\USART\u1read.c estimated size: 30

../src/main.c
		_main          		CODE           	0568	0000	880

../src/main.c estimated size: 880

../src/uart_thread.c
		_uart_lthread  		CODE           	1C92	0000	50

../src/uart_thread.c estimated size: 50

