Microchip MPLAB XC8 Compiler V1.32 ()

Linker command line:

--edf=C:\Program Files\Microchip\xc8\v1.32\dat\en_msgs.txt -cs \
  -h+dist/UseXC8/debug\PIC_Framework_3.X.debug.sym \
  --cmf=dist/UseXC8/debug\PIC_Framework_3.X.debug.cmf -z -Q18F46J50 \
  -oC:\Users\ECE4534\AppData\Local\Temp\s2ek.6 \
  -Mdist/UseXC8/debug/PIC_Framework_3.X.debug.map -E1 -ver=XC8 \
  -ASTACK=0476h-09ffh -pstack=STACK -ACODE=00h-0FFF7h -ACONST=00h-0FFF7h \
  -ASMALLCONST=0F00h-0FFFhx240,0FF00h-0FFF7h -AMEDIUMCONST=0F00h-0FFF7h \
  -ACOMRAM=01h-05Fh -AABS1=00h-0EBFh -ABIGRAM=01h-0EBFh \
  -ARAM=060h-0FFh,0100h-01FFhx13,0E00h-0EBFh -ABANK0=060h-0FFh \
  -ABANK1=0100h-01FFh -ABANK2=0200h-02FFh -ABANK3=0300h-03FFh \
  -ABANK4=0400h-04FFh -ABANK5=0500h-05FFh -ABANK6=0600h-06FFh \
  -ABANK7=0700h-07FFh -ABANK8=0800h-08FFh -ABANK9=0900h-09FFh \
  -ABANK10=0A00h-0AFFh -ABANK11=0B00h-0BFFh -ABANK12=0C00h-0CFFh \
  -ABANK13=0D00h-0DFFh -ABANK14=0E00h-0EBFh \
  -ASFR=0EC0h-0EFFh,0F00h-0F5Fh,0F60h-0FFCh \
  -preset_vec=00h,intcode=08h,intcodelo=018h,powerup,init,end_init \
  -pramtop=0F00h -psmallconst=SMALLCONST -pmediumconst=MEDIUMCONST \
  -pconst=CONST -AFARRAM=00h-00h -ACONFIG=0FFF8h-0FFFFh -pconfig=CONFIG \
  -pjflash_buffer=0F800h \
  -prdata=COMRAM,nvrram=COMRAM,nvbit=COMRAM,rbss=COMRAM,rbit=COMRAM \
  -pfarbss=FARRAM,fardata=FARRAM,nvFARRAM=FARRAM \
  -pintsave_regs=BIGRAM,bigbss=BIGRAM,bigdata=BIGRAM -pbss=RAM \
  -pidata=CODE,irdata=CODE,ibigdata=CODE,ifardata=CODE \
  C:\Users\ECE4534\AppData\Local\Temp\s2ek.obj \
  dist/UseXC8/debug\PIC_Framework_3.X.debug.obj 

Object code version is 3.11

Machine type is 18F46J50

Call graph: (short form)




                Name                               Link     Load   Length Selector   Space Scale
C:\Users\ECE4534\AppData\Local\Temp\s2ek.obj
                end_init                             C0       C0        4        C       0
                reset_vec                             0        0        6        0       0
                config                             FFF8     FFF8        8     FFF8       0
dist/UseXC8/debug\PIC_Framework_3.X.debug.obj
                intcodelo                            18       18       A8        C       0
                intcode                               8        8       10        4       0
                text57                             1D62     1D62        6        C       0
                text56                             1B0E     1B0E       32        C       0
                text55                             1D3C     1D3C       10        C       0
                text54                             191A     191A       3E        C       0
                text53                             1696     1696       60        C       0
                text52                             1802     1802       50        C       0
                text51                              BB8      BB8      11E        C       0
                text50                             1A72     1A72       36        C       0
                text49                              EC6      EC6       EC        C       0
                text48                             1B9C     1B9C       2E        C       0
                text47                             1084     1084       CA        C       0
                text46                              CD6      CD6      104        C       0
                text45                               C4       C4      7CC        C       0
                text44                             1A3C     1A3C       36        C       0
                text43                             1D1A     1D1A       12        C       0
                text42                             1430     1430       6E        C       0
                intcode_body                       1342     1342       7E        C       0
                text40                             1D08     1D08       12        C       0
                text39                             189C     189C       40        C       0
                text38                             11FA     11FA       AA        C       0
                text37                             1C90     1C90       22        C       0
                text36                             1CF6     1CF6       12        C       0
                text35                             1BCA     1BCA       2C        C       0
                text34                             1CB2     1CB2       1E        C       0
                text33                             1C6C     1C6C       24        C       0
                text32                             12A4     12A4       9E        C       0
                text31                              FB2      FB2       D2        C       0
                text30                             1C1E     1C1E       28        C       0
                text29                             114E     114E       AC        C       0
                text27                             13C0     13C0       70        C       0
                text26                             1C46     1C46       26        C       0
                text25                             1994     1994       3C        C       0
                text24                             17B2     17B2       50        C       0
                text23                              A9A      A9A      11E        C       0
                text22                             1A06     1A06       36        C       0
                text21                             19D0     19D0       36        C       0
                text20                             1CD0     1CD0       14        C       0
                text19                             1ADC     1ADC       32        C       0
                text18                             1D2C     1D2C       10        C       0
                text17                             18DC     18DC       3E        C       0
                text16                             1958     1958       3C        C       0
                text15                             15D4     15D4       62        C       0
                text14                             1D5A     1D5A        8        C       0
                text13                             1BF6     1BF6       28        C       0
                text12                             150A     150A       66        C       0
                text11                             1570     1570       64        C       0
                text10                             149E     149E       6C        C       0
                text9                              1CE4     1CE4       12        C       0
                text8                              1754     1754       5E        C       0
                text7                              1D4C     1D4C        E        C       0
                text6                               DDA      DDA       EC        C       0
                text5                              1B6E     1B6E       2E        C       0
                text4                              1636     1636       60        C       0
                text3                              16F6     16F6       5E        C       0
                text2                              1B40     1B40       2E        C       0
                text1                              1852     1852       4A        C       0
                text0                               890      890      20A        C       0
                cstackCOMRAM                          1        1       32        1       1
                cstackBANK0                          60       60       5A       60       1
                cstackBANK1                         100      100       97      100       1
                bssBANK4                            400      400       76      400       1
                bssBANK3                            300      300       EC      300       1
                bssBANK2                            200      200       EC      200       1
                bssBANK0                             BC       BC        1       60       1
                bssCOMRAM                            35       35        1        1       1
                cinit                              1AA8     1AA8       34        C       0
                nvBANK0                              BA       BA        2       60       1
                nvCOMRAM                             33       33        2        1       1

TOTAL           Name                               Link     Load   Length     Space
        CLASS   STACK          

        CLASS   CODE           
                end_init                             C0       C0        4         0
                intcodelo                            18       18       A8         0
                intcode                               8        8       10         0
                reset_vec                             0        0        6         0
                text57                             1D62     1D62        6         0
                text56                             1B0E     1B0E       32         0
                text55                             1D3C     1D3C       10         0
                text54                             191A     191A       3E         0
                text53                             1696     1696       60         0
                text52                             1802     1802       50         0
                text51                              BB8      BB8      11E         0
                text50                             1A72     1A72       36         0
                text49                              EC6      EC6       EC         0
                text48                             1B9C     1B9C       2E         0
                text47                             1084     1084       CA         0
                text46                              CD6      CD6      104         0
                text45                               C4       C4      7CC         0
                text44                             1A3C     1A3C       36         0
                text43                             1D1A     1D1A       12         0
                text42                             1430     1430       6E         0
                intcode_body                       1342     1342       7E         0
                text40                             1D08     1D08       12         0
                text39                             189C     189C       40         0
                text38                             11FA     11FA       AA         0
                text37                             1C90     1C90       22         0
                text36                             1CF6     1CF6       12         0
                text35                             1BCA     1BCA       2C         0
                text34                             1CB2     1CB2       1E         0
                text33                             1C6C     1C6C       24         0
                text32                             12A4     12A4       9E         0
                text31                              FB2      FB2       D2         0
                text30                             1C1E     1C1E       28         0
                text29                             114E     114E       AC         0
                text27                             13C0     13C0       70         0
                text26                             1C46     1C46       26         0
                text25                             1994     1994       3C         0
                text24                             17B2     17B2       50         0
                text23                              A9A      A9A      11E         0
                text22                             1A06     1A06       36         0
                text21                             19D0     19D0       36         0
                text20                             1CD0     1CD0       14         0
                text19                             1ADC     1ADC       32         0
                text18                             1D2C     1D2C       10         0
                text17                             18DC     18DC       3E         0
                text16                             1958     1958       3C         0
                text15                             15D4     15D4       62         0
                text14                             1D5A     1D5A        8         0
                text13                             1BF6     1BF6       28         0
                text12                             150A     150A       66         0
                text11                             1570     1570       64         0
                text10                             149E     149E       6C         0
                text9                              1CE4     1CE4       12         0
                text8                              1754     1754       5E         0
                text7                              1D4C     1D4C        E         0
                text6                               DDA      DDA       EC         0
                text5                              1B6E     1B6E       2E         0
                text4                              1636     1636       60         0
                text3                              16F6     16F6       5E         0
                text2                              1B40     1B40       2E         0
                text1                              1852     1852       4A         0
                text0                               890      890      20A         0
                cinit                              1AA8     1AA8       34         0

        CLASS   CONST          

        CLASS   SMALLCONST     

        CLASS   MEDIUMCONST    

        CLASS   COMRAM         
                cstackCOMRAM                          1        1       32         1
                bssCOMRAM                            35       35        1         1
                nvCOMRAM                             33       33        2         1

        CLASS   ABS1           

        CLASS   BIGRAM         

        CLASS   RAM            

        CLASS   BANK0          
                cstackBANK0                          60       60       5A         1
                bssBANK0                             BC       BC        1         1
                nvBANK0                              BA       BA        2         1

        CLASS   BANK1          
                cstackBANK1                         100      100       97         1

        CLASS   BANK2          
                bssBANK2                            200      200       EC         1

        CLASS   BANK3          
                bssBANK3                            300      300       EC         1

        CLASS   BANK4          
                bssBANK4                            400      400       76         1

        CLASS   BANK5          

        CLASS   BANK6          

        CLASS   BANK7          

        CLASS   BANK8          

        CLASS   BANK9          

        CLASS   BANK10         

        CLASS   BANK11         

        CLASS   BANK12         

        CLASS   BANK13         

        CLASS   BANK14         

        CLASS   SFR            

        CLASS   FARRAM         

        CLASS   CONFIG         
                config                             FFF8     FFF8        8         0

        CLASS   IDLOC          



SEGMENTS        Name                           Load    Length   Top    Selector   Space  Class

                reset_vec                      000000  000006  000006         0       0  CODE    
                cstackCOMRAM                   000001  000035  000036         1       1  COMRAM  
                intcode                        000008  000010  000018         4       0  CODE    
                intcodelo                      000018  001D50  001D68         C       0  CODE    
                cstackBANK0                    000060  00005D  0000BD        60       1  BANK0   
                cstackBANK1                    000100  000097  000197       100       1  BANK1   
                bssBANK2                       000200  0000EC  0002EC       200       1  BANK2   
                bssBANK3                       000300  0000EC  0003EC       300       1  BANK3   
                bssBANK4                       000400  000076  000476       400       1  BANK4   
                config                         00FFF8  000008  010000      FFF8       0  CONFIG  


UNUSED ADDRESS RANGES

        Name                Unused          Largest block    Delta
        BANK0            000BD-000FF              43
        BANK1            00197-001FF              69
        BANK10           00A00-00AFF             100
        BANK11           00B00-00BFF             100
        BANK12           00C00-00CFF             100
        BANK13           00D00-00DFF             100
        BANK14           00E00-00EBF              C0
        BANK2            002EC-002FF              14
        BANK3            003EC-003FF              14
        BANK4            00476-004FF              8A
        BANK5            00500-005FF             100
        BANK6            00600-006FF             100
        BANK7            00700-007FF             100
        BANK8            00800-008FF             100
        BANK9            00900-009FF             100
        BIGRAM           00036-0005F              2A
                         000BD-000FF              43
                         00197-001FF              69
                         002EC-002FF              14
                         003EC-003FF              14
                         00476-00EBF             A4A
        CODE             00006-00007               2
                         01D68-0FFF7            E290
        COMRAM           00036-0005F              2A
        CONST            00006-00007               2
                         01D68-0FFF7            E290
        MEDIUMCONST      01D68-0FFF7            E290
        RAM              000BD-000FF              43
                         00197-001FF              69
                         002EC-002FF              14
                         003EC-003FF              14
                         00476-00EBF             100
        SFR              00EC0-00FFC              60
        SMALLCONST       01D68-0FFF7             100
        STACK            00476-009FF             58A

                                  Symbol Table

?_ReadTimer1                     cstackCOMRAM  00001
?___lwmod                        cstackBANK0   00096
?_in_high_int                    cstackBANK0   00096
?_in_low_int                     cstackBANK0   00098
?_in_main                        cstackBANK0   0009A
?i2_in_high_int                  cstackBANK0   00060
?i2_in_low_int                   cstackBANK0   00062
Delay1KTCYx@unit                 cstackBANK0   00096
FromMainHigh_recvmsg@data        cstackBANK0   0007A
FromMainHigh_recvmsg@maxlength   cstackBANK0   0007C
FromMainHigh_recvmsg@msgtype     cstackBANK0   00078
FromMainHigh_sendmsg@data        cstackBANK0   000AD
FromMainHigh_sendmsg@length      cstackBANK0   000AF
FromMainHigh_sendmsg@msgtype     cstackBANK0   000AC
FromMainLow_recvmsg@data         cstackCOMRAM  0001B
FromMainLow_recvmsg@maxlength    cstackCOMRAM  0001D
FromMainLow_recvmsg@msgtype      cstackCOMRAM  00019
FromMainLow_sendmsg@data         cstackBANK0   000AD
FromMainLow_sendmsg@length       cstackBANK0   000AF
FromMainLow_sendmsg@msgtype      cstackBANK0   000AC
Open1USART@config                cstackBANK0   0009B
Open1USART@spbrg                 cstackBANK0   00096
OpenTimer0@config                cstackBANK0   00096
OpenTimer1@config                cstackBANK0   00098
OpenTimer1@config1               cstackBANK0   00096
Read1USART@data                  cstackCOMRAM  00001
ReadTimer1@timer                 cstackCOMRAM  00003
SensorData_recvmsg@data          cstackBANK0   0007A
SensorData_recvmsg@maxlength     cstackBANK0   0007C
SensorData_recvmsg@msgtype       cstackBANK0   00078
SensorData_sendmsg@data          cstackCOMRAM  00018
SensorData_sendmsg@length        cstackCOMRAM  0001A
SensorData_sendmsg@msgtype       cstackCOMRAM  00017
ToMainHigh_recvmsg@data          cstackBANK0   000B0
ToMainHigh_recvmsg@maxlength     cstackBANK0   000B2
ToMainHigh_recvmsg@msgtype       cstackBANK0   000AE
ToMainHigh_sendmsg@data          cstackBANK0   00077
ToMainHigh_sendmsg@length        cstackBANK0   00079
ToMainHigh_sendmsg@msgtype       cstackBANK0   00076
ToMainLow_recvmsg@data           cstackBANK0   000B0
ToMainLow_recvmsg@maxlength      cstackBANK0   000B2
ToMainLow_recvmsg@msgtype        cstackBANK0   000AE
ToMainLow_sendmsg@data           cstackCOMRAM  00018
ToMainLow_sendmsg@length         cstackCOMRAM  0001A
ToMainLow_sendmsg@msgtype        cstackCOMRAM  00017
WriteTimer0@timer                cstackBANK0   00062
WriteTimer0@timer0               cstackBANK0   00060
WriteTimer1@timer                cstackCOMRAM  00003
WriteTimer1@timer1               cstackCOMRAM  00001
_BAUDCONbits                     (abs)         00F7E
_Delay1KTCYx                     text20        01CD0
_FromMainHigh_MQ                 bssBANK3      00300
_FromMainHigh_recvmsg            text44        01A3C
_FromMainHigh_sendmsg            text5         01B6E
_FromMainLow_MQ                  bssBANK3      00376
_FromMainLow_recvmsg             text30        01C1E
_FromMainLow_sendmsg             text2         01B40
_INTCON2bits                     (abs)         00FF1
_INTCONbits                      (abs)         00FF2
_IPR1bits                        (abs)         00F9F
_InterruptHandlerHigh            intcode       00008
_InterruptHandlerLow             intcodelo     00018
_LATAbits                        (abs)         00F89
_MQ_Main_Willing_to_block        bssBANK0      000BC
_OSCCON                          (abs)         00FD3
_OSCCONbits                      (abs)         00FD3
_OSCTUNEbits                     (abs)         00F9B
_Open1USART                      text27        013C0
_OpenTimer0                      text26        01C46
_OpenTimer1                      text25        01994
_PIE1bits                        (abs)         00F9D
_PIR1bits                        (abs)         00F9E
_PORTBbits                       (abs)         00F81
_RCONbits                        (abs)         00FD0
_RCREG1                          (abs)         00FAF
_RCSTA1                          (abs)         00FAC
_RCSTA1bits                      (abs)         00FAC
_RCSTAbits                       (abs)         00FAC
_Read1USART                      text34        01CB2
_ReadTimer1                      text40        01D08
_SPBRG1                          (abs)         00FB0
_SPBRGH1                         (abs)         00F7F
_SSPADD                          (abs)         00FC8
_SSPBUF                          (abs)         00FC9
_SSPCON1                         (abs)         00FC6
_SSPCON1bits                     (abs)         00FC6
_SSPCON2                         (abs)         00FC5
_SSPCON2bits                     (abs)         00FC5
_SSPSTAT                         (abs)         00FC7
_SSPSTATbits                     (abs)         00FC7
_SensorData_MQ                   bssBANK4      00400
_SensorData_recvmsg              text50        01A72
_SensorData_sendmsg              text33        01C6C
_SleepIfOkay                     text53        01696
_T0CON                           (abs)         00FD5
_T0CONbits                       (abs)         00FD5
_T1CON                           (abs)         00FCD
_T1CONbits                       (abs)         00FCD
_T1GCON                          (abs)         00F9A
_T1GCONbits                      (abs)         00F9A
_TMR0H                           (abs)         00FD7
_TMR0L                           (abs)         00FD6
_TMR1H                           (abs)         00FCF
_TMR1L                           (abs)         00FCE
_TRISAbits                       (abs)         00F92
_TRISBbits                       (abs)         00F93
_TRISCbits                       (abs)         00F94
_TXREG                           (abs)         00FAE
_TXSTA1                          (abs)         00FAD
_TXSTA1bits                      (abs)         00FAD
_TXSTAbits                       (abs)         00FAD
_ToMainHigh_MQ                   bssBANK2      00200
_ToMainHigh_recvmsg              text22        01A06
_ToMainHigh_sendmsg              text48        01B9C
_ToMainLow_MQ                    bssBANK2      00276
_ToMainLow_recvmsg               text21        019D0
_ToMainLow_sendmsg               text37        01C90
_USART1_Status                   bssCOMRAM     00035
_WriteTimer0                     text43        01D1A
_WriteTimer1                     text36        01CF6
__CFG_CP0$OFF                    (abs)         00000
__CFG_CPUDIV$OSC1                (abs)         00000
__CFG_DSBOREN$OFF                (abs)         00000
__CFG_DSWDTEN$OFF                (abs)         00000
__CFG_DSWDTOSC$T1OSCREF          (abs)         00000
__CFG_DSWDTPS$G2                 (abs)         00000
__CFG_FCMEN$OFF                  (abs)         00000
__CFG_IESO$ON                    (abs)         00000
__CFG_IOL1WAY$ON                 (abs)         00000
__CFG_LPT1OSC$OFF                (abs)         00000
__CFG_MSSP7B_EN$MSK7             (abs)         00000
__CFG_OSC$HSPLL                  (abs)         00000
__CFG_PLLDIV$3                   (abs)         00000
__CFG_RTCOSC$T1OSCREF            (abs)         00000
__CFG_STVREN$OFF                 (abs)         00000
__CFG_T1DIG$OFF                  (abs)         00000
__CFG_WDTEN$OFF                  (abs)         00000
__CFG_WDTPS$32768                (abs)         00000
__CFG_WPCFG$OFF                  (abs)         00000
__CFG_WPDIS$OFF                  (abs)         00000
__CFG_WPEND$PAGE_WPFP            (abs)         00000
__CFG_WPFP$PAGE_63               (abs)         00000
__CFG_XINST$OFF                  (abs)         00000
__HRAM                           (abs)         00000
__Habs1                          abs1          00000
__Hbank0                         bank0         00000
__Hbank1                         bank1         00000
__Hbank10                        bank10        00000
__Hbank11                        bank11        00000
__Hbank12                        bank12        00000
__Hbank13                        bank13        00000
__Hbank14                        bank14        00000
__Hbank2                         bank2         00000
__Hbank3                         bank3         00000
__Hbank4                         bank4         00000
__Hbank5                         bank5         00000
__Hbank6                         bank6         00000
__Hbank7                         bank7         00000
__Hbank8                         bank8         00000
__Hbank9                         bank9         00000
__Hbigbss                        bigbss        00000
__Hbigdata                       bigdata       00000
__Hbigram                        bigram        00000
__Hbss                           bss           00000
__HbssBANK0                      bssBANK0      00000
__HbssBANK2                      bssBANK2      00000
__HbssBANK3                      bssBANK3      00000
__HbssBANK4                      bssBANK4      00000
__HbssCOMRAM                     bssCOMRAM     00000
__Hcinit                         cinit         00000
__Hclrtext                       clrtext       00000
__Hcomram                        comram        00000
__Hconfig                        config        10000
__Hconst                         const         00000
__HcstackBANK0                   cstackBANK0   00000
__HcstackBANK1                   cstackBANK1   00000
__HcstackCOMRAM                  cstackCOMRAM  00000
__Hdata                          data          00000
__Hend_init                      end_init      000C4
__Hfarbss                        farbss        00000
__Hfardata                       fardata       00000
__Hibigdata                      ibigdata      00000
__Hidata                         idata         00000
__Hidloc                         idloc         00000
__Hifardata                      ifardata      00000
__Hinit                          init          000C0
__Hintcode                       intcode       00018
__Hintcode_body                  intcode_body  00000
__Hintcodelo                     intcodelo     000C0
__Hintentry                      intentry      00000
__Hintret                        intret        00000
__Hintsave_regs                  intsave_regs  00000
__Hirdata                        irdata        00000
__Hjflash_buffer                 jflash_buffer 0F800
__Hmediumconst                   mediumconst   00000
__HnvBANK0                       nvBANK0       00000
__HnvCOMRAM                      nvCOMRAM      00000
__HnvFARRAM                      nvFARRAM      00000
__Hnvbit                         nvbit         00000
__Hnvrram                        nvrram        00000
__Hparam                         param0        00000
__Hparam0                        param0        00000
__Hpowerup                       powerup       000C0
__Hram                           ram           00000
__Hramtop                        ramtop        00F00
__Hrbit                          rbit          00000
__Hrbss                          rbss          00000
__Hrdata                         rdata         00000
__Hreset_vec                     reset_vec     00006
__Hsfr                           sfr           00000
__Hsmallconst                    smallconst    00000
__Hspace_0                       (abs)         10000
__Hspace_1                       (abs)         00476
__Hspace_2                       (abs)         00000
__Hstack                         stack         00000
__Hstruct                        struct        00000
__Htemp                          temp          00000
__Htext                          text          00000
__Htext0                         text0         00000
__Htext1                         text1         00000
__Htext10                        text10        00000
__Htext11                        text11        00000
__Htext12                        text12        00000
__Htext13                        text13        00000
__Htext14                        text14        00000
__Htext15                        text15        00000
__Htext16                        text16        00000
__Htext17                        text17        00000
__Htext18                        text18        00000
__Htext19                        text19        00000
__Htext2                         text2         00000
__Htext20                        text20        00000
__Htext21                        text21        00000
__Htext22                        text22        00000
__Htext23                        text23        00000
__Htext24                        text24        00000
__Htext25                        text25        00000
__Htext26                        text26        00000
__Htext27                        text27        00000
__Htext29                        text29        00000
__Htext3                         text3         00000
__Htext30                        text30        00000
__Htext31                        text31        00000
__Htext32                        text32        00000
__Htext33                        text33        00000
__Htext34                        text34        00000
__Htext35                        text35        00000
__Htext36                        text36        00000
__Htext37                        text37        00000
__Htext38                        text38        00000
__Htext39                        text39        00000
__Htext4                         text4         00000
__Htext40                        text40        00000
__Htext42                        text42        00000
__Htext43                        text43        00000
__Htext44                        text44        00000
__Htext45                        text45        00000
__Htext46                        text46        00000
__Htext47                        text47        00000
__Htext48                        text48        00000
__Htext49                        text49        00000
__Htext5                         text5         00000
__Htext50                        text50        00000
__Htext51                        text51        00000
__Htext52                        text52        00000
__Htext53                        text53        00000
__Htext54                        text54        00000
__Htext55                        text55        00000
__Htext56                        text56        00000
__Htext57                        text57        00000
__Htext6                         text6         00000
__Htext7                         text7         00000
__Htext8                         text8         00000
__Htext9                         text9         00000
__LRAM                           (abs)         00001
__Labs1                          abs1          00000
__Lbank0                         bank0         00000
__Lbank1                         bank1         00000
__Lbank10                        bank10        00000
__Lbank11                        bank11        00000
__Lbank12                        bank12        00000
__Lbank13                        bank13        00000
__Lbank14                        bank14        00000
__Lbank2                         bank2         00000
__Lbank3                         bank3         00000
__Lbank4                         bank4         00000
__Lbank5                         bank5         00000
__Lbank6                         bank6         00000
__Lbank7                         bank7         00000
__Lbank8                         bank8         00000
__Lbank9                         bank9         00000
__Lbigbss                        bigbss        00000
__Lbigdata                       bigdata       00000
__Lbigram                        bigram        00000
__Lbss                           bss           00000
__LbssBANK0                      bssBANK0      00000
__LbssBANK2                      bssBANK2      00000
__LbssBANK3                      bssBANK3      00000
__LbssBANK4                      bssBANK4      00000
__LbssCOMRAM                     bssCOMRAM     00000
__Lcinit                         cinit         00000
__Lclrtext                       clrtext       00000
__Lcomram                        comram        00000
__Lconfig                        config        0FFF8
__Lconst                         const         00000
__LcstackBANK0                   cstackBANK0   00000
__LcstackBANK1                   cstackBANK1   00000
__LcstackCOMRAM                  cstackCOMRAM  00000
__Ldata                          data          00000
__Lend_init                      end_init      000C0
__Lfarbss                        farbss        00000
__Lfardata                       fardata       00000
__Libigdata                      ibigdata      00000
__Lidata                         idata         00000
__Lidloc                         idloc         00000
__Lifardata                      ifardata      00000
__Linit                          init          000C0
__Lintcode                       intcode       00008
__Lintcode_body                  intcode_body  00000
__Lintcodelo                     intcodelo     00018
__Lintentry                      intentry      00000
__Lintret                        intret        00000
__Lintsave_regs                  intsave_regs  00000
__Lirdata                        irdata        00000
__Ljflash_buffer                 jflash_buffer 0F800
__Lmediumconst                   mediumconst   00000
__LnvBANK0                       nvBANK0       00000
__LnvCOMRAM                      nvCOMRAM      00000
__LnvFARRAM                      nvFARRAM      00000
__Lnvbit                         nvbit         00000
__Lnvrram                        nvrram        00000
__Lparam                         param0        00000
__Lparam0                        param0        00000
__Lpowerup                       powerup       000C0
__Lram                           ram           00000
__Lramtop                        ramtop        00F00
__Lrbit                          rbit          00000
__Lrbss                          rbss          00000
__Lrdata                         rdata         00000
__Lreset_vec                     reset_vec     00000
__Lsfr                           sfr           00000
__Lsmallconst                    smallconst    00000
__Lspace_0                       (abs)         00000
__Lspace_1                       (abs)         00000
__Lspace_2                       (abs)         00000
__Lstack                         stack         00000
__Lstruct                        struct        00000
__Ltemp                          temp          00000
__Ltext                          text          00000
__Ltext0                         text0         00000
__Ltext1                         text1         00000
__Ltext10                        text10        00000
__Ltext11                        text11        00000
__Ltext12                        text12        00000
__Ltext13                        text13        00000
__Ltext14                        text14        00000
__Ltext15                        text15        00000
__Ltext16                        text16        00000
__Ltext17                        text17        00000
__Ltext18                        text18        00000
__Ltext19                        text19        00000
__Ltext2                         text2         00000
__Ltext20                        text20        00000
__Ltext21                        text21        00000
__Ltext22                        text22        00000
__Ltext23                        text23        00000
__Ltext24                        text24        00000
__Ltext25                        text25        00000
__Ltext26                        text26        00000
__Ltext27                        text27        00000
__Ltext29                        text29        00000
__Ltext3                         text3         00000
__Ltext30                        text30        00000
__Ltext31                        text31        00000
__Ltext32                        text32        00000
__Ltext33                        text33        00000
__Ltext34                        text34        00000
__Ltext35                        text35        00000
__Ltext36                        text36        00000
__Ltext37                        text37        00000
__Ltext38                        text38        00000
__Ltext39                        text39        00000
__Ltext4                         text4         00000
__Ltext40                        text40        00000
__Ltext42                        text42        00000
__Ltext43                        text43        00000
__Ltext44                        text44        00000
__Ltext45                        text45        00000
__Ltext46                        text46        00000
__Ltext47                        text47        00000
__Ltext48                        text48        00000
__Ltext49                        text49        00000
__Ltext5                         text5         00000
__Ltext50                        text50        00000
__Ltext51                        text51        00000
__Ltext52                        text52        00000
__Ltext53                        text53        00000
__Ltext54                        text54        00000
__Ltext55                        text55        00000
__Ltext56                        text56        00000
__Ltext57                        text57        00000
__Ltext6                         text6         00000
__Ltext7                         text7         00000
__Ltext8                         text8         00000
__Ltext9                         text9         00000
__S0                             (abs)         10000
__S1                             (abs)         00476
__S2                             (abs)         00000
___inthi_sp                      stack         00000
___intlo_sp                      stack         00000
___lwmod                         text4         01636
___lwmod@counter                 cstackBANK0   0009A
___lwmod@dividend                cstackBANK0   00096
___lwmod@divisor                 cstackBANK0   00098
___sp                            stack         00000
__accesstop                      (abs)         00060
__activetblptr                   (abs)         00002
__end_of_Delay1KTCYx             text20        01CE4
__end_of_FromMainHigh_recvmsg    text44        01A72
__end_of_FromMainHigh_sendmsg    text5         01B9C
__end_of_FromMainLow_recvmsg     text30        01C46
__end_of_FromMainLow_sendmsg     text2         01B6E
__end_of_InterruptHandlerHigh    intcode_body  013C0
__end_of_InterruptHandlerLow     intcodelo     000C0
__end_of_Open1USART              text27        01430
__end_of_OpenTimer0              text26        01C6C
__end_of_OpenTimer1              text25        019D0
__end_of_Read1USART              text34        01CD0
__end_of_ReadTimer1              text40        01D1A
__end_of_SensorData_recvmsg      text50        01AA8
__end_of_SensorData_sendmsg      text33        01C90
__end_of_SleepIfOkay             text53        016F6
__end_of_ToMainHigh_recvmsg      text22        01A3C
__end_of_ToMainHigh_sendmsg      text48        01BCA
__end_of_ToMainLow_recvmsg       text21        01A06
__end_of_ToMainLow_sendmsg       text37        01CB2
__end_of_WriteTimer0             text43        01D2C
__end_of_WriteTimer1             text36        01D08
__end_of___lwmod                 text4         01696
__end_of__initialization         cinit         01AD2
__end_of_block_on_To_msgqueues   text15        01636
__end_of_check_msg               text19        01B0E
__end_of_enable_interrupts       text14        01D62
__end_of_enter_sleep_mode        text57        01D68
__end_of_handle_start            text47        0114E
__end_of_i2c_configure_slave     text13        01C1E
__end_of_i2c_int_handler         text45        00890
__end_of_in_high_int             text18        01D3C
__end_of_in_low_int              text17        0191A
__end_of_in_main                 text16        01994
__end_of_init_i2c                text12        01570
__end_of_init_queue              text11        015D4
__end_of_init_queues             text10        0150A
__end_of_init_timer1_lthread     text9         01CF6
__end_of_init_uart_recv          text8         017B2
__end_of_main                    text0         00A9A
__end_of_memcpy                  text24        01802
__end_of_recv_msg                text23        00BB8
__end_of_send_msg                text6         00EC6
__end_of_start_i2c_slave_reply   text46        00DDA
__end_of_timer0_int_handler      text42        0149E
__end_of_timer0_lthread          text7         01D5A
__end_of_timer1_int_handler      text35        01BF6
__end_of_timer1_lthread          text3         01754
__end_of_uart_recv_int_handler   text32        01342
__end_of_uart_send               text1         0189C
__end_of_uart_trans_int_handler  text29        011FA
__end_ofi1_memcpy                text39        018DC
__end_ofi1_recv_msg              text31        01084
__end_ofi1_send_msg              text38        012A4
__end_ofi2_check_msg             text56        01B40
__end_ofi2_in_high_int           text55        01D4C
__end_ofi2_in_low_int            text54        01958
__end_ofi2_memcpy                text52        01852
__end_ofi2_recv_msg              text51        00CD6
__end_ofi2_send_msg              text49        00FB2
__initialization                 cinit         01AA8
__mediumconst                    mediumconst   00000
__pbssBANK0                      bssBANK0      000BC
__pbssBANK2                      bssBANK2      00200
__pbssBANK3                      bssBANK3      00300
__pbssBANK4                      bssBANK4      00400
__pbssCOMRAM                     bssCOMRAM     00035
__pcinit                         cinit         01AA8
__pcstackBANK0                   cstackBANK0   00060
__pcstackBANK1                   cstackBANK1   00100
__pcstackCOMRAM                  cstackCOMRAM  00001
__pintcode                       intcode       00008
__pintcode_body                  intcode_body  01342
__pintcodelo                     intcodelo     00018
__pnvBANK0                       nvBANK0       000BA
__pnvCOMRAM                      nvCOMRAM      00033
__ptext0                         text0         00890
__ptext1                         text1         01852
__ptext10                        text10        0149E
__ptext11                        text11        01570
__ptext12                        text12        0150A
__ptext13                        text13        01BF6
__ptext14                        text14        01D5A
__ptext15                        text15        015D4
__ptext16                        text16        01958
__ptext17                        text17        018DC
__ptext18                        text18        01D2C
__ptext19                        text19        01ADC
__ptext2                         text2         01B40
__ptext20                        text20        01CD0
__ptext21                        text21        019D0
__ptext22                        text22        01A06
__ptext23                        text23        00A9A
__ptext24                        text24        017B2
__ptext25                        text25        01994
__ptext26                        text26        01C46
__ptext27                        text27        013C0
__ptext29                        text29        0114E
__ptext3                         text3         016F6
__ptext30                        text30        01C1E
__ptext31                        text31        00FB2
__ptext32                        text32        012A4
__ptext33                        text33        01C6C
__ptext34                        text34        01CB2
__ptext35                        text35        01BCA
__ptext36                        text36        01CF6
__ptext37                        text37        01C90
__ptext38                        text38        011FA
__ptext39                        text39        0189C
__ptext4                         text4         01636
__ptext40                        text40        01D08
__ptext42                        text42        01430
__ptext43                        text43        01D1A
__ptext44                        text44        01A3C
__ptext45                        text45        000C4
__ptext46                        text46        00CD6
__ptext47                        text47        01084
__ptext48                        text48        01B9C
__ptext49                        text49        00EC6
__ptext5                         text5         01B6E
__ptext50                        text50        01A72
__ptext51                        text51        00BB8
__ptext52                        text52        01802
__ptext53                        text53        01696
__ptext54                        text54        0191A
__ptext55                        text55        01D3C
__ptext56                        text56        01B0E
__ptext57                        text57        01D62
__ptext6                         text6         00DDA
__ptext7                         text7         01D4C
__ptext8                         text8         01754
__ptext9                         text9         01CE4
__ramtop                         ramtop        00F00
__size_of_Delay1KTCYx            (abs)         00000
__size_of_FromMainHigh_recvmsg   (abs)         00000
__size_of_FromMainHigh_sendmsg   (abs)         00000
__size_of_FromMainLow_recvmsg    (abs)         00000
__size_of_FromMainLow_sendmsg    (abs)         00000
__size_of_InterruptHandlerHigh   (abs)         00000
__size_of_InterruptHandlerLow    (abs)         00000
__size_of_Open1USART             (abs)         00000
__size_of_OpenTimer0             (abs)         00000
__size_of_OpenTimer1             (abs)         00000
__size_of_Read1USART             (abs)         00000
__size_of_ReadTimer1             (abs)         00000
__size_of_SensorData_recvmsg     (abs)         00000
__size_of_SensorData_sendmsg     (abs)         00000
__size_of_SleepIfOkay            (abs)         00000
__size_of_ToMainHigh_recvmsg     (abs)         00000
__size_of_ToMainHigh_sendmsg     (abs)         00000
__size_of_ToMainLow_recvmsg      (abs)         00000
__size_of_ToMainLow_sendmsg      (abs)         00000
__size_of_WriteTimer0            (abs)         00000
__size_of_WriteTimer1            (abs)         00000
__size_of___lwmod                (abs)         00000
__size_of_block_on_To_msgqueues  (abs)         00000
__size_of_check_msg              (abs)         00000
__size_of_enable_interrupts      (abs)         00000
__size_of_enter_sleep_mode       (abs)         00000
__size_of_handle_start           (abs)         00000
__size_of_i2c_configure_slave    (abs)         00000
__size_of_i2c_int_handler        (abs)         00000
__size_of_in_high_int            (abs)         00000
__size_of_in_low_int             (abs)         00000
__size_of_in_main                (abs)         00000
__size_of_init_i2c               (abs)         00000
__size_of_init_queue             (abs)         00000
__size_of_init_queues            (abs)         00000
__size_of_init_timer1_lthread    (abs)         00000
__size_of_init_uart_recv         (abs)         00000
__size_of_main                   (abs)         00000
__size_of_memcpy                 (abs)         00000
__size_of_recv_msg               (abs)         00000
__size_of_send_msg               (abs)         00000
__size_of_start_i2c_slave_reply  (abs)         00000
__size_of_timer0_int_handler     (abs)         00000
__size_of_timer0_lthread         (abs)         00000
__size_of_timer1_int_handler     (abs)         00000
__size_of_timer1_lthread         (abs)         00000
__size_of_uart_recv_int_handler  (abs)         00000
__size_of_uart_send              (abs)         00000
__size_of_uart_trans_int_handler (abs)         00000
__size_ofi1_memcpy               (abs)         00000
__size_ofi1_recv_msg             (abs)         00000
__size_ofi1_send_msg             (abs)         00000
__size_ofi2_check_msg            (abs)         00000
__size_ofi2_in_high_int          (abs)         00000
__size_ofi2_in_low_int           (abs)         00000
__size_ofi2_memcpy               (abs)         00000
__size_ofi2_recv_msg             (abs)         00000
__size_ofi2_send_msg             (abs)         00000
__smallconst                     smallconst    00000
_block_on_To_msgqueues           text15        015D4
_check_msg                       text19        01ADC
_enable_interrupts               text14        01D5A
_enter_sleep_mode                text57        01D62
_handle_start                    text47        01084
_i2c_configure_slave             text13        01BF6
_i2c_int_handler                 text45        000C4
_ic_ptr                          nvBANK0       000BA
_in_high_int                     text18        01D2C
_in_low_int                      text17        018DC
_in_main                         text16        01958
_init_i2c                        text12        0150A
_init_queue                      text11        01570
_init_queues                     text10        0149E
_init_timer1_lthread             text9         01CE4
_init_uart_recv                  text8         01754
_main                            text0         00890
_memcpy                          text24        017B2
_recv_msg                        text23        00A9A
_send_msg                        text6         00DDA
_start_i2c_slave_reply           text46        00CD6
_timer0_int_handler              text42        01430
_timer0_lthread                  text7         01D4C
_timer1_int_handler              text35        01BCA
_timer1_lthread                  text3         016F6
_uart_recv_int_handler           text32        012A4
_uart_send                       text1         01852
_uart_trans_int_handler          text29        0114E
_uc_ptr                          nvCOMRAM      00033
check_msg@qptr                   cstackBANK0   00096
end_of_initialization            cinit         01AD2
handle_start@data_read           cstackBANK0   00060
i1_memcpy                        text39        0189C
i1_recv_msg                      text31        00FB2
i1_send_msg                      text38        011FA
i1memcpy@d                       cstackCOMRAM  00007
i1memcpy@d1                      cstackCOMRAM  00001
i1memcpy@n                       cstackCOMRAM  00005
i1memcpy@s                       cstackCOMRAM  00009
i1memcpy@s1                      cstackCOMRAM  00003
i1recv_msg@data                  cstackCOMRAM  00010
i1recv_msg@maxlength             cstackCOMRAM  0000D
i1recv_msg@msgtype               cstackCOMRAM  0000E
i1recv_msg@qmsg                  cstackCOMRAM  00017
i1recv_msg@qptr                  cstackCOMRAM  0000B
i1recv_msg@slot                  cstackCOMRAM  00014
i1recv_msg@tlength               cstackCOMRAM  00015
i1send_msg@data                  cstackCOMRAM  0000F
i1send_msg@length                cstackCOMRAM  0000D
i1send_msg@msgtype               cstackCOMRAM  0000E
i1send_msg@qmsg                  cstackCOMRAM  00015
i1send_msg@qptr                  cstackCOMRAM  0000B
i1send_msg@slot                  cstackCOMRAM  00014
i1send_msg@tlength               cstackCOMRAM  00012
i2_check_msg                     text56        01B0E
i2_in_high_int                   text55        01D3C
i2_in_low_int                    text54        0191A
i2_memcpy                        text52        01802
i2_recv_msg                      text51        00BB8
i2_send_msg                      text49        00EC6
i2c_configure_slave@addr         cstackBANK0   00096
i2c_int_handler@data_read        cstackBANK0   00087
i2c_int_handler@data_written     cstackBANK0   00082
i2c_int_handler@error_buf        cstackBANK0   0007E
i2c_int_handler@i2c_data         cstackBANK0   00084
i2c_int_handler@msg_ready        cstackBANK0   00086
i2c_int_handler@msg_to_send      cstackBANK0   00085
i2c_int_handler@overrun_error    cstackBANK0   00083
i2c_int_handler@send             cstackBANK0   00081
i2check_msg@qptr                 cstackBANK0   00060
i2memcpy@d                       cstackBANK0   00066
i2memcpy@d1                      cstackBANK0   00060
i2memcpy@n                       cstackBANK0   00064
i2memcpy@s                       cstackBANK0   00068
i2memcpy@s1                      cstackBANK0   00062
i2recv_msg@data                  cstackBANK0   0006F
i2recv_msg@maxlength             cstackBANK0   0006C
i2recv_msg@msgtype               cstackBANK0   0006D
i2recv_msg@qmsg                  cstackBANK0   00076
i2recv_msg@qptr                  cstackBANK0   0006A
i2recv_msg@slot                  cstackBANK0   00073
i2recv_msg@tlength               cstackBANK0   00074
i2send_msg@data                  cstackBANK0   0006E
i2send_msg@length                cstackBANK0   0006C
i2send_msg@msgtype               cstackBANK0   0006D
i2send_msg@qmsg                  cstackBANK0   00074
i2send_msg@qptr                  cstackBANK0   0006A
i2send_msg@slot                  cstackBANK0   00073
i2send_msg@tlength               cstackBANK0   00071
init_i2c@ic                      cstackBANK0   00096
init_queue@i                     cstackBANK0   00098
init_queue@qptr                  cstackBANK0   00096
init_timer1_lthread@tptr         cstackBANK0   00096
init_uart_recv@uc                cstackBANK0   00096
int_func                         intcode_body  01342
intlevel0                        text          00000
intlevel1                        text          00000
intlevel2                        text          00000
intlevel3                        text          00000
main@ic                          cstackBANK1   0015B
main@last_reg_recvd              cstackBANK1   0011B
main@length                      cstackBANK1   00120
main@msgbuffer                   cstackBANK1   00100
main@msgtype                     cstackBANK1   00121
main@t0thread_data               cstackBANK1   0011C
main@t1thread_data               cstackBANK1   0011E
main@uc                          cstackBANK1   00122
memcpy@d                         cstackBANK0   0009C
memcpy@d1                        cstackBANK0   00096
memcpy@n                         cstackBANK0   0009A
memcpy@s                         cstackBANK0   0009E
memcpy@s1                        cstackBANK0   00098
recv_msg@data                    cstackBANK0   000A5
recv_msg@maxlength               cstackBANK0   000A2
recv_msg@msgtype                 cstackBANK0   000A3
recv_msg@qmsg                    cstackBANK0   000AC
recv_msg@qptr                    cstackBANK0   000A0
recv_msg@slot                    cstackBANK0   000A9
recv_msg@tlength                 cstackBANK0   000AA
send_msg@data                    cstackBANK0   000A4
send_msg@length                  cstackBANK0   000A2
send_msg@msgtype                 cstackBANK0   000A3
send_msg@qmsg                    cstackBANK0   000AA
send_msg@qptr                    cstackBANK0   000A0
send_msg@slot                    cstackBANK0   000A9
send_msg@tlength                 cstackBANK0   000A7
stackhi                          (abs)         009FF
stacklo                          (abs)         00476
start                            init          000C0
start_i2c_slave_reply@length     cstackBANK0   00064
start_i2c_slave_reply@msg        cstackBANK0   00060
start_initialization             cinit         01AA8
timer0_int_handler@length        cstackBANK0   0007D
timer0_int_handler@msgtype       cstackBANK0   0007F
timer0_int_handler@val           cstackBANK0   00081
timer0_lthread@length            cstackBANK0   0009A
timer0_lthread@msgbuffer         cstackBANK0   0009C
timer0_lthread@msgtype           cstackBANK0   00098
timer0_lthread@msgval            cstackBANK0   0009E
timer0_lthread@tptr              cstackBANK0   00096
timer1_int_handler@result        cstackCOMRAM  0001B
timer1_lthread@length            cstackBANK0   000B4
timer1_lthread@msgbuffer         cstackBANK0   000B6
timer1_lthread@msgtype           cstackBANK0   000B2
timer1_lthread@retval            cstackBANK0   000B8
timer1_lthread@tptr              cstackBANK0   000B0
uart_recv_int_handler@readin     cstackCOMRAM  0001C
uart_send@length                 cstackBANK0   000B0
uart_send@msg_buffer             cstackBANK0   000B2


FUNCTION INFORMATION:

 *************** function _main *****************
 Defined at:
		line 68 in file "../src/main.c"
 Parameters:    Size  Location     Type
		None
 Auto vars:     Size  Location     Type
  ic             60   91[BANK1 ] struct __i2c_comm
  uc             57   34[BANK1 ] struct __uart_comm
  msgbuffer      27    0[BANK1 ] unsigned char [27]
  t1thread_dat    2   30[BANK1 ] struct __timer1_thread_s
  t0thread_dat    2   28[BANK1 ] struct __timer0_thread_s
  uthread_data    2    0        struct __uart_thread_str
  msgtype         1   33[BANK1 ] unsigned char 
  length          1   32[BANK1 ] char 
  last_reg_rec    1   27[BANK1 ] unsigned char 
  i               1    0        unsigned char 
  c               1    0        unsigned char 
 Return value:  Size  Location     Type
		None               void
 Registers used:
		wreg, fsr1l, fsr1h, fsr2l, fsr2h, status,2, status,0, prodl, prodh, cstack
 Tracked objects:
		On entry : 
		On exit  : 
		Unchanged: 
 Data sizes:     COMRAM   BANK0   BANK1   BANK2   BANK3   BANK4   BANK5   BANK6   BANK7   BANK8   BANK9  BANK10  BANK11  BANK12  BANK13  BANK14
      Params:         0       0       0       0       0       0       0       0       0       0       0       0       0       0       0       0
      Locals:         0       0     151       0       0       0       0       0       0       0       0       0       0       0       0       0
      Temps:          0       1       0       0       0       0       0       0       0       0       0       0       0       0       0       0
      Totals:         0       1     151       0       0       0       0       0       0       0       0       0       0       0       0       0
Total ram usage:      152 bytes
 Hardware stack levels required when called:   14
 This function calls:
		_Open1USART
		_OpenTimer0
		_OpenTimer1
		_ToMainHigh_recvmsg
		_ToMainLow_recvmsg
		_block_on_To_msgqueues
		_enable_interrupts
		_i2c_configure_slave
		_init_i2c
		_init_queues
		_init_timer1_lthread
		_init_uart_recv
		_timer0_lthread
		_timer1_lthread
		_uart_send
 This function is called by:
		Startup code after reset
 This function uses a non-reentrant model


 *************** function _uart_send *****************
 Defined at:
		line 70 in file "../src/my_uart.c"
 Parameters:    Size  Location     Type
  length          2   80[BANK0 ] int 
  msg_buffer      2   82[BANK0 ] PTR unsigned char 
		 -> main@msgbuffer(27), 
 Auto vars:     Size  Location     Type
		None
 Return value:  Size  Location     Type
		None               void
 Registers used:
		wreg, fsr1l, fsr1h, fsr2l, fsr2h, status,2, status,0, prodl, prodh, cstack
 Tracked objects:
		On entry : 
		On exit  : 
		Unchanged: 
 Data sizes:     COMRAM   BANK0   BANK1   BANK2   BANK3   BANK4   BANK5   BANK6   BANK7   BANK8   BANK9  BANK10  BANK11  BANK12  BANK13  BANK14
      Params:         0       4       0       0       0       0       0       0       0       0       0       0       0       0       0       0
      Locals:         0       0       0       0       0       0       0       0       0       0       0       0       0       0       0       0
      Temps:          0       0       0       0       0       0       0       0       0       0       0       0       0       0       0       0
      Totals:         0       4       0       0       0       0       0       0       0       0       0       0       0       0       0       0
Total ram usage:        4 bytes
 Hardware stack levels used:    1
 Hardware stack levels required when called:   13
 This function calls:
		_FromMainLow_sendmsg
 This function is called by:
		_main
 This function uses a non-reentrant model


 *************** function _FromMainLow_sendmsg *****************
 Defined at:
		line 150 in file "../src/messages.c"
 Parameters:    Size  Location     Type
  length          1    wreg     unsigned char 
  msgtype         1   76[BANK0 ] unsigned char 
  data            2   77[BANK0 ] PTR void 
		 -> main@msgbuffer(27), 
 Auto vars:     Size  Location     Type
  length          1   79[BANK0 ] unsigned char 
 Return value:  Size  Location     Type
                  1    wreg      char 
 Registers used:
		wreg, fsr1l, fsr1h, fsr2l, fsr2h, status,2, status,0, prodl, prodh, cstack
 Tracked objects:
		On entry : 
		On exit  : 
		Unchanged: 
 Data sizes:     COMRAM   BANK0   BANK1   BANK2   BANK3   BANK4   BANK5   BANK6   BANK7   BANK8   BANK9  BANK10  BANK11  BANK12  BANK13  BANK14
      Params:         0       3       0       0       0       0       0       0       0       0       0       0       0       0       0       0
      Locals:         0       1       0       0       0       0       0       0       0       0       0       0       0       0       0       0
      Temps:          0       0       0       0       0       0       0       0       0       0       0       0       0       0       0       0
      Totals:         0       4       0       0       0       0       0       0       0       0       0       0       0       0       0       0
Total ram usage:        4 bytes
 Hardware stack levels used:    1
 Hardware stack levels required when called:   12
 This function calls:
		_send_msg
 This function is called by:
		_uart_send
 This function uses a non-reentrant model


 *************** function _timer1_lthread *****************
 Defined at:
		line 14 in file "../src/timer1_thread.c"
 Parameters:    Size  Location     Type
  tptr            2   80[BANK0 ] PTR struct __timer1_thre
		 -> main@t1thread_data(2), 
  msgtype         2   82[BANK0 ] int 
  length          2   84[BANK0 ] int 
  msgbuffer       2   86[BANK0 ] PTR unsigned char 
		 -> main@msgbuffer(27), 
 Auto vars:     Size  Location     Type
  retval          1   88[BANK0 ] char 
 Return value:  Size  Location     Type
                  2   80[BANK0 ] int 
 Registers used:
		wreg, fsr1l, fsr1h, fsr2l, fsr2h, status,2, status,0, prodl, prodh, cstack
 Tracked objects:
		On entry : 
		On exit  : 
		Unchanged: 
 Data sizes:     COMRAM   BANK0   BANK1   BANK2   BANK3   BANK4   BANK5   BANK6   BANK7   BANK8   BANK9  BANK10  BANK11  BANK12  BANK13  BANK14
      Params:         0       8       0       0       0       0       0       0       0       0       0       0       0       0       0       0
      Locals:         0       1       0       0       0       0       0       0       0       0       0       0       0       0       0       0
      Temps:          0       0       0       0       0       0       0       0       0       0       0       0       0       0       0       0
      Totals:         0       9       0       0       0       0       0       0       0       0       0       0       0       0       0       0
Total ram usage:        9 bytes
 Hardware stack levels used:    1
 Hardware stack levels required when called:   13
 This function calls:
		_FromMainHigh_sendmsg
		___lwmod
 This function is called by:
		_main
 This function uses a non-reentrant model


 *************** function ___lwmod *****************
 Defined at:
		line 8 in file "C:\Program Files\Microchip\xc8\v1.32\sources\common\lwmod.c"
 Parameters:    Size  Location     Type
  dividend        2   54[BANK0 ] unsigned int 
  divisor         2   56[BANK0 ] unsigned int 
 Auto vars:     Size  Location     Type
  counter         1   58[BANK0 ] unsigned char 
 Return value:  Size  Location     Type
                  2   54[BANK0 ] unsigned int 
 Registers used:
		wreg, status,2, status,0
 Tracked objects:
		On entry : 
		On exit  : 
		Unchanged: 
 Data sizes:     COMRAM   BANK0   BANK1   BANK2   BANK3   BANK4   BANK5   BANK6   BANK7   BANK8   BANK9  BANK10  BANK11  BANK12  BANK13  BANK14
      Params:         0       4       0       0       0       0       0       0       0       0       0       0       0       0       0       0
      Locals:         0       1       0       0       0       0       0       0       0       0       0       0       0       0       0       0
      Temps:          0       0       0       0       0       0       0       0       0       0       0       0       0       0       0       0
      Totals:         0       5       0       0       0       0       0       0       0       0       0       0       0       0       0       0
Total ram usage:        5 bytes
 Hardware stack levels used:    1
 Hardware stack levels required when called:   10
 This function calls:
		Nothing
 This function is called by:
		_timer1_lthread
 This function uses a non-reentrant model


 *************** function _FromMainHigh_sendmsg *****************
 Defined at:
		line 174 in file "../src/messages.c"
 Parameters:    Size  Location     Type
  length          1    wreg     unsigned char 
  msgtype         1   76[BANK0 ] unsigned char 
  data            2   77[BANK0 ] PTR void 
		 -> main@t1thread_data(2), 
 Auto vars:     Size  Location     Type
  length          1   79[BANK0 ] unsigned char 
 Return value:  Size  Location     Type
                  1    wreg      char 
 Registers used:
		wreg, fsr1l, fsr1h, fsr2l, fsr2h, status,2, status,0, prodl, prodh, cstack
 Tracked objects:
		On entry : 
		On exit  : 
		Unchanged: 
 Data sizes:     COMRAM   BANK0   BANK1   BANK2   BANK3   BANK4   BANK5   BANK6   BANK7   BANK8   BANK9  BANK10  BANK11  BANK12  BANK13  BANK14
      Params:         0       3       0       0       0       0       0       0       0       0       0       0       0       0       0       0
      Locals:         0       1       0       0       0       0       0       0       0       0       0       0       0       0       0       0
      Temps:          0       0       0       0       0       0       0       0       0       0       0       0       0       0       0       0
      Totals:         0       4       0       0       0       0       0       0       0       0       0       0       0       0       0       0
Total ram usage:        4 bytes
 Hardware stack levels used:    1
 Hardware stack levels required when called:   12
 This function calls:
		_send_msg
 This function is called by:
		_timer1_lthread
 This function uses a non-reentrant model


 *************** function _send_msg *****************
 Defined at:
		line 24 in file "../src/messages.c"
 Parameters:    Size  Location     Type
  qptr            2   64[BANK0 ] PTR struct __msg_queue
		 -> SensorData_MQ(118), FromMainHigh_MQ(118), FromMainLow_MQ(118), ToMainHigh_MQ(118), 
		 -> ToMainLow_MQ(118), 
  length          1   66[BANK0 ] unsigned char 
  msgtype         1   67[BANK0 ] unsigned char 
  data            2   68[BANK0 ] PTR void 
		 -> timer0_int_handler@val(2), NULL(0), uart_recv_int_handler@readin(6), i2c_int_handler@error_buf(3), 
		 -> main@msgbuffer(27), main@t1thread_data(2), main@ic(60), 
 Auto vars:     Size  Location     Type
  qmsg            2   74[BANK0 ] PTR struct __msg
		 -> FromMainLow_MQ.queue(116), FromMainHigh_MQ.queue(116), SensorData_MQ.queue(116), ToMainHigh_MQ.queue(116), 
		 -> ToMainLow_MQ.queue(116), SensorData_MQ(118), FromMainHigh_MQ(118), FromMainLow_MQ(118), 
		 -> ToMainHigh_MQ(118), ToMainLow_MQ(118), 
  tlength         2   71[BANK0 ] unsigned int 
  slot            1   73[BANK0 ] unsigned char 
 Return value:  Size  Location     Type
                  1    wreg      char 
 Registers used:
		wreg, fsr1l, fsr1h, fsr2l, fsr2h, status,2, status,0, prodl, prodh, cstack
 Tracked objects:
		On entry : 
		On exit  : 
		Unchanged: 
 Data sizes:     COMRAM   BANK0   BANK1   BANK2   BANK3   BANK4   BANK5   BANK6   BANK7   BANK8   BANK9  BANK10  BANK11  BANK12  BANK13  BANK14
      Params:         0       6       0       0       0       0       0       0       0       0       0       0       0       0       0       0
      Locals:         0       5       0       0       0       0       0       0       0       0       0       0       0       0       0       0
      Temps:          0       1       0       0       0       0       0       0       0       0       0       0       0       0       0       0
      Totals:         0      12       0       0       0       0       0       0       0       0       0       0       0       0       0       0
Total ram usage:       12 bytes
 Hardware stack levels used:    1
 Hardware stack levels required when called:   11
 This function calls:
		_memcpy
 This function is called by:
		_FromMainLow_sendmsg
		_FromMainHigh_sendmsg
 This function uses a non-reentrant model


 *************** function _timer0_lthread *****************
 Defined at:
		line 9 in file "../src/timer0_thread.c"
 Parameters:    Size  Location     Type
  tptr            2   54[BANK0 ] PTR struct __timer0_thre
		 -> main@t0thread_data(2), 
  msgtype         2   56[BANK0 ] int 
  length          2   58[BANK0 ] int 
  msgbuffer       2   60[BANK0 ] PTR unsigned char 
		 -> main@msgbuffer(27), 
 Auto vars:     Size  Location     Type
  msgval          2   62[BANK0 ] PTR unsigned int 
		 -> main@msgbuffer(27), 
 Return value:  Size  Location     Type
                  2   54[BANK0 ] int 
 Registers used:
		wreg, status,2, status,0
 Tracked objects:
		On entry : 
		On exit  : 
		Unchanged: 
 Data sizes:     COMRAM   BANK0   BANK1   BANK2   BANK3   BANK4   BANK5   BANK6   BANK7   BANK8   BANK9  BANK10  BANK11  BANK12  BANK13  BANK14
      Params:         0       8       0       0       0       0       0       0       0       0       0       0       0       0       0       0
      Locals:         0       2       0       0       0       0       0       0       0       0       0       0       0       0       0       0
      Temps:          0       0       0       0       0       0       0       0       0       0       0       0       0       0       0       0
      Totals:         0      10       0       0       0       0       0       0       0       0       0       0       0       0       0       0
Total ram usage:       10 bytes
 Hardware stack levels used:    1
 Hardware stack levels required when called:   10
 This function calls:
		Nothing
 This function is called by:
		_main
 This function uses a non-reentrant model


 *************** function _init_uart_recv *****************
 Defined at:
		line 47 in file "../src/my_uart.c"
 Parameters:    Size  Location     Type
  uc              2   54[BANK0 ] PTR struct __uart_comm
		 -> main@uc(57), 
 Auto vars:     Size  Location     Type
		None
 Return value:  Size  Location     Type
		None               void
 Registers used:
		wreg, fsr2l, fsr2h, status,2, status,0
 Tracked objects:
		On entry : 
		On exit  : 
		Unchanged: 
 Data sizes:     COMRAM   BANK0   BANK1   BANK2   BANK3   BANK4   BANK5   BANK6   BANK7   BANK8   BANK9  BANK10  BANK11  BANK12  BANK13  BANK14
      Params:         0       2       0       0       0       0       0       0       0       0       0       0       0       0       0       0
      Locals:         0       0       0       0       0       0       0       0       0       0       0       0       0       0       0       0
      Temps:          0       0       0       0       0       0       0       0       0       0       0       0       0       0       0       0
      Totals:         0       2       0       0       0       0       0       0       0       0       0       0       0       0       0       0
Total ram usage:        2 bytes
 Hardware stack levels used:    1
 Hardware stack levels required when called:   10
 This function calls:
		Nothing
 This function is called by:
		_main
 This function uses a non-reentrant model


 *************** function _init_timer1_lthread *****************
 Defined at:
		line 6 in file "../src/timer1_thread.c"
 Parameters:    Size  Location     Type
  tptr            2   54[BANK0 ] PTR struct __timer1_thre
		 -> main@t1thread_data(2), 
 Auto vars:     Size  Location     Type
		None
 Return value:  Size  Location     Type
		None               void
 Registers used:
		wreg, fsr2l, fsr2h
 Tracked objects:
		On entry : 
		On exit  : 
		Unchanged: 
 Data sizes:     COMRAM   BANK0   BANK1   BANK2   BANK3   BANK4   BANK5   BANK6   BANK7   BANK8   BANK9  BANK10  BANK11  BANK12  BANK13  BANK14
      Params:         0       2       0       0       0       0       0       0       0       0       0       0       0       0       0       0
      Locals:         0       0       0       0       0       0       0       0       0       0       0       0       0       0       0       0
      Temps:          0       0       0       0       0       0       0       0       0       0       0       0       0       0       0       0
      Totals:         0       2       0       0       0       0       0       0       0       0       0       0       0       0       0       0
Total ram usage:        2 bytes
 Hardware stack levels used:    1
 Hardware stack levels required when called:   10
 This function calls:
		Nothing
 This function is called by:
		_main
 This function uses a non-reentrant model


 *************** function _init_queues *****************
 Defined at:
		line 214 in file "../src/messages.c"
 Parameters:    Size  Location     Type
		None
 Auto vars:     Size  Location     Type
		None
 Return value:  Size  Location     Type
		None               void
 Registers used:
		wreg, fsr2l, fsr2h, status,2, status,0, prodl, prodh, cstack
 Tracked objects:
		On entry : 
		On exit  : 
		Unchanged: 
 Data sizes:     COMRAM   BANK0   BANK1   BANK2   BANK3   BANK4   BANK5   BANK6   BANK7   BANK8   BANK9  BANK10  BANK11  BANK12  BANK13  BANK14
      Params:         0       0       0       0       0       0       0       0       0       0       0       0       0       0       0       0
      Locals:         0       0       0       0       0       0       0       0       0       0       0       0       0       0       0       0
      Temps:          0       0       0       0       0       0       0       0       0       0       0       0       0       0       0       0
      Totals:         0       0       0       0       0       0       0       0       0       0       0       0       0       0       0       0
Total ram usage:        0 bytes
 Hardware stack levels used:    1
 Hardware stack levels required when called:   11
 This function calls:
		_init_queue
 This function is called by:
		_main
 This function uses a non-reentrant model


 *************** function _init_queue *****************
 Defined at:
		line 14 in file "../src/messages.c"
 Parameters:    Size  Location     Type
  qptr            2   54[BANK0 ] PTR struct __msg_queue
		 -> SensorData_MQ(118), FromMainHigh_MQ(118), FromMainLow_MQ(118), ToMainHigh_MQ(118), 
		 -> ToMainLow_MQ(118), 
 Auto vars:     Size  Location     Type
  i               1   56[BANK0 ] unsigned char 
 Return value:  Size  Location     Type
		None               void
 Registers used:
		wreg, fsr2l, fsr2h, status,2, status,0, prodl, prodh
 Tracked objects:
		On entry : 
		On exit  : 
		Unchanged: 
 Data sizes:     COMRAM   BANK0   BANK1   BANK2   BANK3   BANK4   BANK5   BANK6   BANK7   BANK8   BANK9  BANK10  BANK11  BANK12  BANK13  BANK14
      Params:         0       2       0       0       0       0       0       0       0       0       0       0       0       0       0       0
      Locals:         0       1       0       0       0       0       0       0       0       0       0       0       0       0       0       0
      Temps:          0       0       0       0       0       0       0       0       0       0       0       0       0       0       0       0
      Totals:         0       3       0       0       0       0       0       0       0       0       0       0       0       0       0       0
Total ram usage:        3 bytes
 Hardware stack levels used:    1
 Hardware stack levels required when called:   10
 This function calls:
		Nothing
 This function is called by:
[...]
      Totals:         0      12       0       0       0       0       0       0       0       0       0       0       0       0       0       0
Total ram usage:       12 bytes
 Hardware stack levels used:    1
 Hardware stack levels required when called:    1
 This function calls:
		i2_memcpy
 This function is called by:
		_ToMainHigh_sendmsg
 This function uses a non-reentrant model


 *************** function _SensorData_recvmsg *****************
 Defined at:
		line 203 in file "../src/messages.c"
 Parameters:    Size  Location     Type
  maxlength       1    wreg     unsigned char 
  msgtype         2   24[BANK0 ] PTR unsigned char 
		 -> RAM(3775), 
  data            2   26[BANK0 ] PTR void 
		 -> NULL(0), main@ic(60), 
 Auto vars:     Size  Location     Type
  maxlength       1   28[BANK0 ] unsigned char 
 Return value:  Size  Location     Type
                  1    wreg      char 
 Registers used:
		wreg, fsr1l, fsr1h, fsr2l, fsr2h, status,2, status,0, prodl, prodh, cstack
 Tracked objects:
		On entry : 
		On exit  : 
		Unchanged: 
 Data sizes:     COMRAM   BANK0   BANK1   BANK2   BANK3   BANK4   BANK5   BANK6   BANK7   BANK8   BANK9  BANK10  BANK11  BANK12  BANK13  BANK14
      Params:         0       4       0       0       0       0       0       0       0       0       0       0       0       0       0       0
      Locals:         0       1       0       0       0       0       0       0       0       0       0       0       0       0       0       0
      Temps:          0       0       0       0       0       0       0       0       0       0       0       0       0       0       0       0
      Totals:         0       5       0       0       0       0       0       0       0       0       0       0       0       0       0       0
Total ram usage:        5 bytes
 Hardware stack levels used:    1
 Hardware stack levels required when called:    2
 This function calls:
		i2_recv_msg
 This function is called by:
		_i2c_int_handler
 This function uses a non-reentrant model


 *************** function i2_recv_msg *****************
 Defined at:
		line 63 in file "../src/messages.c"
 Parameters:    Size  Location     Type
  qptr            2   10[BANK0 ] PTR struct __msg_queue
		 -> SensorData_MQ(118), FromMainHigh_MQ(118), FromMainLow_MQ(118), ToMainHigh_MQ(118), 
		 -> ToMainLow_MQ(118), 
  maxlength       1   12[BANK0 ] unsigned char 
  msgtype         2   13[BANK0 ] PTR unsigned char 
		 -> timer0_int_handler@msgtype(2), RAM(3775), main@msgtype(1), 
  data            2   15[BANK0 ] PTR void 
		 -> timer0_int_handler@val(2), NULL(0), main@msgbuffer(27), main@ic(60), 
		 -> main@uc(57), 
 Auto vars:     Size  Location     Type
  recv_msg        2   22[BANK0 ] PTR struct __msg
		 -> FromMainLow_MQ.queue(116), FromMainHigh_MQ.queue(116), SensorData_MQ.queue(116), ToMainHigh_MQ.queue(116), 
		 -> ToMainLow_MQ.queue(116), SensorData_MQ(118), FromMainHigh_MQ(118), FromMainLow_MQ(118), 
		 -> ToMainHigh_MQ(118), ToMainLow_MQ(118), 
  recv_msg        2   20[BANK0 ] unsigned int 
  recv_msg        1   19[BANK0 ] unsigned char 
 Return value:  Size  Location     Type
                  1    wreg      char 
 Registers used:
		wreg, fsr1l, fsr1h, fsr2l, fsr2h, status,2, status,0, prodl, prodh, cstack
 Tracked objects:
		On entry : 
		On exit  : 
		Unchanged: 
 Data sizes:     COMRAM   BANK0   BANK1   BANK2   BANK3   BANK4   BANK5   BANK6   BANK7   BANK8   BANK9  BANK10  BANK11  BANK12  BANK13  BANK14
      Params:         0       7       0       0       0       0       0       0       0       0       0       0       0       0       0       0
      Locals:         0       5       0       0       0       0       0       0       0       0       0       0       0       0       0       0
      Temps:          0       2       0       0       0       0       0       0       0       0       0       0       0       0       0       0
      Totals:         0      14       0       0       0       0       0       0       0       0       0       0       0       0       0       0
Total ram usage:       14 bytes
 Hardware stack levels used:    1
 Hardware stack levels required when called:    1
 This function calls:
		i2_memcpy
 This function is called by:
		_FromMainHigh_recvmsg
		_SensorData_recvmsg
 This function uses a non-reentrant model


 *************** function i2_memcpy *****************
 Defined at:
		line 11 in file "C:\Program Files\Microchip\xc8\v1.32\sources\common\memcpy.c"
 Parameters:    Size  Location     Type
  d1              2    0[BANK0 ] PTR void 
		 -> FromMainLow_MQ.queue(116), FromMainHigh_MQ.queue(116), SensorData_MQ.queue(116), ToMainHigh_MQ.queue(116), 
		 -> ToMainLow_MQ.queue(116), timer0_int_handler@val(2), NULL(0), SensorData_MQ(118), 
		 -> FromMainHigh_MQ(118), FromMainLow_MQ(118), ToMainHigh_MQ(118), ToMainLow_MQ(118), 
		 -> main@msgbuffer(27), main@ic(60), main@uc(57), 
  s1              2    2[BANK0 ] PTR const void 
		 -> ToMainLow_MQ.data(26), ToMainHigh_MQ.data(26), FromMainLow_MQ.data(26), FromMainHigh_MQ.data(26), 
		 -> SensorData_MQ.data(26), ToMainLow_MQ.queue.data(26), ToMainHigh_MQ.queue.data(26), SensorData_MQ.queue.data(26), 
		 -> FromMainHigh_MQ.queue.data(26), FromMainLow_MQ.queue.data(26), timer0_int_handler@val(2), NULL(0), 
		 -> uart_recv_int_handler@readin(6), i2c_int_handler@error_buf(3), SensorData_MQ(118), FromMainHigh_MQ(118), 
		 -> FromMainLow_MQ(118), ToMainHigh_MQ(118), ToMainLow_MQ(118), main@msgbuffer(27), 
		 -> main@t1thread_data(2), main@ic(60), 
  n               2    4[BANK0 ] unsigned int 
 Auto vars:     Size  Location     Type
  memcpy          2    8[BANK0 ] PTR const unsigned char 
		 -> ToMainLow_MQ.data(26), ToMainHigh_MQ.data(26), FromMainLow_MQ.data(26), FromMainHigh_MQ.data(26), 
		 -> SensorData_MQ.data(26), ToMainLow_MQ.queue.data(26), ToMainHigh_MQ.queue.data(26), SensorData_MQ.queue.data(26), 
		 -> FromMainHigh_MQ.queue.data(26), FromMainLow_MQ.queue.data(26), timer0_int_handler@val(2), NULL(0), 
		 -> uart_recv_int_handler@readin(6), i2c_int_handler@error_buf(3), SensorData_MQ(118), FromMainHigh_MQ(118), 
		 -> FromMainLow_MQ(118), ToMainHigh_MQ(118), ToMainLow_MQ(118), main@msgbuffer(27), 
		 -> main@t1thread_data(2), main@ic(60), 
  memcpy          2    6[BANK0 ] PTR unsigned char 
		 -> FromMainLow_MQ.queue(116), FromMainHigh_MQ.queue(116), SensorData_MQ.queue(116), ToMainHigh_MQ.queue(116), 
		 -> ToMainLow_MQ.queue(116), timer0_int_handler@val(2), NULL(0), SensorData_MQ(118), 
		 -> FromMainHigh_MQ(118), FromMainLow_MQ(118), ToMainHigh_MQ(118), ToMainLow_MQ(118), 
		 -> main@msgbuffer(27), main@ic(60), main@uc(57), 
 Return value:  Size  Location     Type
                  2    0[BANK0 ] PTR void 
 Registers used:
		wreg, fsr1l, fsr1h, fsr2l, fsr2h, status,2, status,0
 Tracked objects:
		On entry : 
		On exit  : 
		Unchanged: 
 Data sizes:     COMRAM   BANK0   BANK1   BANK2   BANK3   BANK4   BANK5   BANK6   BANK7   BANK8   BANK9  BANK10  BANK11  BANK12  BANK13  BANK14
      Params:         0       6       0       0       0       0       0       0       0       0       0       0       0       0       0       0
      Locals:         0       4       0       0       0       0       0       0       0       0       0       0       0       0       0       0
      Temps:          0       0       0       0       0       0       0       0       0       0       0       0       0       0       0       0
      Totals:         0      10       0       0       0       0       0       0       0       0       0       0       0       0       0       0
Total ram usage:       10 bytes
 Hardware stack levels used:    1
 This function calls:
		Nothing
 This function is called by:
		i2_send_msg
		i2_recv_msg
 This function uses a non-reentrant model


 *************** function _SleepIfOkay *****************
 Defined at:
		line 247 in file "../src/messages.c"
 Parameters:    Size  Location     Type
		None
 Auto vars:     Size  Location     Type
		None
 Return value:  Size  Location     Type
		None               void
 Registers used:
		wreg, fsr2l, fsr2h, status,2, status,0, prodl, prodh, cstack
 Tracked objects:
		On entry : 
		On exit  : 
		Unchanged: 
 Data sizes:     COMRAM   BANK0   BANK1   BANK2   BANK3   BANK4   BANK5   BANK6   BANK7   BANK8   BANK9  BANK10  BANK11  BANK12  BANK13  BANK14
      Params:         0       0       0       0       0       0       0       0       0       0       0       0       0       0       0       0
      Locals:         0       0       0       0       0       0       0       0       0       0       0       0       0       0       0       0
      Temps:          0       0       0       0       0       0       0       0       0       0       0       0       0       0       0       0
      Totals:         0       0       0       0       0       0       0       0       0       0       0       0       0       0       0       0
Total ram usage:        0 bytes
 Hardware stack levels used:    1
 Hardware stack levels required when called:    2
 This function calls:
		_enter_sleep_mode
		i2_check_msg
		i2_in_high_int
		i2_in_low_int
 This function is called by:
		_InterruptHandlerHigh
 This function uses a non-reentrant model


 *************** function i2_in_low_int *****************
 Defined at:
		line 30 in file "../src/interrupts.c"
 Parameters:    Size  Location     Type
		None
 Auto vars:     Size  Location     Type
		None
 Return value:  Size  Location     Type
                  2    2[BANK0 ] int 
 Registers used:
		wreg, status,2, status,0, cstack
 Tracked objects:
		On entry : 
		On exit  : 
		Unchanged: 
 Data sizes:     COMRAM   BANK0   BANK1   BANK2   BANK3   BANK4   BANK5   BANK6   BANK7   BANK8   BANK9  BANK10  BANK11  BANK12  BANK13  BANK14
      Params:         0       2       0       0       0       0       0       0       0       0       0       0       0       0       0       0
      Locals:         0       0       0       0       0       0       0       0       0       0       0       0       0       0       0       0
      Temps:          0       0       0       0       0       0       0       0       0       0       0       0       0       0       0       0
      Totals:         0       2       0       0       0       0       0       0       0       0       0       0       0       0       0       0
Total ram usage:        2 bytes
 Hardware stack levels used:    1
 Hardware stack levels required when called:    1
 This function calls:
		i2_in_high_int
 This function is called by:
		_SleepIfOkay
 This function uses a non-reentrant model


 *************** function i2_in_high_int *****************
 Defined at:
		line 22 in file "../src/interrupts.c"
 Parameters:    Size  Location     Type
		None
 Auto vars:     Size  Location     Type
		None
 Return value:  Size  Location     Type
                  2    0[BANK0 ] int 
 Registers used:
		wreg, status,2
 Tracked objects:
		On entry : 
		On exit  : 
		Unchanged: 
 Data sizes:     COMRAM   BANK0   BANK1   BANK2   BANK3   BANK4   BANK5   BANK6   BANK7   BANK8   BANK9  BANK10  BANK11  BANK12  BANK13  BANK14
      Params:         0       2       0       0       0       0       0       0       0       0       0       0       0       0       0       0
      Locals:         0       0       0       0       0       0       0       0       0       0       0       0       0       0       0       0
      Temps:          0       0       0       0       0       0       0       0       0       0       0       0       0       0       0       0
      Totals:         0       2       0       0       0       0       0       0       0       0       0       0       0       0       0       0
Total ram usage:        2 bytes
 Hardware stack levels used:    1
 This function calls:
		Nothing
 This function is called by:
		_SleepIfOkay
		i2_in_low_int
 This function uses a non-reentrant model


 *************** function i2_check_msg *****************
 Defined at:
		line 241 in file "../src/messages.c"
 Parameters:    Size  Location     Type
  qptr            2    0[BANK0 ] PTR struct __msg_queue
		 -> ToMainHigh_MQ(118), ToMainLow_MQ(118), 
 Auto vars:     Size  Location     Type
		None
 Return value:  Size  Location     Type
                  1    wreg      unsigned char 
 Registers used:
		wreg, fsr2l, fsr2h, status,2, status,0, prodl, prodh
 Tracked objects:
		On entry : 
		On exit  : 
		Unchanged: 
 Data sizes:     COMRAM   BANK0   BANK1   BANK2   BANK3   BANK4   BANK5   BANK6   BANK7   BANK8   BANK9  BANK10  BANK11  BANK12  BANK13  BANK14
      Params:         0       2       0       0       0       0       0       0       0       0       0       0       0       0       0       0
      Locals:         0       0       0       0       0       0       0       0       0       0       0       0       0       0       0       0
      Temps:          0       1       0       0       0       0       0       0       0       0       0       0       0       0       0       0
      Totals:         0       3       0       0       0       0       0       0       0       0       0       0       0       0       0       0
Total ram usage:        3 bytes
 Hardware stack levels used:    1
 This function calls:
		Nothing
 This function is called by:
		_SleepIfOkay
 This function uses a non-reentrant model


 *************** function _enter_sleep_mode *****************
 Defined at:
		line 223 in file "../src/messages.c"
 Parameters:    Size  Location     Type
		None
 Auto vars:     Size  Location     Type
		None
 Return value:  Size  Location     Type
		None               void
 Registers used:
		None
 Tracked objects:
		On entry : 
		On exit  : 
		Unchanged: 
 Data sizes:     COMRAM   BANK0   BANK1   BANK2   BANK3   BANK4   BANK5   BANK6   BANK7   BANK8   BANK9  BANK10  BANK11  BANK12  BANK13  BANK14
      Params:         0       0       0       0       0       0       0       0       0       0       0       0       0       0       0       0
      Locals:         0       0       0       0       0       0       0       0       0       0       0       0       0       0       0       0
      Temps:          0       0       0       0       0       0       0       0       0       0       0       0       0       0       0       0
      Totals:         0       0       0       0       0       0       0       0       0       0       0       0       0       0       0       0
Total ram usage:        0 bytes
 Hardware stack levels used:    1
 This function calls:
		Nothing
 This function is called by:
		_SleepIfOkay
 This function uses a non-reentrant model



MODULE INFORMATION

Module		Function		Class		Link	Load	Size
C:\Program Files\Microchip\xc8\v1.32\sources\common\memcpy.c
		_memcpy        		CODE           	17B2	0000	80

C:\Program Files\Microchip\xc8\v1.32\sources\common\memcpy.c estimated size: 80

C:\Program Files\Microchip\xc8\v1.32\sources\pic18\plib\Timers\t0open.c
		_OpenTimer0    		CODE           	1C46	0000	38

C:\Program Files\Microchip\xc8\v1.32\sources\pic18\plib\Timers\t0open.c estimated size: 38

../src/timer0_thread.c
		_timer0_lthread		CODE           	1D4C	0000	14

../src/timer0_thread.c estimated size: 14

C:\Program Files\Microchip\xc8\v1.32\sources\pic18\plib\Timers\t1read.c
		_ReadTimer1    		CODE           	1D08	0000	18

C:\Program Files\Microchip\xc8\v1.32\sources\pic18\plib\Timers\t1read.c estimated size: 18

../src/user_interrupts.c
		_timer0_int_han		CODE           	1430	0000	110
		_timer1_int_han		CODE           	1BCA	0000	44

../src/user_interrupts.c estimated size: 154

C:\Program Files\Microchip\xc8\v1.32\sources\pic18\d1ktcyx.c
		_Delay1KTCYx   		CODE           	1CD0	0000	20

C:\Program Files\Microchip\xc8\v1.32\sources\pic18\d1ktcyx.c estimated size: 20

../src/my_i2c.c
		_start_i2c_slav		CODE           	0CD6	0000	260
		_handle_start  		CODE           	1084	0000	202
		_i2c_configure_		CODE           	1BF6	0000	40
		_init_i2c      		CODE           	150A	0000	102
		_i2c_int_handle		CODE           	00C4	0000	1996

../src/my_i2c.c estimated size: 2600

C:\Program Files\Microchip\xc8\v1.32\sources\pic18\plib\USART\u1open.c
		_Open1USART    		CODE           	13C0	0000	112

C:\Program Files\Microchip\xc8\v1.32\sources\pic18\plib\USART\u1open.c estimated size: 112

C:\Program Files\Microchip\xc8\v1.32\sources\pic18\plib\Timers\t1write.c
		_WriteTimer1   		CODE           	1CF6	0000	18

C:\Program Files\Microchip\xc8\v1.32\sources\pic18\plib\Timers\t1write.c estimated size: 18

../src/timer1_thread.c
		_timer1_lthread		CODE           	16F6	0000	94
		_init_timer1_lt		CODE           	1CE4	0000	18

../src/timer1_thread.c estimated size: 112

../src/interrupts.c
		_enable_interru		CODE           	1D5A	0000	8
		_in_low_int    		CODE           	18DC	0000	62
		_in_main       		CODE           	1958	0000	60
		_in_high_int   		CODE           	1D2C	0000	16
		_InterruptHandl		CODE           	0018	0000	168
		_InterruptHandl		CODE           	0008	0000	5048

../src/interrupts.c estimated size: 5362

shared
		i1_send_msg    		CODE           	11FA	0000	170
		i2_send_msg    		CODE           	0EC6	0000	236
		i2_in_high_int 		CODE           	1D3C	0000	16
		i1_recv_msg    		CODE           	0FB2	0000	210
		i2_recv_msg    		CODE           	0BB8	0000	286
		__initializatio		CODE           	1AA8	0000	42
		i2_in_low_int  		CODE           	191A	0000	62
		i1_memcpy      		CODE           	189C	0000	64
		i2_memcpy      		CODE           	1802	0000	80
		i2_check_msg   		CODE           	1B0E	0000	50

shared estimated size: 1216

../src/messages.c
		_ToMainHigh_sen		CODE           	1B9C	0000	46
		_ToMainHigh_rec		CODE           	1A06	0000	54
		_block_on_To_ms		CODE           	15D4	0000	98
		_check_msg     		CODE           	1ADC	0000	50
		_SensorData_sen		CODE           	1C6C	0000	36
		_FromMainLow_se		CODE           	1B40	0000	46
		_SensorData_rec		CODE           	1A72	0000	54
		_ToMainLow_send		CODE           	1C90	0000	34
		_ToMainLow_recv		CODE           	19D0	0000	54
		_FromMainLow_re		CODE           	1C1E	0000	40
		_FromMainHigh_s		CODE           	1B6E	0000	46
		_enter_sleep_mo		CODE           	1D62	0000	6
		_send_msg      		CODE           	0DDA	0000	236
		_FromMainHigh_r		CODE           	1A3C	0000	54
		_init_queue    		CODE           	1570	0000	100
		_init_queues   		CODE           	149E	0000	108
		_recv_msg      		CODE           	0A9A	0000	286
		_SleepIfOkay   		CODE           	1696	0000	96

../src/messages.c estimated size: 1444

../src/my_uart.c
		_uart_trans_int		CODE           	114E	0000	172
		_init_uart_recv		CODE           	1754	0000	94
		_uart_recv_int_		CODE           	12A4	0000	158
		_uart_send     		CODE           	1852	0000	74

../src/my_uart.c estimated size: 498

C:\Program Files\Microchip\xc8\v1.32\sources\pic18\plib\USART\u1read.c
		_Read1USART    		CODE           	1CB2	0000	30

C:\Program Files\Microchip\xc8\v1.32\sources\pic18\plib\USART\u1read.c estimated size: 30

C:\Program Files\Microchip\xc8\v1.32\sources\pic18\plib\Timers\t0write.c
		_WriteTimer0   		CODE           	1D1A	0000	18

C:\Program Files\Microchip\xc8\v1.32\sources\pic18\plib\Timers\t0write.c estimated size: 18

C:\Program Files\Microchip\xc8\v1.32\sources\common\lwmod.c
		___lwmod       		CODE           	1636	0000	96

C:\Program Files\Microchip\xc8\v1.32\sources\common\lwmod.c estimated size: 96

../src/main.c
		_main          		CODE           	0890	0000	522

../src/main.c estimated size: 522

C:\Program Files\Microchip\xc8\v1.32\sources\pic18\plib\Timers\t1open.c
		_OpenTimer1    		CODE           	1994	0000	60

C:\Program Files\Microchip\xc8\v1.32\sources\pic18\plib\Timers\t1open.c estimated size: 60

