Microchip MPLAB XC8 Compiler V1.33 ()

Linker command line:

--edf=C:\Program Files (x86)\Microchip\xc8\v1.33\dat\en_msgs.txt -cs \
  -h+dist/UseXC8/production\PIC_Framework_3.X.production.sym \
  --cmf=dist/UseXC8/production\PIC_Framework_3.X.production.cmf -z \
  -Q18F46J50 -oC:\Users\daduang\AppData\Local\Temp\s1sk.6 \
  -Mdist/UseXC8/production/PIC_Framework_3.X.production.map -E1 -ver=XC8 \
  -ASTACK=0279h-09ffh -pstack=STACK -ACODE=00h-0FFF7h -ACONST=00h-0FFF7h \
  -ASMALLCONST=0F00h-0FFFhx240,0FF00h-0FFF7h -AMEDIUMCONST=0F00h-0FFF7h \
  -ACOMRAM=01h-05Fh -AABS1=00h-0EBFh -ABIGRAM=01h-0EBFh \
  -ARAM=060h-0FFh,0100h-01FFhx13,0E00h-0EBFh -ABANK0=060h-0FFh \
  -ABANK1=0100h-01FFh -ABANK2=0200h-02FFh -ABANK3=0300h-03FFh \
  -ABANK4=0400h-04FFh -ABANK5=0500h-05FFh -ABANK6=0600h-06FFh \
  -ABANK7=0700h-07FFh -ABANK8=0800h-08FFh -ABANK9=0900h-09FFh \
  -ABANK10=0A00h-0AFFh -ABANK11=0B00h-0BFFh -ABANK12=0C00h-0CFFh \
  -ABANK13=0D00h-0DFFh -ABANK14=0E00h-0EBFh \
  -ASFR=0EC0h-0EFFh,0F00h-0F5Fh,0F60h-0FFFh \
  -preset_vec=00h,intcode=08h,intcodelo=018h,powerup,init,end_init \
  -pramtop=0F00h -psmallconst=SMALLCONST -pmediumconst=MEDIUMCONST \
  -pconst=CONST -AFARRAM=00h-00h -ACONFIG=0FFF8h-0FFFFh -pconfig=CONFIG \
  -pjflash_buffer=0F800h \
  -prdata=COMRAM,nvrram=COMRAM,nvbit=COMRAM,rbss=COMRAM,rbit=COMRAM \
  -pfarbss=FARRAM,fardata=FARRAM,nvFARRAM=FARRAM \
  -pintsave_regs=BIGRAM,bigbss=BIGRAM,bigdata=BIGRAM -pbss=RAM \
  -pidata=CODE,irdata=CODE,ibigdata=CODE,ifardata=CODE \
  C:\Users\daduang\AppData\Local\Temp\s1sk.obj \
  dist/UseXC8/production\PIC_Framework_3.X.production.obj 

Object code version is 3.11

Machine type is 18F46J50

Call graph: (short form)




                Name                               Link     Load   Length Selector   Space Scale
C:\Users\daduang\AppData\Local\Temp\s1sk.obj
                end_init                             C0       C0        4        C       0
                reset_vec                             0        0        4        0       0
                config                             FFF8     FFF8        8     FFF8       0
dist/UseXC8/production\PIC_Framework_3.X.production.obj
                intcodelo                            18       18       A8        C       0
                intcode                               8        8       10        4       0
                text54                             18FC     18FC        6        C       0
                text53                             1632     1632       32        C       0
                text52                             18E4     18E4       10        C       0
                text51                             14A6     14A6       3E        C       0
                text50                             1280     1280       60        C       0
                text49                             138E     138E       50        C       0
                text48                              BCC      BCC       EC        C       0
                text47                             171E     171E       2E        C       0
                text46                              D8A      D8A       CA        C       0
                text45                               C4       C4      56C        C       0
                text44                             18C2     18C2       12        C       0
                text43                             18B0     18B0       12        C       0
                intcode_body                        F9A      F9A       7E        C       0
                text41                             189E     189E       12        C       0
                text40                             188C     188C       12        C       0
                text39                             17EC     17EC       26        C       0
                text38                             1836     1836       1E        C       0
                text37                             1428     1428       40        C       0
                text36                              E54      E54       AA        C       0
                text35                             1812     1812       24        C       0
                text34                             155C     155C       38        C       0
                text33                              CB8      CB8       D2        C       0
                text32                             179E     179E       28        C       0
                text31                              EFE      EFE       9C        C       0
                text29                             174C     174C       2A        C       0
                text28                             1018     1018       70        C       0
                text27                             17C6     17C6       26        C       0
                text26                             1520     1520       3C        C       0
                text25                             133E     133E       50        C       0
                text24                              8BE      8BE      11E        C       0
                text23                             15CA     15CA       36        C       0
                text22                             1594     1594       36        C       0
                text21                             1854     1854       14        C       0
                text20                             1600     1600       32        C       0
                text19                             18D4     18D4       10        C       0
                text18                             1468     1468       3E        C       0
                text17                             14E4     14E4       3C        C       0
                text16                             11BE     11BE       62        C       0
                text15                             18F4     18F4        8        C       0
                text14                             1776     1776       28        C       0
                text13                             10F4     10F4       66        C       0
                text12                             115A     115A       64        C       0
                text11                             1088     1088       6C        C       0
                text10                             187A     187A       12        C       0
                text9                              16F0     16F0       2E        C       0
                text8                               9DC      9DC      104        C       0
                text7                              1868     1868       12        C       0
                text6                               AE0      AE0       EC        C       0
                text5                              16C2     16C2       2E        C       0
                text4                              1220     1220       60        C       0
                text3                              12E0     12E0       5E        C       0
                text2                              1694     1694       2E        C       0
                text1                              13DE     13DE       4A        C       0
                text0                               630      630      28E        C       0
                cstackCOMRAM                          1        1       30        1       1
                cstackBANK0                          97       97       35       60       1
                cstackBANK1                         1A2      1A2       20      100       1
                cstackBANK2                         200      200       43      200       1
                bssBANK2                            243      243       36      200       1
                bssBANK1                            100      100       A2      100       1
                bssBANK0                             60       60       37       60       1
                bssCOMRAM                            33       33        1        1       1
                cinit                              1664     1664       30        C       0
                nvBANK0                              CC       CC        2       60       1
                nvCOMRAM                             31       31        2        1       1

TOTAL           Name                               Link     Load   Length     Space
        CLASS   STACK          

        CLASS   CODE           
                end_init                             C0       C0        4         0
                intcodelo                            18       18       A8         0
                intcode                               8        8       10         0
                reset_vec                             0        0        4         0
                text54                             18FC     18FC        6         0
                text53                             1632     1632       32         0
                text52                             18E4     18E4       10         0
                text51                             14A6     14A6       3E         0
                text50                             1280     1280       60         0
                text49                             138E     138E       50         0
                text48                              BCC      BCC       EC         0
                text47                             171E     171E       2E         0
                text46                              D8A      D8A       CA         0
                text45                               C4       C4      56C         0
                text44                             18C2     18C2       12         0
                text43                             18B0     18B0       12         0
                intcode_body                        F9A      F9A       7E         0
                text41                             189E     189E       12         0
                text40                             188C     188C       12         0
                text39                             17EC     17EC       26         0
                text38                             1836     1836       1E         0
                text37                             1428     1428       40         0
                text36                              E54      E54       AA         0
                text35                             1812     1812       24         0
                text34                             155C     155C       38         0
                text33                              CB8      CB8       D2         0
                text32                             179E     179E       28         0
                text31                              EFE      EFE       9C         0
                text29                             174C     174C       2A         0
                text28                             1018     1018       70         0
                text27                             17C6     17C6       26         0
                text26                             1520     1520       3C         0
                text25                             133E     133E       50         0
                text24                              8BE      8BE      11E         0
                text23                             15CA     15CA       36         0
                text22                             1594     1594       36         0
                text21                             1854     1854       14         0
                text20                             1600     1600       32         0
                text19                             18D4     18D4       10         0
                text18                             1468     1468       3E         0
                text17                             14E4     14E4       3C         0
                text16                             11BE     11BE       62         0
                text15                             18F4     18F4        8         0
                text14                             1776     1776       28         0
                text13                             10F4     10F4       66         0
                text12                             115A     115A       64         0
                text11                             1088     1088       6C         0
                text10                             187A     187A       12         0
                text9                              16F0     16F0       2E         0
                text8                               9DC      9DC      104         0
                text7                              1868     1868       12         0
                text6                               AE0      AE0       EC         0
                text5                              16C2     16C2       2E         0
                text4                              1220     1220       60         0
                text3                              12E0     12E0       5E         0
                text2                              1694     1694       2E         0
                text1                              13DE     13DE       4A         0
                text0                               630      630      28E         0
                cinit                              1664     1664       30         0

        CLASS   CONST          

        CLASS   SMALLCONST     

        CLASS   MEDIUMCONST    

        CLASS   COMRAM         
                cstackCOMRAM                          1        1       30         1
                bssCOMRAM                            33       33        1         1
                nvCOMRAM                             31       31        2         1

        CLASS   ABS1           

        CLASS   BIGRAM         

        CLASS   RAM            

        CLASS   BANK0          
                cstackBANK0                          97       97       35         1
                bssBANK0                             60       60       37         1
                nvBANK0                              CC       CC        2         1

        CLASS   BANK1          
                cstackBANK1                         1A2      1A2       20         1
                bssBANK1                            100      100       A2         1

        CLASS   BANK2          
                cstackBANK2                         200      200       43         1
                bssBANK2                            243      243       36         1

        CLASS   BANK3          

        CLASS   BANK4          

        CLASS   BANK5          

        CLASS   BANK6          

        CLASS   BANK7          

        CLASS   BANK8          

        CLASS   BANK9          

        CLASS   BANK10         

        CLASS   BANK11         

        CLASS   BANK12         

        CLASS   BANK13         

        CLASS   BANK14         

        CLASS   SFR            

        CLASS   FARRAM         

        CLASS   CONFIG         
                config                             FFF8     FFF8        8         0

        CLASS   IDLOC          



SEGMENTS        Name                           Load    Length   Top    Selector   Space  Class

                reset_vec                      000000  000004  000004         0       0  CODE    
                cstackCOMRAM                   000001  000033  000034         1       1  COMRAM  
                intcode                        000008  000010  000018         4       0  CODE    
                intcodelo                      000018  0018EA  001902         C       0  CODE    
                bssBANK0                       000060  00006E  0000CE        60       1  BANK0   
                bssBANK1                       000100  0000C2  0001C2       100       1  BANK1   
                cstackBANK2                    000200  000079  000279       200       1  BANK2   
                config                         00FFF8  000008  010000      FFF8       0  CONFIG  


UNUSED ADDRESS RANGES

        Name                Unused          Largest block    Delta
        BANK0            000CE-000FF              32
        BANK1            001C2-001FF              3E
        BANK10           00A00-00AFF             100
        BANK11           00B00-00BFF             100
        BANK12           00C00-00CFF             100
        BANK13           00D00-00DFF             100
        BANK14           00E00-00EBF              C0
        BANK2            00279-002FF              87
        BANK3            00300-003FF             100
        BANK4            00400-004FF             100
        BANK5            00500-005FF             100
        BANK6            00600-006FF             100
        BANK7            00700-007FF             100
        BANK8            00800-008FF             100
        BANK9            00900-009FF             100
        BIGRAM           00034-0005F              2C
                         000CE-000FF              32
                         001C2-001FF              3E
                         00279-00EBF             C47
        CODE             00004-00007               4
                         01902-0FFF7            E6F6
        COMRAM           00034-0005F              2C
        CONST            00004-00007               4
                         01902-0FFF7            E6F6
        MEDIUMCONST      01902-0FFF7            E6F6
        RAM              000CE-000FF              32
                         001C2-001FF              3E
                         00279-00EBF             100
        SFR              00EC0-00FFF              60
        SMALLCONST       01902-0FFF7             100
        STACK            00279-009FF             787

                                  Symbol Table

?_ReadTimer1                     cstackCOMRAM  00001
?___lwmod                        cstackBANK1   001A2
?_in_high_int                    cstackBANK0   000C9
?_in_low_int                     cstackBANK1   001A2
?_in_main                        cstackBANK1   001A4
?i2_in_high_int                  cstackBANK0   00097
?i2_in_low_int                   cstackBANK0   00099
Delay1KTCYx@unit                 cstackBANK0   000C9
FromMainHigh_sendmsg@data        cstackBANK1   001B8
FromMainHigh_sendmsg@length      cstackBANK0   000CA
FromMainHigh_sendmsg@msgtype     cstackBANK1   001B7
FromMainLow_recvmsg@data         cstackCOMRAM  0001B
FromMainLow_recvmsg@maxlength    cstackCOMRAM  0001D
FromMainLow_recvmsg@msgtype      cstackCOMRAM  00019
FromMainLow_sendmsg@data         cstackBANK1   001B8
FromMainLow_sendmsg@length       cstackBANK0   000CA
FromMainLow_sendmsg@msgtype      cstackBANK1   001B7
Open1USART@config                cstackBANK0   000CB
Open1USART@spbrg                 cstackBANK0   000C9
OpenTimer0@config                cstackBANK0   000C9
OpenTimer1@config                cstackBANK0   000CB
OpenTimer1@config1               cstackBANK0   000C9
Read1USART@data                  cstackCOMRAM  00001
ReadTimer1@timer                 cstackCOMRAM  00003
ToMainHigh_recvmsg@data          cstackBANK1   001BA
ToMainHigh_recvmsg@maxlength     cstackBANK0   000CB
ToMainHigh_recvmsg@msgtype       cstackBANK1   001B8
ToMainHigh_sendmsg@data          cstackBANK0   000AE
ToMainHigh_sendmsg@length        cstackBANK0   000B0
ToMainHigh_sendmsg@msgtype       cstackBANK0   000AD
ToMainLow_recvmsg@data           cstackBANK1   001BA
ToMainLow_recvmsg@maxlength      cstackBANK0   000CB
ToMainLow_recvmsg@msgtype        cstackBANK1   001B8
ToMainLow_sendmsg@data           cstackCOMRAM  00018
ToMainLow_sendmsg@length         cstackCOMRAM  0001A
ToMainLow_sendmsg@msgtype        cstackCOMRAM  00017
WriteTimer0@timer                cstackBANK0   00099
WriteTimer0@timer0               cstackBANK0   00097
WriteTimer1@timer                cstackCOMRAM  00003
WriteTimer1@timer1               cstackCOMRAM  00001
_ADCON0                          (abs)         00FC2
_ADCON0bits                      (abs)         00FC2
_ADCON1bits                      (abs)         00FC1
_ADC_Init                        text29        0174C
_ADRES                           (abs)         00FC3
_ANCON0bits                      (abs)         00F48
_BAUDCON1bits                    (abs)         00F7E
_Delay1KTCYx                     text21        01854
_FromMainHigh_MQ                 bssBANK2      00243
_FromMainHigh_sendmsg            text5         016C2
_FromMainLow_MQ                  bssBANK1      00100
_FromMainLow_recvmsg             text32        0179E
_FromMainLow_sendmsg             text2         01694
_INTCON2bits                     (abs)         00FF1
_INTCONbits                      (abs)         00FF2
_IPR1bits                        (abs)         00F9F
_InterruptHandlerHigh            intcode       00008
_InterruptHandlerLow             intcodelo     00018
_LATCbits                        (abs)         00F8B
_LATEbits                        (abs)         00F8D
_MQ_Main_Willing_to_block        bssBANK0      00060
_OSCCON                          (abs)         00FD3
_OSCCONbits                      (abs)         00FD3
_OSCTUNEbits                     (abs)         00F9B
_Open1USART                      text28        01018
_OpenTimer0                      text27        017C6
_OpenTimer1                      text26        01520
_PIE1bits                        (abs)         00F9D
_PIR1bits                        (abs)         00F9E
_PORTBbits                       (abs)         00F81
_RCONbits                        (abs)         00FD0
_RCREG1                          (abs)         00FAF
_RCSTA1                          (abs)         00FAC
_RCSTA1bits                      (abs)         00FAC
_RCSTAbits                       (abs)         00FAC
_Read1USART                      text38        01836
_ReadTimer1                      text41        0189E
_SPBRG1                          (abs)         00FB0
_SPBRGH1                         (abs)         00F7F
_SSPADD                          (abs)         00FC8
_SSPBUF                          (abs)         00FC9
_SSPCON1                         (abs)         00FC6
_SSPCON1bits                     (abs)         00FC6
_SSPCON2                         (abs)         00FC5
_SSPCON2bits                     (abs)         00FC5
_SSPSTAT                         (abs)         00FC7
_SSPSTATbits                     (abs)         00FC7
_SensorData_MQ                   bssBANK1      00136
_SleepIfOkay                     text50        01280
_T0CON                           (abs)         00FD5
_T0CONbits                       (abs)         00FD5
_T1CON                           (abs)         00FCD
_T1CONbits                       (abs)         00FCD
_T1GCON                          (abs)         00F9A
_T1GCONbits                      (abs)         00F9A
_TMR0H                           (abs)         00FD7
_TMR0L                           (abs)         00FD6
_TMR1H                           (abs)         00FCF
_TMR1L                           (abs)         00FCE
_TRISAbits                       (abs)         00F92
_TRISBbits                       (abs)         00F93
_TRISCbits                       (abs)         00F94
_TRISEbits                       (abs)         00F96
_TXREG                           (abs)         00FAE
_TXSTA1                          (abs)         00FAD
_TXSTA1bits                      (abs)         00FAD
_TXSTAbits                       (abs)         00FAD
_ToMainHigh_MQ                   bssBANK1      0016C
_ToMainHigh_recvmsg              text23        015CA
_ToMainHigh_sendmsg              text47        0171E
_ToMainLow_MQ                    bssBANK0      00061
_ToMainLow_recvmsg               text22        01594
_ToMainLow_sendmsg               text35        01812
_USART1_Status                   bssCOMRAM     00033
_WriteTimer0                     text44        018C2
_WriteTimer1                     text40        0188C
__CFG_CP0$OFF                    (abs)         00000
__CFG_CPUDIV$OSC1                (abs)         00000
__CFG_DSBOREN$OFF                (abs)         00000
__CFG_DSWDTEN$OFF                (abs)         00000
__CFG_DSWDTOSC$T1OSCREF          (abs)         00000
__CFG_DSWDTPS$G2                 (abs)         00000
__CFG_FCMEN$OFF                  (abs)         00000
__CFG_IESO$ON                    (abs)         00000
__CFG_IOL1WAY$ON                 (abs)         00000
__CFG_LPT1OSC$OFF                (abs)         00000
__CFG_MSSP7B_EN$MSK7             (abs)         00000
__CFG_OSC$HSPLL                  (abs)         00000
__CFG_PLLDIV$3                   (abs)         00000
__CFG_RTCOSC$T1OSCREF            (abs)         00000
__CFG_STVREN$OFF                 (abs)         00000
__CFG_T1DIG$OFF                  (abs)         00000
__CFG_WDTEN$OFF                  (abs)         00000
__CFG_WDTPS$32768                (abs)         00000
__CFG_WPCFG$OFF                  (abs)         00000
__CFG_WPDIS$OFF                  (abs)         00000
__CFG_WPEND$PAGE_WPFP            (abs)         00000
__CFG_WPFP$PAGE_63               (abs)         00000
__CFG_XINST$OFF                  (abs)         00000
__HRAM                           (abs)         00000
__Habs1                          abs1          00000
__Hbank0                         bank0         00000
__Hbank1                         bank1         00000
__Hbank10                        bank10        00000
__Hbank11                        bank11        00000
__Hbank12                        bank12        00000
__Hbank13                        bank13        00000
__Hbank14                        bank14        00000
__Hbank2                         bank2         00000
__Hbank3                         bank3         00000
__Hbank4                         bank4         00000
__Hbank5                         bank5         00000
__Hbank6                         bank6         00000
__Hbank7                         bank7         00000
__Hbank8                         bank8         00000
__Hbank9                         bank9         00000
__Hbigbss                        bigbss        00000
__Hbigdata                       bigdata       00000
__Hbigram                        bigram        00000
__Hbss                           bss           00000
__HbssBANK0                      bssBANK0      00000
__HbssBANK1                      bssBANK1      00000
__HbssBANK2                      bssBANK2      00000
__HbssCOMRAM                     bssCOMRAM     00000
__Hcinit                         cinit         00000
__Hclrtext                       clrtext       00000
__Hcomram                        comram        00000
__Hconfig                        config        10000
__Hconst                         const         00000
__HcstackBANK0                   cstackBANK0   00000
__HcstackBANK1                   cstackBANK1   00000
__HcstackBANK2                   cstackBANK2   00000
__HcstackCOMRAM                  cstackCOMRAM  00000
__Hdata                          data          00000
__Hend_init                      end_init      000C4
__Hfarbss                        farbss        00000
__Hfardata                       fardata       00000
__Hibigdata                      ibigdata      00000
__Hidata                         idata         00000
__Hidloc                         idloc         00000
__Hifardata                      ifardata      00000
__Hinit                          init          000C0
__Hintcode                       intcode       00018
__Hintcode_body                  intcode_body  00000
__Hintcodelo                     intcodelo     000C0
__Hintentry                      intentry      00000
__Hintret                        intret        00000
__Hintsave_regs                  intsave_regs  00000
__Hirdata                        irdata        00000
__Hjflash_buffer                 jflash_buffer 0F800
__Hmediumconst                   mediumconst   00000
__HnvBANK0                       nvBANK0       00000
__HnvCOMRAM                      nvCOMRAM      00000
__HnvFARRAM                      nvFARRAM      00000
__Hnvbit                         nvbit         00000
__Hnvrram                        nvrram        00000
__Hparam                         param0        00000
__Hparam0                        param0        00000
__Hpowerup                       powerup       000C0
__Hram                           ram           00000
__Hramtop                        ramtop        00F00
__Hrbit                          rbit          00000
__Hrbss                          rbss          00000
__Hrdata                         rdata         00000
__Hreset_vec                     reset_vec     00004
__Hsfr                           sfr           00000
__Hsmallconst                    smallconst    00000
__Hspace_0                       (abs)         10000
__Hspace_1                       (abs)         00279
__Hspace_2                       (abs)         00000
__Hstack                         stack         00000
__Hstruct                        struct        00000
__Htemp                          temp          00000
__Htext                          text          00000
__Htext0                         text0         00000
__Htext1                         text1         00000
__Htext10                        text10        00000
__Htext11                        text11        00000
__Htext12                        text12        00000
__Htext13                        text13        00000
__Htext14                        text14        00000
__Htext15                        text15        00000
__Htext16                        text16        00000
__Htext17                        text17        00000
__Htext18                        text18        00000
__Htext19                        text19        00000
__Htext2                         text2         00000
__Htext20                        text20        00000
__Htext21                        text21        00000
__Htext22                        text22        00000
__Htext23                        text23        00000
__Htext24                        text24        00000
__Htext25                        text25        00000
__Htext26                        text26        00000
__Htext27                        text27        00000
__Htext28                        text28        00000
__Htext29                        text29        00000
__Htext3                         text3         00000
__Htext31                        text31        00000
__Htext32                        text32        00000
__Htext33                        text33        00000
__Htext34                        text34        00000
__Htext35                        text35        00000
__Htext36                        text36        00000
__Htext37                        text37        00000
__Htext38                        text38        00000
__Htext39                        text39        00000
__Htext4                         text4         00000
__Htext40                        text40        00000
__Htext41                        text41        00000
__Htext43                        text43        00000
__Htext44                        text44        00000
__Htext45                        text45        00000
__Htext46                        text46        00000
__Htext47                        text47        00000
__Htext48                        text48        00000
__Htext49                        text49        00000
__Htext5                         text5         00000
__Htext50                        text50        00000
__Htext51                        text51        00000
__Htext52                        text52        00000
__Htext53                        text53        00000
__Htext54                        text54        00000
__Htext6                         text6         00000
__Htext7                         text7         00000
__Htext8                         text8         00000
__Htext9                         text9         00000
__LRAM                           (abs)         00001
__Labs1                          abs1          00000
__Lbank0                         bank0         00000
__Lbank1                         bank1         00000
__Lbank10                        bank10        00000
__Lbank11                        bank11        00000
__Lbank12                        bank12        00000
__Lbank13                        bank13        00000
__Lbank14                        bank14        00000
__Lbank2                         bank2         00000
__Lbank3                         bank3         00000
__Lbank4                         bank4         00000
__Lbank5                         bank5         00000
__Lbank6                         bank6         00000
__Lbank7                         bank7         00000
__Lbank8                         bank8         00000
__Lbank9                         bank9         00000
__Lbigbss                        bigbss        00000
__Lbigdata                       bigdata       00000
__Lbigram                        bigram        00000
__Lbss                           bss           00000
__LbssBANK0                      bssBANK0      00000
__LbssBANK1                      bssBANK1      00000
__LbssBANK2                      bssBANK2      00000
__LbssCOMRAM                     bssCOMRAM     00000
__Lcinit                         cinit         00000
__Lclrtext                       clrtext       00000
__Lcomram                        comram        00000
__Lconfig                        config        0FFF8
__Lconst                         const         00000
__LcstackBANK0                   cstackBANK0   00000
__LcstackBANK1                   cstackBANK1   00000
__LcstackBANK2                   cstackBANK2   00000
__LcstackCOMRAM                  cstackCOMRAM  00000
__Ldata                          data          00000
__Lend_init                      end_init      000C0
__Lfarbss                        farbss        00000
__Lfardata                       fardata       00000
__Libigdata                      ibigdata      00000
__Lidata                         idata         00000
__Lidloc                         idloc         00000
__Lifardata                      ifardata      00000
__Linit                          init          000C0
__Lintcode                       intcode       00008
__Lintcode_body                  intcode_body  00000
__Lintcodelo                     intcodelo     00018
__Lintentry                      intentry      00000
__Lintret                        intret        00000
__Lintsave_regs                  intsave_regs  00000
__Lirdata                        irdata        00000
__Ljflash_buffer                 jflash_buffer 0F800
__Lmediumconst                   mediumconst   00000
__LnvBANK0                       nvBANK0       00000
__LnvCOMRAM                      nvCOMRAM      00000
__LnvFARRAM                      nvFARRAM      00000
__Lnvbit                         nvbit         00000
__Lnvrram                        nvrram        00000
__Lparam                         param0        00000
__Lparam0                        param0        00000
__Lpowerup                       powerup       000C0
__Lram                           ram           00000
__Lramtop                        ramtop        00F00
__Lrbit                          rbit          00000
__Lrbss                          rbss          00000
__Lrdata                         rdata         00000
__Lreset_vec                     reset_vec     00000
__Lsfr                           sfr           00000
__Lsmallconst                    smallconst    00000
__Lspace_0                       (abs)         00000
__Lspace_1                       (abs)         00000
__Lspace_2                       (abs)         00000
__Lstack                         stack         00000
__Lstruct                        struct        00000
__Ltemp                          temp          00000
__Ltext                          text          00000
__Ltext0                         text0         00000
__Ltext1                         text1         00000
__Ltext10                        text10        00000
__Ltext11                        text11        00000
__Ltext12                        text12        00000
__Ltext13                        text13        00000
__Ltext14                        text14        00000
__Ltext15                        text15        00000
__Ltext16                        text16        00000
__Ltext17                        text17        00000
__Ltext18                        text18        00000
__Ltext19                        text19        00000
__Ltext2                         text2         00000
__Ltext20                        text20        00000
__Ltext21                        text21        00000
__Ltext22                        text22        00000
__Ltext23                        text23        00000
__Ltext24                        text24        00000
__Ltext25                        text25        00000
__Ltext26                        text26        00000
__Ltext27                        text27        00000
__Ltext28                        text28        00000
__Ltext29                        text29        00000
__Ltext3                         text3         00000
__Ltext31                        text31        00000
__Ltext32                        text32        00000
__Ltext33                        text33        00000
__Ltext34                        text34        00000
__Ltext35                        text35        00000
__Ltext36                        text36        00000
__Ltext37                        text37        00000
__Ltext38                        text38        00000
__Ltext39                        text39        00000
__Ltext4                         text4         00000
__Ltext40                        text40        00000
__Ltext41                        text41        00000
__Ltext43                        text43        00000
__Ltext44                        text44        00000
__Ltext45                        text45        00000
__Ltext46                        text46        00000
__Ltext47                        text47        00000
__Ltext48                        text48        00000
__Ltext49                        text49        00000
__Ltext5                         text5         00000
__Ltext50                        text50        00000
__Ltext51                        text51        00000
__Ltext52                        text52        00000
__Ltext53                        text53        00000
__Ltext54                        text54        00000
__Ltext6                         text6         00000
__Ltext7                         text7         00000
__Ltext8                         text8         00000
__Ltext9                         text9         00000
__S0                             (abs)         10000
__S1                             (abs)         00279
__S2                             (abs)         00000
___inthi_sp                      stack         00000
___intlo_sp                      stack         00000
___lwmod                         text4         01220
___lwmod@counter                 cstackBANK0   000C9
___lwmod@dividend                cstackBANK1   001A2
___lwmod@divisor                 cstackBANK1   001A4
___sp                            stack         00000
__accesstop                      (abs)         00060
__activetblptr                   (abs)         00002
__end_of_ADC_Init                text29        01776
__end_of_Delay1KTCYx             text21        01868
__end_of_FromMainHigh_sendmsg    text5         016F0
__end_of_FromMainLow_recvmsg     text32        017C6
__end_of_FromMainLow_sendmsg     text2         016C2
__end_of_InterruptHandlerHigh    intcode_body  01018
__end_of_InterruptHandlerLow     intcodelo     000C0
__end_of_Open1USART              text28        01088
__end_of_OpenTimer0              text27        017EC
__end_of_OpenTimer1              text26        0155C
__end_of_Read1USART              text38        01854
__end_of_ReadTimer1              text41        018B0
__end_of_SleepIfOkay             text50        012E0
__end_of_ToMainHigh_recvmsg      text23        01600
__end_of_ToMainHigh_sendmsg      text47        0174C
__end_of_ToMainLow_recvmsg       text22        015CA
__end_of_ToMainLow_sendmsg       text35        01836
__end_of_WriteTimer0             text44        018D4
__end_of_WriteTimer1             text40        0189E
__end_of___lwmod                 text4         01280
__end_of__initialization         cinit         0168A
__end_of_block_on_To_msgqueues   text16        01220
__end_of_check_msg               text20        01632
__end_of_enable_interrupts       text15        018FC
__end_of_enter_sleep_mode        text54        01902
__end_of_handle_start            text46        00E54
__end_of_i2c_configure_slave     text14        0179E
__end_of_i2c_int_handler         text45        00630
__end_of_in_high_int             text19        018E4
__end_of_in_low_int              text18        014A6
__end_of_in_main                 text17        01520
__end_of_init_i2c                text13        0115A
__end_of_init_queue              text12        011BE
__end_of_init_queues             text11        010F4
__end_of_init_timer1_lthread     text10        0188C
__end_of_init_uart_recv          text9         0171E
__end_of_main                    text0         008BE
__end_of_memcpy                  text25        0138E
__end_of_recv_msg                text24        009DC
__end_of_send_msg                text6         00BCC
__end_of_start_i2c_slave_reply   text8         00AE0
__end_of_timer0_int_handler      text43        018C2
__end_of_timer0_lthread          text7         0187A
__end_of_timer1_int_handler      text39        01812
__end_of_timer1_lthread          text3         0133E
__end_of_uart_recv_int_handler   text34        01594
__end_of_uart_send               text1         01428
__end_of_uart_trans_int_handler  text31        00F9A
__end_ofi1_memcpy                text37        01468
__end_ofi1_recv_msg              text33        00D8A
__end_ofi1_send_msg              text36        00EFE
__end_ofi2_check_msg             text53        01664
__end_ofi2_in_high_int           text52        018F4
__end_ofi2_in_low_int            text51        014E4
__end_ofi2_memcpy                text49        013DE
__end_ofi2_send_msg              text48        00CB8
__initialization                 cinit         01664
__mediumconst                    mediumconst   00000
__pbssBANK0                      bssBANK0      00060
__pbssBANK1                      bssBANK1      00100
__pbssBANK2                      bssBANK2      00243
__pbssCOMRAM                     bssCOMRAM     00033
__pcinit                         cinit         01664
__pcstackBANK0                   cstackBANK0   00097
__pcstackBANK1                   cstackBANK1   001A2
__pcstackBANK2                   cstackBANK2   00200
__pcstackCOMRAM                  cstackCOMRAM  00001
__pintcode                       intcode       00008
__pintcode_body                  intcode_body  00F9A
__pintcodelo                     intcodelo     00018
__pnvBANK0                       nvBANK0       000CC
__pnvCOMRAM                      nvCOMRAM      00031
__ptext0                         text0         00630
__ptext1                         text1         013DE
__ptext10                        text10        0187A
__ptext11                        text11        01088
__ptext12                        text12        0115A
__ptext13                        text13        010F4
__ptext14                        text14        01776
__ptext15                        text15        018F4
__ptext16                        text16        011BE
__ptext17                        text17        014E4
__ptext18                        text18        01468
__ptext19                        text19        018D4
__ptext2                         text2         01694
__ptext20                        text20        01600
__ptext21                        text21        01854
__ptext22                        text22        01594
__ptext23                        text23        015CA
__ptext24                        text24        008BE
__ptext25                        text25        0133E
__ptext26                        text26        01520
__ptext27                        text27        017C6
__ptext28                        text28        01018
__ptext29                        text29        0174C
__ptext3                         text3         012E0
__ptext31                        text31        00EFE
__ptext32                        text32        0179E
__ptext33                        text33        00CB8
__ptext34                        text34        0155C
__ptext35                        text35        01812
__ptext36                        text36        00E54
__ptext37                        text37        01428
__ptext38                        text38        01836
__ptext39                        text39        017EC
__ptext4                         text4         01220
__ptext40                        text40        0188C
__ptext41                        text41        0189E
__ptext43                        text43        018B0
__ptext44                        text44        018C2
__ptext45                        text45        000C4
__ptext46                        text46        00D8A
__ptext47                        text47        0171E
__ptext48                        text48        00BCC
__ptext49                        text49        0138E
__ptext5                         text5         016C2
__ptext50                        text50        01280
__ptext51                        text51        014A6
__ptext52                        text52        018E4
__ptext53                        text53        01632
__ptext54                        text54        018FC
__ptext6                         text6         00AE0
__ptext7                         text7         01868
__ptext8                         text8         009DC
__ptext9                         text9         016F0
__ramtop                         ramtop        00F00
__size_of_ADC_Init               (abs)         00000
__size_of_Delay1KTCYx            (abs)         00000
__size_of_FromMainHigh_sendmsg   (abs)         00000
__size_of_FromMainLow_recvmsg    (abs)         00000
__size_of_FromMainLow_sendmsg    (abs)         00000
__size_of_InterruptHandlerHigh   (abs)         00000
__size_of_InterruptHandlerLow    (abs)         00000
__size_of_Open1USART             (abs)         00000
__size_of_OpenTimer0             (abs)         00000
__size_of_OpenTimer1             (abs)         00000
__size_of_Read1USART             (abs)         00000
__size_of_ReadTimer1             (abs)         00000
__size_of_SleepIfOkay            (abs)         00000
__size_of_ToMainHigh_recvmsg     (abs)         00000
__size_of_ToMainHigh_sendmsg     (abs)         00000
__size_of_ToMainLow_recvmsg      (abs)         00000
__size_of_ToMainLow_sendmsg      (abs)         00000
__size_of_WriteTimer0            (abs)         00000
__size_of_WriteTimer1            (abs)         00000
__size_of___lwmod                (abs)         00000
__size_of_block_on_To_msgqueues  (abs)         00000
__size_of_check_msg              (abs)         00000
__size_of_enable_interrupts      (abs)         00000
__size_of_enter_sleep_mode       (abs)         00000
__size_of_handle_start           (abs)         00000
__size_of_i2c_configure_slave    (abs)         00000
__size_of_i2c_int_handler        (abs)         00000
__size_of_in_high_int            (abs)         00000
__size_of_in_low_int             (abs)         00000
__size_of_in_main                (abs)         00000
__size_of_init_i2c               (abs)         00000
__size_of_init_queue             (abs)         00000
__size_of_init_queues            (abs)         00000
__size_of_init_timer1_lthread    (abs)         00000
__size_of_init_uart_recv         (abs)         00000
__size_of_main                   (abs)         00000
__size_of_memcpy                 (abs)         00000
__size_of_recv_msg               (abs)         00000
__size_of_send_msg               (abs)         00000
__size_of_start_i2c_slave_reply  (abs)         00000
__size_of_timer0_int_handler     (abs)         00000
__size_of_timer0_lthread         (abs)         00000
__size_of_timer1_int_handler     (abs)         00000
__size_of_timer1_lthread         (abs)         00000
__size_of_uart_recv_int_handler  (abs)         00000
__size_of_uart_send              (abs)         00000
__size_of_uart_trans_int_handler (abs)         00000
__size_ofi1_memcpy               (abs)         00000
__size_ofi1_recv_msg             (abs)         00000
__size_ofi1_send_msg             (abs)         00000
__size_ofi2_check_msg            (abs)         00000
__size_ofi2_in_high_int          (abs)         00000
__size_ofi2_in_low_int           (abs)         00000
__size_ofi2_memcpy               (abs)         00000
__size_ofi2_send_msg             (abs)         00000
__smallconst                     smallconst    00000
_block_on_To_msgqueues           text16        011BE
_check_msg                       text20        01600
_enable_interrupts               text15        018F4
_enter_sleep_mode                text54        018FC
_handle_start                    text46        00D8A
_i2c_configure_slave             text14        01776
_i2c_int_handler                 text45        000C4
_ic_ptr                          nvBANK0       000CC
_in_high_int                     text19        018D4
_in_low_int                      text18        01468
_in_main                         text17        014E4
_init_i2c                        text13        010F4
_init_queue                      text12        0115A
_init_queues                     text11        01088
_init_timer1_lthread             text10        0187A
_init_uart_recv                  text9         016F0
_main                            text0         00630
_memcpy                          text25        0133E
_recv_msg                        text24        008BE
_send_msg                        text6         00AE0
_start_i2c_slave_reply           text8         009DC
_timer0_int_handler              text43        018B0
_timer0_lthread                  text7         01868
_timer1_int_handler              text39        017EC
_timer1_lthread                  text3         012E0
_uart_recv_int_handler           text34        0155C
_uart_send                       text1         013DE
_uart_trans_int_handler          text31        00EFE
_uc_ptr                          nvCOMRAM      00031
check_msg@qptr                   cstackBANK0   000C9
end_of_initialization            cinit         0168A
handle_start@data_read           cstackBANK0   00097
i1_memcpy                        text37        01428
i1_recv_msg                      text33        00CB8
i1_send_msg                      text36        00E54
i1memcpy@d                       cstackCOMRAM  00007
i1memcpy@d1                      cstackCOMRAM  00001
i1memcpy@n                       cstackCOMRAM  00005
i1memcpy@s                       cstackCOMRAM  00009
i1memcpy@s1                      cstackCOMRAM  00003
i1recv_msg@data                  cstackCOMRAM  00010
i1recv_msg@maxlength             cstackCOMRAM  0000D
i1recv_msg@msgtype               cstackCOMRAM  0000E
i1recv_msg@qmsg                  cstackCOMRAM  00017
i1recv_msg@qptr                  cstackCOMRAM  0000B
i1recv_msg@slot                  cstackCOMRAM  00014
i1recv_msg@tlength               cstackCOMRAM  00015
i1send_msg@data                  cstackCOMRAM  0000F
i1send_msg@length                cstackCOMRAM  0000D
i1send_msg@msgtype               cstackCOMRAM  0000E
i1send_msg@qmsg                  cstackCOMRAM  00015
i1send_msg@qptr                  cstackCOMRAM  0000B
i1send_msg@slot                  cstackCOMRAM  00014
i1send_msg@tlength               cstackCOMRAM  00012
i2_check_msg                     text53        01632
i2_in_high_int                   text52        018E4
i2_in_low_int                    text51        014A6
i2_memcpy                        text49        0138E
i2_send_msg                      text48        00BCC
i2c_configure_slave@addr         cstackBANK0   000C9
i2c_int_handler@data_read        cstackBANK0   000BA
i2c_int_handler@data_written     cstackBANK0   000B5
i2c_int_handler@error_buf        cstackBANK0   000B2
i2c_int_handler@i2c_data         cstackBANK0   000B7
i2c_int_handler@msg_ready        cstackBANK0   000B9
i2c_int_handler@msg_to_send      cstackBANK0   000B8
i2c_int_handler@overrun_error    cstackBANK0   000B6
i2check_msg@qptr                 cstackBANK0   00097
i2memcpy@d                       cstackBANK0   0009D
i2memcpy@d1                      cstackBANK0   00097
i2memcpy@n                       cstackBANK0   0009B
i2memcpy@s                       cstackBANK0   0009F
i2memcpy@s1                      cstackBANK0   00099
i2send_msg@data                  cstackBANK0   000A5
i2send_msg@length                cstackBANK0   000A3
i2send_msg@msgtype               cstackBANK0   000A4
i2send_msg@qmsg                  cstackBANK0   000AB
i2send_msg@qptr                  cstackBANK0   000A1
i2send_msg@slot                  cstackBANK0   000AA
i2send_msg@tlength               cstackBANK0   000A8
init_i2c@ic                      cstackBANK0   000C9
init_queue@i                     cstackBANK0   000CB
init_queue@qptr                  cstackBANK0   000C9
init_timer1_lthread@tptr         cstackBANK0   000C9
init_uart_recv@uc                cstackBANK0   000C9
int_func                         intcode_body  00F9A
intlevel0                        text          00000
intlevel1                        text          00000
intlevel2                        text          00000
intlevel3                        text          00000
main@forward                     cstackBANK2   00210
main@ic                          cstackBANK2   00224
main@k                           cstackBANK2   00200
main@last_reg_recvd              cstackBANK2   00202
main@length                      cstackBANK2   00223
main@msgbuffer                   cstackBANK2   00203
main@msgtype                     cstackBANK2   00214
main@t0thread_data               cstackBANK2   0020E
main@t1thread_data               cstackBANK2   00212
main@uc                          cstackBANK2   00215
memcpy@d                         cstackBANK1   001A8
memcpy@d1                        cstackBANK1   001A2
memcpy@n                         cstackBANK1   001A6
memcpy@s                         cstackBANK1   001AA
memcpy@s1                        cstackBANK1   001A4
recv_msg@data                    cstackBANK1   001B1
recv_msg@maxlength               cstackBANK1   001AE
recv_msg@msgtype                 cstackBANK1   001AF
recv_msg@qmsg                    cstackBANK1   001B6
recv_msg@qptr                    cstackBANK1   001AC
recv_msg@slot                    cstackBANK1   001B3
recv_msg@tlength                 cstackBANK1   001B4
send_msg@data                    cstackBANK1   001B0
send_msg@length                  cstackBANK1   001AE
send_msg@msgtype                 cstackBANK1   001AF
send_msg@qmsg                    cstackBANK1   001B5
send_msg@qptr                    cstackBANK1   001AC
send_msg@slot                    cstackBANK1   001B4
send_msg@tlength                 cstackBANK1   001B2
stackhi                          (abs)         009FF
stacklo                          (abs)         00279
start                            init          000C0
start_i2c_slave_reply@length     cstackBANK0   000CB
start_i2c_slave_reply@msg        cstackBANK0   000C9
start_initialization             cinit         01664
timer0_lthread@length            cstackBANK1   001A6
timer0_lthread@msgbuffer         cstackBANK1   001A8
timer0_lthread@msgtype           cstackBANK1   001A4
timer0_lthread@msgval            cstackBANK0   000C9
timer0_lthread@tptr              cstackBANK1   001A2
timer1_int_handler@forward       cstackCOMRAM  00007
timer1_int_handler@left          cstackCOMRAM  00008
timer1_int_handler@result        cstackCOMRAM  00005
timer1_int_handler@right         cstackCOMRAM  00009
timer1_lthread@length            cstackBANK1   001BE
timer1_lthread@msgbuffer         cstackBANK1   001C0
timer1_lthread@msgtype           cstackBANK1   001BC
timer1_lthread@retval            cstackBANK0   000CB
timer1_lthread@tptr              cstackBANK1   001BA
uart_recv_int_handler@readin     cstackCOMRAM  0001B
uart_send@length                 cstackBANK1   001BA
uart_send@msg_buffer             cstackBANK1   001BC


FUNCTION INFORMATION:

 *************** function _main *****************
 Defined at:
		line 72 in file "../src/main.c"
 Parameters:    Size  Location     Type
		None
 Auto vars:     Size  Location     Type
  forward         2   16[BANK2 ] unsigned char [2]
  ic             31   36[BANK2 ] struct __i2c_comm
  uc             14   21[BANK2 ] struct __uart_comm
  msgbuffer      11    3[BANK2 ] unsigned char [11]
  t1thread_dat    2   18[BANK2 ] struct __timer1_thread_s
  t0thread_dat    2   14[BANK2 ] struct __timer0_thread_s
  k               2    0[BANK2 ] int 
  uthread_data    2    0        struct __uart_thread_str
  length          1   35[BANK2 ] char 
  msgtype         1   20[BANK2 ] unsigned char 
  last_reg_rec    1    2[BANK2 ] unsigned char 
  i               1    0        unsigned char 
  rqst            1    0        char 
  c               1    0        unsigned char 
 Return value:  Size  Location     Type
		None               void
 Registers used:
		wreg, fsr1l, fsr1h, fsr2l, fsr2h, status,2, status,0, prodl, prodh, cstack
 Tracked objects:
		On entry : 
		On exit  : 
		Unchanged: 
 Data sizes:     COMRAM   BANK0   BANK1   BANK2   BANK3   BANK4   BANK5   BANK6   BANK7   BANK8   BANK9  BANK10  BANK11  BANK12  BANK13  BANK14
      Params:         0       0       0       0       0       0       0       0       0       0       0       0       0       0       0       0
      Locals:         0       0       0      67       0       0       0       0       0       0       0       0       0       0       0       0
      Temps:          0       0       0       0       0       0       0       0       0       0       0       0       0       0       0       0
      Totals:         0       0       0      67       0       0       0       0       0       0       0       0       0       0       0       0
Total ram usage:       67 bytes
 Hardware stack levels required when called:   14
 This function calls:
		_ADC_Init
		_FromMainLow_sendmsg
		_Open1USART
		_OpenTimer0
		_OpenTimer1
		_ToMainHigh_recvmsg
		_ToMainLow_recvmsg
		_block_on_To_msgqueues
		_enable_interrupts
		_i2c_configure_slave
		_init_i2c
		_init_queues
		_init_timer1_lthread
		_init_uart_recv
		_start_i2c_slave_reply
		_timer0_lthread
		_timer1_lthread
		_uart_send
 This function is called by:
		Startup code after reset
 This function uses a non-reentrant model


 *************** function _uart_send *****************
 Defined at:
		line 46 in file "../src/my_uart.c"
 Parameters:    Size  Location     Type
  length          2   24[BANK1 ] int 
  msg_buffer      2   26[BANK1 ] PTR unsigned char 
		 -> main@msgbuffer(11), 
 Auto vars:     Size  Location     Type
		None
 Return value:  Size  Location     Type
		None               void
 Registers used:
		wreg, fsr1l, fsr1h, fsr2l, fsr2h, status,2, status,0, prodl, prodh, cstack
 Tracked objects:
		On entry : 
		On exit  : 
		Unchanged: 
 Data sizes:     COMRAM   BANK0   BANK1   BANK2   BANK3   BANK4   BANK5   BANK6   BANK7   BANK8   BANK9  BANK10  BANK11  BANK12  BANK13  BANK14
      Params:         0       0       4       0       0       0       0       0       0       0       0       0       0       0       0       0
      Locals:         0       0       0       0       0       0       0       0       0       0       0       0       0       0       0       0
      Temps:          0       0       0       0       0       0       0       0       0       0       0       0       0       0       0       0
      Totals:         0       0       4       0       0       0       0       0       0       0       0       0       0       0       0       0
Total ram usage:        4 bytes
 Hardware stack levels used:    1
 Hardware stack levels required when called:   13
 This function calls:
		_FromMainLow_sendmsg
 This function is called by:
		_main
 This function uses a non-reentrant model


 *************** function _FromMainLow_sendmsg *****************
 Defined at:
		line 214 in file "../src/messages.c"
 Parameters:    Size  Location     Type
  length          1    wreg     unsigned char 
  msgtype         1   21[BANK1 ] unsigned char 
  data            2   22[BANK1 ] PTR void 
		 -> main@msgbuffer(11), 
 Auto vars:     Size  Location     Type
  length          1   51[BANK0 ] unsigned char 
 Return value:  Size  Location     Type
                  1    wreg      char 
 Registers used:
		wreg, fsr1l, fsr1h, fsr2l, fsr2h, status,2, status,0, prodl, prodh, cstack
 Tracked objects:
		On entry : 
		On exit  : 
		Unchanged: 
 Data sizes:     COMRAM   BANK0   BANK1   BANK2   BANK3   BANK4   BANK5   BANK6   BANK7   BANK8   BANK9  BANK10  BANK11  BANK12  BANK13  BANK14
      Params:         0       0       3       0       0       0       0       0       0       0       0       0       0       0       0       0
      Locals:         0       1       0       0       0       0       0       0       0       0       0       0       0       0       0       0
      Temps:          0       0       0       0       0       0       0       0       0       0       0       0       0       0       0       0
      Totals:         0       1       3       0       0       0       0       0       0       0       0       0       0       0       0       0
Total ram usage:        4 bytes
 Hardware stack levels used:    1
 Hardware stack levels required when called:   12
 This function calls:
		_send_msg
 This function is called by:
		_main
		_uart_send
 This function uses a non-reentrant model


 *************** function _timer1_lthread *****************
 Defined at:
		line 14 in file "../src/timer1_thread.c"
 Parameters:    Size  Location     Type
  tptr            2   24[BANK1 ] PTR struct __timer1_thre
		 -> main@t1thread_data(2), 
  msgtype         2   26[BANK1 ] int 
  length          2   28[BANK1 ] int 
  msgbuffer       2   30[BANK1 ] PTR unsigned char 
		 -> main@msgbuffer(11), 
 Auto vars:     Size  Location     Type
  retval          1   52[BANK0 ] char 
 Return value:  Size  Location     Type
                  2   24[BANK1 ] int 
 Registers used:
		wreg, fsr1l, fsr1h, fsr2l, fsr2h, status,2, status,0, prodl, prodh, cstack
 Tracked objects:
		On entry : 
		On exit  : 
		Unchanged: 
 Data sizes:     COMRAM   BANK0   BANK1   BANK2   BANK3   BANK4   BANK5   BANK6   BANK7   BANK8   BANK9  BANK10  BANK11  BANK12  BANK13  BANK14
      Params:         0       0       8       0       0       0       0       0       0       0       0       0       0       0       0       0
      Locals:         0       1       0       0       0       0       0       0       0       0       0       0       0       0       0       0
      Temps:          0       0       0       0       0       0       0       0       0       0       0       0       0       0       0       0
      Totals:         0       1       8       0       0       0       0       0       0       0       0       0       0       0       0       0
Total ram usage:        9 bytes
 Hardware stack levels used:    1
 Hardware stack levels required when called:   13
 This function calls:
		_FromMainHigh_sendmsg
		___lwmod
 This function is called by:
		_main
 This function uses a non-reentrant model


 *************** function ___lwmod *****************
 Defined at:
		line 8 in file "C:\Program Files (x86)\Microchip\xc8\v1.33\sources\common\lwmod.c"
 Parameters:    Size  Location     Type
  dividend        2    0[BANK1 ] unsigned int 
  divisor         2    2[BANK1 ] unsigned int 
 Auto vars:     Size  Location     Type
  counter         1   50[BANK0 ] unsigned char 
 Return value:  Size  Location     Type
                  2    0[BANK1 ] unsigned int 
 Registers used:
		wreg, status,2, status,0
 Tracked objects:
		On entry : 
		On exit  : 
		Unchanged: 
 Data sizes:     COMRAM   BANK0   BANK1   BANK2   BANK3   BANK4   BANK5   BANK6   BANK7   BANK8   BANK9  BANK10  BANK11  BANK12  BANK13  BANK14
      Params:         0       0       4       0       0       0       0       0       0       0       0       0       0       0       0       0
      Locals:         0       1       0       0       0       0       0       0       0       0       0       0       0       0       0       0
      Temps:          0       0       0       0       0       0       0       0       0       0       0       0       0       0       0       0
      Totals:         0       1       4       0       0       0       0       0       0       0       0       0       0       0       0       0
Total ram usage:        5 bytes
 Hardware stack levels used:    1
 Hardware stack levels required when called:   10
 This function calls:
		Nothing
 This function is called by:
		_timer1_lthread
 This function uses a non-reentrant model


 *************** function _FromMainHigh_sendmsg *****************
 Defined at:
		line 238 in file "../src/messages.c"
 Parameters:    Size  Location     Type
  length          1    wreg     unsigned char 
  msgtype         1   21[BANK1 ] unsigned char 
  data            2   22[BANK1 ] PTR void 
		 -> main@t1thread_data(2), 
 Auto vars:     Size  Location     Type
  length          1   51[BANK0 ] unsigned char 
 Return value:  Size  Location     Type
                  1    wreg      char 
 Registers used:
		wreg, fsr1l, fsr1h, fsr2l, fsr2h, status,2, status,0, prodl, prodh, cstack
 Tracked objects:
		On entry : 
		On exit  : 
		Unchanged: 
 Data sizes:     COMRAM   BANK0   BANK1   BANK2   BANK3   BANK4   BANK5   BANK6   BANK7   BANK8   BANK9  BANK10  BANK11  BANK12  BANK13  BANK14
      Params:         0       0       3       0       0       0       0       0       0       0       0       0       0       0       0       0
      Locals:         0       1       0       0       0       0       0       0       0       0       0       0       0       0       0       0
      Temps:          0       0       0       0       0       0       0       0       0       0       0       0       0       0       0       0
      Totals:         0       1       3       0       0       0       0       0       0       0       0       0       0       0       0       0
Total ram usage:        4 bytes
 Hardware stack levels used:    1
 Hardware stack levels required when called:   12
 This function calls:
		_send_msg
 This function is called by:
		_timer1_lthread
 This function uses a non-reentrant model


 *************** function _send_msg *****************
 Defined at:
		line 25 in file "../src/messages.c"
 Parameters:    Size  Location     Type
  qptr            2   10[BANK1 ] PTR struct __msg_queue
		 -> FromMainHigh_MQ(54), FromMainLow_MQ(54), ToMainHigh_MQ(54), ToMainLow_MQ(54), 
  length          1   12[BANK1 ] unsigned char 
  msgtype         1   13[BANK1 ] unsigned char 
  data            2   14[BANK1 ] PTR void 
		 -> NULL(0), uart_recv_int_handler@readin(1), i2c_int_handler@error_buf(3), main@msgbuffer(11), 
		 -> main@t1thread_data(2), main@ic(31), 
 Auto vars:     Size  Location     Type
  qmsg            2   19[BANK1 ] PTR struct __msg
		 -> FromMainLow_MQ.queue(52), FromMainHigh_MQ.queue(52), ToMainHigh_MQ.queue(52), ToMainLow_MQ.queue(52), 
		 -> FromMainHigh_MQ(54), FromMainLow_MQ(54), ToMainHigh_MQ(54), ToMainLow_MQ(54), 
  tlength         2   16[BANK1 ] unsigned int 
  slot            1   18[BANK1 ] unsigned char 
 Return value:  Size  Location     Type
                  1    wreg      char 
 Registers used:
		wreg, fsr1l, fsr1h, fsr2l, fsr2h, status,2, status,0, prodl, prodh, cstack
 Tracked objects:
		On entry : 
		On exit  : 
		Unchanged: 
 Data sizes:     COMRAM   BANK0   BANK1   BANK2   BANK3   BANK4   BANK5   BANK6   BANK7   BANK8   BANK9  BANK10  BANK11  BANK12  BANK13  BANK14
      Params:         0       0       6       0       0       0       0       0       0       0       0       0       0       0       0       0
      Locals:         0       0       5       0       0       0       0       0       0       0       0       0       0       0       0       0
      Temps:          0       1       0       0       0       0       0       0       0       0       0       0       0       0       0       0
      Totals:         0       1      11       0       0       0       0       0       0       0       0       0       0       0       0       0
Total ram usage:       12 bytes
 Hardware stack levels used:    1
 Hardware stack levels required when called:   11
 This function calls:
		_memcpy
 This function is called by:
		_FromMainLow_sendmsg
		_FromMainHigh_sendmsg
 This function uses a non-reentrant model


 *************** function _timer0_lthread *****************
 Defined at:
		line 10 in file "../src/timer0_thread.c"
 Parameters:    Size  Location     Type
  tptr            2    0[BANK1 ] PTR struct __timer0_thre
		 -> main@t0thread_data(2), 
  msgtype         2    2[BANK1 ] int 
  length          2    4[BANK1 ] int 
  msgbuffer       2    6[BANK1 ] PTR unsigned char 
		 -> main@msgbuffer(11), 
 Auto vars:     Size  Location     Type
  msgval          2   50[BANK0 ] PTR unsigned int 
		 -> main@msgbuffer(11), 
 Return value:  Size  Location     Type
                  2    0[BANK1 ] int 
 Registers used:
		wreg, status,2, status,0
 Tracked objects:
		On entry : 
		On exit  : 
		Unchanged: 
 Data sizes:     COMRAM   BANK0   BANK1   BANK2   BANK3   BANK4   BANK5   BANK6   BANK7   BANK8   BANK9  BANK10  BANK11  BANK12  BANK13  BANK14
      Params:         0       0       8       0       0       0       0       0       0       0       0       0       0       0       0       0
      Locals:         0       2       0       0       0       0       0       0       0       0       0       0       0       0       0       0
      Temps:          0       0       0       0       0       0       0       0       0       0       0       0       0       0       0       0
      Totals:         0       2       8       0       0       0       0       0       0       0       0       0       0       0       0       0
Total ram usage:       10 bytes
 Hardware stack levels used:    1
 Hardware stack levels required when called:   10
 This function calls:
		Nothing
 This function is called by:
		_main
 This function uses a non-reentrant model


 *************** function _start_i2c_slave_reply *****************
 Defined at:
		line 12 in file "../src/my_i2c.c"
 Parameters:    Size  Location     Type
  length          1    wreg     unsigned char 
  msg             2   50[BANK0 ] PTR unsigned char 
		 -> main@uc.queue(52), main@ic.queue(52), main@t1thread_data.queue(52), FromMainLow_MQ.queue(52), 
		 -> FromMainHigh_MQ.queue(52), SensorData_MQ.queue(52), ToMainHigh_MQ.queue(52), ToMainLow_MQ.queue(52), 
		 -> NULL(0), SensorData_sendmsg@qptr.queue(52), SensorData_sendmsg@qptr(2), main@forward(2), 
 Auto vars:     Size  Location     Type
  length          1   52[BANK0 ] unsigned char 
 Return value:  Size  Location     Type
		None               void
 Registers used:
		wreg, fsr1l, fsr1h, fsr2l, fsr2h, status,2, status,0, prodl, prodh
 Tracked objects:
		On entry : 
		On exit  : 
		Unchanged: 
 Data sizes:     COMRAM   BANK0   BANK1   BANK2   BANK3   BANK4   BANK5   BANK6   BANK7   BANK8   BANK9  BANK10  BANK11  BANK12  BANK13  BANK14
      Params:         0       2       0       0       0       0       0       0       0       0       0       0       0       0       0       0
      Locals:         0       1       0       0       0       0       0       0       0       0       0       0       0       0       0       0
      Temps:          0       0       2       0       0       0       0       0       0       0       0       0       0       0       0       0
      Totals:         0       3       2       0       0       0       0       0       0       0       0       0       0       0       0       0
Total ram usage:        5 bytes
 Hardware stack levels used:    1
 Hardware stack levels required when called:   10
 This function calls:
		Nothing
 This function is called by:
		_main
		_SensorData_sendmsg
 This function uses a non-reentrant model


 *************** function _init_uart_recv *****************
 Defined at:
		line 40 in file "../src/my_uart.c"
 Parameters:    Size  Location     Type
  uc              2   50[BANK0 ] PTR struct __uart_comm
		 -> main@uc(14), 
 Auto vars:     Size  Location     Type
		None
 Return value:  Size  Location     Type
		None               void
 Registers used:
		wreg, fsr2l, fsr2h, status,2, status,0
 Tracked objects:
		On entry : 
		On exit  : 
		Unchanged: 
 Data sizes:     COMRAM   BANK0   BANK1   BANK2   BANK3   BANK4   BANK5   BANK6   BANK7   BANK8   BANK9  BANK10  BANK11  BANK12  BANK13  BANK14
      Params:         0       2       0       0       0       0       0       0       0       0       0       0       0       0       0       0
      Locals:         0       0       0       0       0       0       0       0       0       0       0       0       0       0       0       0
      Temps:          0       0       0       0       0       0       0       0       0       0       0       0       0       0       0       0
      Totals:         0       2       0       0       0       0       0       0       0       0       0       0       0       0       0       0
Total ram usage:        2 bytes
 Hardware stack levels used:    1
 Hardware stack levels required when called:   10
 This function calls:
		Nothing
 This function is called by:
		_main
 This function uses a non-reentrant model


 *************** function _init_timer1_lthread *****************
 Defined at:
		line 6 in file "../src/timer1_thread.c"
 Parameters:    Size  Location     Type
  tptr            2   50[BANK0 ] PTR struct __timer1_thre
		 -> main@t1thread_data(2), 
 Auto vars:     Size  Location     Type
		None
 Return value:  Size  Location     Type
		None               void
 Registers used:
		wreg, fsr2l, fsr2h
 Tracked objects:
		On entry : 
		On exit  : 
		Unchanged: 
 Data sizes:     COMRAM   BANK0   BANK1   BANK2   BANK3   BANK4   BANK5   BANK6   BANK7   BANK8   BANK9  BANK10  BANK11  BANK12  BANK13  BANK14
      Params:         0       2       0       0       0       0       0       0       0       0       0       0       0       0       0       0
      Locals:         0       0       0       0       0       0       0       0       0       0       0       0       0       0       0       0
      Temps:          0       0       0       0       0       0       0       0       0       0       0       0       0       0       0       0
      Totals:         0       2       0       0       0       0       0       0       0       0       0       0       0       0       0       0
Total ram usage:        2 bytes
 Hardware stack levels used:    1
 Hardware stack levels required when called:   10
 This function calls:
		Nothing
 This function is called by:
		_main
 This function uses a non-reentrant model


 *************** function _init_queues *****************
 Defined at:
		line 258 in file "../src/messages.c"
 Parameters:    Size  Location     Type
		None
 Auto vars:     Size  Location     Type
		None
 Return value:  Size  Location     Type
		None               void
 Registers used:
		wreg, fsr2l, fsr2h, status,2, status,0, prodl, prodh, cstack
 Tracked objects:
		On entry : 
		On exit  : 
		Unchanged: 
 Data sizes:     COMRAM   BANK0   BANK1   BANK2   BANK3   BANK4   BANK5   BANK6   BANK7   BANK8   BANK9  BANK10  BANK11  BANK12  BANK13  BANK14
      Params:         0       0       0       0       0       0       0       0       0       0       0       0       0       0       0       0
      Locals:         0       0       0       0       0       0       0       0       0       0       0       0       0       0       0       0
      Temps:          0       0       0       0       0       0       0       0       0       0       0       0       0       0       0       0
      Totals:         0       0       0       0       0       0       0       0       0       0       0       0       0       0       0       0
Total ram usage:        0 bytes
 Hardware stack levels used:    1
 Hardware stack levels required when called:   11
 This function calls:
		_init_queue
 This function is called by:
		_main
 This function uses a non-reentrant model


 *************** function _init_queue *****************
 Defined at:
		line 15 in file "../src/messages.c"
 Parameters:    Size  Location     Type
  qptr            2   50[BANK0 ] PTR struct __msg_queue
		 -> FromMainHigh_MQ(54), FromMainLow_MQ(54), SensorData_MQ(54), ToMainHigh_MQ(54), 
		 -> ToMainLow_MQ(54), 
 Auto vars:     Size  Location     Type
  i               1   52[BANK0 ] unsigned char 
 Return value:  Size  Location     Type
		None               void
 Registers used:
		wreg, fsr2l, fsr2h, status,2, status,0, prodl, prodh
 Tracked objects:
		On entry : 
		On exit  : 
		Unchanged: 
 Data sizes:     COMRAM   BANK0   BANK1   BANK2   BANK3   BANK4   BANK5   BANK6   BANK7   BANK8   BANK9  BANK10  BANK11  BANK12  BANK13  BANK14
      Params:         0       2       0       0       0       0       0       0       0       0       0       0       0       0       0       0
      Locals:         0       1       0       0       0       0       0       0       0       0       0       0       0       0       0       0
      Temps:          0       0       0       0       0       0       0       0       0       0       0       0       0       0       0       0
      Totals:         0       3       0       0       0       0       0       0       0       0       0       0       0       0       0       0
Total ram usage:        3 bytes
 Hardware stack levels used:    1
 Hardware stack levels required when called:   10
 This function calls:
		Nothing
 This function is called by:
		_init_queues
 This function uses a non-reentrant model


 *************** function _init_i2c *****************
 Defined at:
		line 220 in file "../src/my_i2c.c"
 Parameters:    Size  Location     Type
  ic              2   50[BANK0 ] PTR struct __i2c_comm
		 -> main@ic(31), 
 Auto vars:     Size  Location     Type
		None
[...]
		_i2c_int_handler
 This function uses a non-reentrant model


 *************** function _ToMainHigh_sendmsg *****************
 Defined at:
		line 127 in file "../src/messages.c"
 Parameters:    Size  Location     Type
  length          1    wreg     unsigned char 
  msgtype         1   22[BANK0 ] unsigned char 
  data            2   23[BANK0 ] PTR void 
		 -> NULL(0), i2c_int_handler@error_buf(3), main@ic(31), 
 Auto vars:     Size  Location     Type
  length          1   25[BANK0 ] unsigned char 
 Return value:  Size  Location     Type
                  1    wreg      char 
 Registers used:
		wreg, fsr1l, fsr1h, fsr2l, fsr2h, status,2, status,0, prodl, prodh, cstack
 Tracked objects:
		On entry : 
		On exit  : 
		Unchanged: 
 Data sizes:     COMRAM   BANK0   BANK1   BANK2   BANK3   BANK4   BANK5   BANK6   BANK7   BANK8   BANK9  BANK10  BANK11  BANK12  BANK13  BANK14
      Params:         0       3       0       0       0       0       0       0       0       0       0       0       0       0       0       0
      Locals:         0       1       0       0       0       0       0       0       0       0       0       0       0       0       0       0
      Temps:          0       0       0       0       0       0       0       0       0       0       0       0       0       0       0       0
      Totals:         0       4       0       0       0       0       0       0       0       0       0       0       0       0       0       0
Total ram usage:        4 bytes
 Hardware stack levels used:    1
 Hardware stack levels required when called:    2
 This function calls:
		i2_send_msg
 This function is called by:
		_i2c_int_handler
 This function uses a non-reentrant model


 *************** function i2_send_msg *****************
 Defined at:
		line 25 in file "../src/messages.c"
 Parameters:    Size  Location     Type
  qptr            2   10[BANK0 ] PTR struct __msg_queue
		 -> FromMainHigh_MQ(54), FromMainLow_MQ(54), ToMainHigh_MQ(54), ToMainLow_MQ(54), 
  length          1   12[BANK0 ] unsigned char 
  msgtype         1   13[BANK0 ] unsigned char 
  data            2   14[BANK0 ] PTR void 
		 -> NULL(0), uart_recv_int_handler@readin(1), i2c_int_handler@error_buf(3), main@msgbuffer(11), 
		 -> main@t1thread_data(2), main@ic(31), 
 Auto vars:     Size  Location     Type
  send_msg        2   20[BANK0 ] PTR struct __msg
		 -> FromMainLow_MQ.queue(52), FromMainHigh_MQ.queue(52), ToMainHigh_MQ.queue(52), ToMainLow_MQ.queue(52), 
		 -> FromMainHigh_MQ(54), FromMainLow_MQ(54), ToMainHigh_MQ(54), ToMainLow_MQ(54), 
  send_msg        2   17[BANK0 ] unsigned int 
  send_msg        1   19[BANK0 ] unsigned char 
 Return value:  Size  Location     Type
                  1    wreg      char 
 Registers used:
		wreg, fsr1l, fsr1h, fsr2l, fsr2h, status,2, status,0, prodl, prodh, cstack
 Tracked objects:
		On entry : 
		On exit  : 
		Unchanged: 
 Data sizes:     COMRAM   BANK0   BANK1   BANK2   BANK3   BANK4   BANK5   BANK6   BANK7   BANK8   BANK9  BANK10  BANK11  BANK12  BANK13  BANK14
      Params:         0       6       0       0       0       0       0       0       0       0       0       0       0       0       0       0
      Locals:         0       5       0       0       0       0       0       0       0       0       0       0       0       0       0       0
      Temps:          0       1       0       0       0       0       0       0       0       0       0       0       0       0       0       0
      Totals:         0      12       0       0       0       0       0       0       0       0       0       0       0       0       0       0
Total ram usage:       12 bytes
 Hardware stack levels used:    1
 Hardware stack levels required when called:    1
 This function calls:
		i2_memcpy
 This function is called by:
		_ToMainHigh_sendmsg
 This function uses a non-reentrant model


 *************** function i2_memcpy *****************
 Defined at:
		line 11 in file "C:\Program Files (x86)\Microchip\xc8\v1.33\sources\common\memcpy.c"
 Parameters:    Size  Location     Type
  d1              2    0[BANK0 ] PTR void 
		 -> main@uc.queue(52), main@ic.queue(52), main@t1thread_data.queue(52), FromMainLow_MQ.queue(52), 
		 -> FromMainHigh_MQ.queue(52), SensorData_MQ.queue(52), ToMainHigh_MQ.queue(52), ToMainLow_MQ.queue(52), 
		 -> NULL(0), FromMainHigh_MQ(54), FromMainLow_MQ(54), SensorData_sendmsg@qptr.queue(52), 
		 -> SensorData_sendmsg@qptr(2), ToMainHigh_MQ(54), ToMainLow_MQ(54), main@msgbuffer(11), 
		 -> main@uc(14), 
  s1              2    2[BANK0 ] PTR const void 
		 -> SensorData_sendmsg@qptr.data(10), SensorData_sendmsg@qptr.queue.data(10), main@t1thread_data.queue.data(10), main@ic.queue.data(10), 
		 -> main@uc.queue.data(10), SensorData_MQ.data(10), SensorData_MQ.queue.data(10), ToMainLow_MQ.data(10), 
		 -> ToMainHigh_MQ.data(10), FromMainLow_MQ.data(10), FromMainHigh_MQ.data(10), ToMainLow_MQ.queue.data(10), 
		 -> ToMainHigh_MQ.queue.data(10), FromMainHigh_MQ.queue.data(10), FromMainLow_MQ.queue.data(10), NULL(0), 
		 -> uart_recv_int_handler@readin(1), i2c_int_handler@error_buf(3), FromMainHigh_MQ(54), FromMainLow_MQ(54), 
		 -> SensorData_MQ(54), SensorData_sendmsg@qptr(2), ToMainHigh_MQ(54), ToMainLow_MQ(54), 
		 -> main@msgbuffer(11), main@t1thread_data(2), main@ic(31), 
  n               2    4[BANK0 ] unsigned int 
 Auto vars:     Size  Location     Type
  memcpy          2    8[BANK0 ] PTR const unsigned char 
		 -> SensorData_sendmsg@qptr.data(10), SensorData_sendmsg@qptr.queue.data(10), main@t1thread_data.queue.data(10), main@ic.queue.data(10), 
		 -> main@uc.queue.data(10), SensorData_MQ.data(10), SensorData_MQ.queue.data(10), ToMainLow_MQ.data(10), 
		 -> ToMainHigh_MQ.data(10), FromMainLow_MQ.data(10), FromMainHigh_MQ.data(10), ToMainLow_MQ.queue.data(10), 
		 -> ToMainHigh_MQ.queue.data(10), FromMainHigh_MQ.queue.data(10), FromMainLow_MQ.queue.data(10), NULL(0), 
		 -> uart_recv_int_handler@readin(1), i2c_int_handler@error_buf(3), FromMainHigh_MQ(54), FromMainLow_MQ(54), 
		 -> SensorData_MQ(54), SensorData_sendmsg@qptr(2), ToMainHigh_MQ(54), ToMainLow_MQ(54), 
		 -> main@msgbuffer(11), main@t1thread_data(2), main@ic(31), 
  memcpy          2    6[BANK0 ] PTR unsigned char 
		 -> main@uc.queue(52), main@ic.queue(52), main@t1thread_data.queue(52), FromMainLow_MQ.queue(52), 
		 -> FromMainHigh_MQ.queue(52), SensorData_MQ.queue(52), ToMainHigh_MQ.queue(52), ToMainLow_MQ.queue(52), 
		 -> NULL(0), FromMainHigh_MQ(54), FromMainLow_MQ(54), SensorData_sendmsg@qptr.queue(52), 
		 -> SensorData_sendmsg@qptr(2), ToMainHigh_MQ(54), ToMainLow_MQ(54), main@msgbuffer(11), 
		 -> main@uc(14), 
 Return value:  Size  Location     Type
                  2    0[BANK0 ] PTR void 
 Registers used:
		wreg, fsr1l, fsr1h, fsr2l, fsr2h, status,2, status,0
 Tracked objects:
		On entry : 
		On exit  : 
		Unchanged: 
 Data sizes:     COMRAM   BANK0   BANK1   BANK2   BANK3   BANK4   BANK5   BANK6   BANK7   BANK8   BANK9  BANK10  BANK11  BANK12  BANK13  BANK14
      Params:         0       6       0       0       0       0       0       0       0       0       0       0       0       0       0       0
      Locals:         0       4       0       0       0       0       0       0       0       0       0       0       0       0       0       0
      Temps:          0       0       0       0       0       0       0       0       0       0       0       0       0       0       0       0
      Totals:         0      10       0       0       0       0       0       0       0       0       0       0       0       0       0       0
Total ram usage:       10 bytes
 Hardware stack levels used:    1
 This function calls:
		Nothing
 This function is called by:
		i2_send_msg
 This function uses a non-reentrant model


 *************** function _SleepIfOkay *****************
 Defined at:
		line 291 in file "../src/messages.c"
 Parameters:    Size  Location     Type
		None
 Auto vars:     Size  Location     Type
		None
 Return value:  Size  Location     Type
		None               void
 Registers used:
		wreg, fsr2l, fsr2h, status,2, status,0, prodl, prodh, cstack
 Tracked objects:
		On entry : 
		On exit  : 
		Unchanged: 
 Data sizes:     COMRAM   BANK0   BANK1   BANK2   BANK3   BANK4   BANK5   BANK6   BANK7   BANK8   BANK9  BANK10  BANK11  BANK12  BANK13  BANK14
      Params:         0       0       0       0       0       0       0       0       0       0       0       0       0       0       0       0
      Locals:         0       0       0       0       0       0       0       0       0       0       0       0       0       0       0       0
      Temps:          0       0       0       0       0       0       0       0       0       0       0       0       0       0       0       0
      Totals:         0       0       0       0       0       0       0       0       0       0       0       0       0       0       0       0
Total ram usage:        0 bytes
 Hardware stack levels used:    1
 Hardware stack levels required when called:    2
 This function calls:
		_enter_sleep_mode
		i2_check_msg
		i2_in_high_int
		i2_in_low_int
 This function is called by:
		_InterruptHandlerHigh
 This function uses a non-reentrant model


 *************** function i2_in_low_int *****************
 Defined at:
		line 31 in file "../src/interrupts.c"
 Parameters:    Size  Location     Type
		None
 Auto vars:     Size  Location     Type
		None
 Return value:  Size  Location     Type
                  2    2[BANK0 ] int 
 Registers used:
		wreg, status,2, status,0, cstack
 Tracked objects:
		On entry : 
		On exit  : 
		Unchanged: 
 Data sizes:     COMRAM   BANK0   BANK1   BANK2   BANK3   BANK4   BANK5   BANK6   BANK7   BANK8   BANK9  BANK10  BANK11  BANK12  BANK13  BANK14
      Params:         0       2       0       0       0       0       0       0       0       0       0       0       0       0       0       0
      Locals:         0       0       0       0       0       0       0       0       0       0       0       0       0       0       0       0
      Temps:          0       0       0       0       0       0       0       0       0       0       0       0       0       0       0       0
      Totals:         0       2       0       0       0       0       0       0       0       0       0       0       0       0       0       0
Total ram usage:        2 bytes
 Hardware stack levels used:    1
 Hardware stack levels required when called:    1
 This function calls:
		i2_in_high_int
 This function is called by:
		_SleepIfOkay
 This function uses a non-reentrant model


 *************** function i2_in_high_int *****************
 Defined at:
		line 23 in file "../src/interrupts.c"
 Parameters:    Size  Location     Type
		None
 Auto vars:     Size  Location     Type
		None
 Return value:  Size  Location     Type
                  2    0[BANK0 ] int 
 Registers used:
		wreg, status,2
 Tracked objects:
		On entry : 
		On exit  : 
		Unchanged: 
 Data sizes:     COMRAM   BANK0   BANK1   BANK2   BANK3   BANK4   BANK5   BANK6   BANK7   BANK8   BANK9  BANK10  BANK11  BANK12  BANK13  BANK14
      Params:         0       2       0       0       0       0       0       0       0       0       0       0       0       0       0       0
      Locals:         0       0       0       0       0       0       0       0       0       0       0       0       0       0       0       0
      Temps:          0       0       0       0       0       0       0       0       0       0       0       0       0       0       0       0
      Totals:         0       2       0       0       0       0       0       0       0       0       0       0       0       0       0       0
Total ram usage:        2 bytes
 Hardware stack levels used:    1
 This function calls:
		Nothing
 This function is called by:
		_SleepIfOkay
		i2_in_low_int
 This function uses a non-reentrant model


 *************** function i2_check_msg *****************
 Defined at:
		line 285 in file "../src/messages.c"
 Parameters:    Size  Location     Type
  qptr            2    0[BANK0 ] PTR struct __msg_queue
		 -> ToMainHigh_MQ(54), ToMainLow_MQ(54), 
 Auto vars:     Size  Location     Type
		None
 Return value:  Size  Location     Type
                  1    wreg      unsigned char 
 Registers used:
		wreg, fsr2l, fsr2h, status,2, status,0, prodl, prodh
 Tracked objects:
		On entry : 
		On exit  : 
		Unchanged: 
 Data sizes:     COMRAM   BANK0   BANK1   BANK2   BANK3   BANK4   BANK5   BANK6   BANK7   BANK8   BANK9  BANK10  BANK11  BANK12  BANK13  BANK14
      Params:         0       2       0       0       0       0       0       0       0       0       0       0       0       0       0       0
      Locals:         0       0       0       0       0       0       0       0       0       0       0       0       0       0       0       0
      Temps:          0       1       0       0       0       0       0       0       0       0       0       0       0       0       0       0
      Totals:         0       3       0       0       0       0       0       0       0       0       0       0       0       0       0       0
Total ram usage:        3 bytes
 Hardware stack levels used:    1
 This function calls:
		Nothing
 This function is called by:
		_SleepIfOkay
 This function uses a non-reentrant model


 *************** function _enter_sleep_mode *****************
 Defined at:
		line 267 in file "../src/messages.c"
 Parameters:    Size  Location     Type
		None
 Auto vars:     Size  Location     Type
		None
 Return value:  Size  Location     Type
		None               void
 Registers used:
		None
 Tracked objects:
		On entry : 
		On exit  : 
		Unchanged: 
 Data sizes:     COMRAM   BANK0   BANK1   BANK2   BANK3   BANK4   BANK5   BANK6   BANK7   BANK8   BANK9  BANK10  BANK11  BANK12  BANK13  BANK14
      Params:         0       0       0       0       0       0       0       0       0       0       0       0       0       0       0       0
      Locals:         0       0       0       0       0       0       0       0       0       0       0       0       0       0       0       0
      Temps:          0       0       0       0       0       0       0       0       0       0       0       0       0       0       0       0
      Totals:         0       0       0       0       0       0       0       0       0       0       0       0       0       0       0       0
Total ram usage:        0 bytes
 Hardware stack levels used:    1
 This function calls:
		Nothing
 This function is called by:
		_SleepIfOkay
 This function uses a non-reentrant model



MODULE INFORMATION

Module		Function		Class		Link	Load	Size
../src/ADC.c
		_ADC_Init      		CODE           	174C	0000	42

../src/ADC.c estimated size: 42

C:\Program Files (x86)\Microchip\xc8\v1.33\sources\common\memcpy.c
		_memcpy        		CODE           	133E	0000	80

C:\Program Files (x86)\Microchip\xc8\v1.33\sources\common\memcpy.c estimated size: 80

../src/timer0_thread.c
		_timer0_lthread		CODE           	1868	0000	18

../src/timer0_thread.c estimated size: 18

C:\Program Files (x86)\Microchip\xc8\v1.33\sources\common\lwmod.c
		___lwmod       		CODE           	1220	0000	96

C:\Program Files (x86)\Microchip\xc8\v1.33\sources\common\lwmod.c estimated size: 96

../src/user_interrupts.c
		_timer0_int_han		CODE           	18B0	0000	18
		_timer1_int_han		CODE           	17EC	0000	38

../src/user_interrupts.c estimated size: 56

C:\Program Files (x86)\Microchip\xc8\v1.33\sources\pic18\plib\Timers\t1write.c
		_WriteTimer1   		CODE           	188C	0000	18

C:\Program Files (x86)\Microchip\xc8\v1.33\sources\pic18\plib\Timers\t1write.c estimated size: 18

C:\Program Files (x86)\Microchip\xc8\v1.33\sources\pic18\d1ktcyx.c
		_Delay1KTCYx   		CODE           	1854	0000	20

C:\Program Files (x86)\Microchip\xc8\v1.33\sources\pic18\d1ktcyx.c estimated size: 20

../src/my_i2c.c
		_start_i2c_slav		CODE           	09DC	0000	260
		_handle_start  		CODE           	0D8A	0000	202
		_i2c_configure_		CODE           	1776	0000	40
		_init_i2c      		CODE           	10F4	0000	102
		_i2c_int_handle		CODE           	00C4	0000	1388

../src/my_i2c.c estimated size: 1992

C:\Program Files (x86)\Microchip\xc8\v1.33\sources\pic18\plib\Timers\t1open.c
		_OpenTimer1    		CODE           	1520	0000	60

C:\Program Files (x86)\Microchip\xc8\v1.33\sources\pic18\plib\Timers\t1open.c estimated size: 60

C:\Program Files (x86)\Microchip\xc8\v1.33\sources\pic18\plib\USART\u1open.c
		_Open1USART    		CODE           	1018	0000	112

C:\Program Files (x86)\Microchip\xc8\v1.33\sources\pic18\plib\USART\u1open.c estimated size: 112

../src/timer1_thread.c
		_timer1_lthread		CODE           	12E0	0000	94
		_init_timer1_lt		CODE           	187A	0000	18

../src/timer1_thread.c estimated size: 112

../src/interrupts.c
		_enable_interru		CODE           	18F4	0000	8
		_in_low_int    		CODE           	1468	0000	62
		_in_main       		CODE           	14E4	0000	60
		_in_high_int   		CODE           	18D4	0000	16
		_InterruptHandl		CODE           	0018	0000	168
		_InterruptHandl		CODE           	0008	0000	4112

../src/interrupts.c estimated size: 4426

shared
		i1_send_msg    		CODE           	0E54	0000	170
		i2_send_msg    		CODE           	0BCC	0000	236
		i2_in_high_int 		CODE           	18E4	0000	16
		i1_recv_msg    		CODE           	0CB8	0000	210
		__initializatio		CODE           	1664	0000	38
		i2_in_low_int  		CODE           	14A6	0000	62
		i1_memcpy      		CODE           	1428	0000	64
		i2_memcpy      		CODE           	138E	0000	80
		i2_check_msg   		CODE           	1632	0000	50

shared estimated size: 926

../src/messages.c
		_ToMainHigh_sen		CODE           	171E	0000	46
		_ToMainHigh_rec		CODE           	15CA	0000	54
		_block_on_To_ms		CODE           	11BE	0000	98
		_check_msg     		CODE           	1600	0000	50
		_FromMainLow_se		CODE           	1694	0000	46
		_ToMainLow_send		CODE           	1812	0000	36
		_ToMainLow_recv		CODE           	1594	0000	54
		_FromMainLow_re		CODE           	179E	0000	40
		_FromMainHigh_s		CODE           	16C2	0000	46
		_enter_sleep_mo		CODE           	18FC	0000	6
		_send_msg      		CODE           	0AE0	0000	236
		_init_queue    		CODE           	115A	0000	100
		_init_queues   		CODE           	1088	0000	108
		_recv_msg      		CODE           	08BE	0000	286
		_SleepIfOkay   		CODE           	1280	0000	96

../src/messages.c estimated size: 1302

C:\Program Files (x86)\Microchip\xc8\v1.33\sources\pic18\plib\Timers\t0write.c
		_WriteTimer0   		CODE           	18C2	0000	18

C:\Program Files (x86)\Microchip\xc8\v1.33\sources\pic18\plib\Timers\t0write.c estimated size: 18

C:\Program Files (x86)\Microchip\xc8\v1.33\sources\pic18\plib\Timers\t0open.c
		_OpenTimer0    		CODE           	17C6	0000	38

C:\Program Files (x86)\Microchip\xc8\v1.33\sources\pic18\plib\Timers\t0open.c estimated size: 38

../src/my_uart.c
		_uart_trans_int		CODE           	0EFE	0000	156
		_init_uart_recv		CODE           	16F0	0000	46
		_uart_recv_int_		CODE           	155C	0000	56
		_uart_send     		CODE           	13DE	0000	74

../src/my_uart.c estimated size: 332

C:\Program Files (x86)\Microchip\xc8\v1.33\sources\pic18\plib\Timers\t1read.c
		_ReadTimer1    		CODE           	189E	0000	18

C:\Program Files (x86)\Microchip\xc8\v1.33\sources\pic18\plib\Timers\t1read.c estimated size: 18

C:\Program Files (x86)\Microchip\xc8\v1.33\sources\pic18\plib\USART\u1read.c
		_Read1USART    		CODE           	1836	0000	30

C:\Program Files (x86)\Microchip\xc8\v1.33\sources\pic18\plib\USART\u1read.c estimated size: 30

../src/main.c
		_main          		CODE           	0630	0000	654

../src/main.c estimated size: 654

